**assistant**:
> Below are selected log entries of past conversations, as part of an experimental AI memory system. T
**user**:
> I have some R code that uses ggplot2. Here is the full script:
> ===
> library(tidyverse)
> library(ggridges)
> library(patchwork)
> library(data.table)
> 
> dist=fread(file="outputs/distribution_v2_Jan2024.csv")
> 
> source("src/data_cleaining_scripts/cleaning_master.R")
> 
> #drop outlier Nordhaus row
> todrop=which(dat$`Central Value ($ per ton CO2)`>70000)
> if(is.finite(todrop)) dist=dist[-which(dist$row==todrop),]
> 
> #add year, discount rate, pub year, and damages information
> dist$year=as.numeric(dat$`SCC Year`[dist$row])
> dist$dr=as.numeric(dat$discountrate[dist$row])
> dist$pubyear=as.numeric(dat$Year[dist$row])
> dist$damages=dat$`Damage Function Info: Model, Commonly-Used Function, or Function`[dist$row]
> dist$damages[which(is.na(dist$damages))]=as.character(dat$`Base IAM (if applicable)`[dist$row[which(is.na(dist$damages))]])
> dist$type=dat$`Empirical Improvement or Sensitvity Analysis?`[dist$row]
> 
> #visualize distributions for 2010-2030, 2030-2070, 2070-2100
> dist$yeargroup=cut(dist$year,breaks=c(2009,2030,2070,2101),labels=c("2010-2030","2031-2070","2071-2100"))
> 
> a1=ggplot(dist%>%filter(complete.cases(dist$yeargroup)&dist$yeargroup=="2010-2030"))+geom_density(aes(group=yeargroup,x=draw),adjust=3,lwd=0.75)
> a1=a1+scale_x_continuous(breaks=seq(0,1200,by=100),minor_breaks=c(-50,seq(0,400,by=25),seq(400,1200,by=50)), limits=c(-100,1100), expand=c(0, 0),position="top")
> a1=a1+theme_bw()
> a1=a1+theme(legend.position =c(0.8,0.8),text=element_text(size=16),strip.background =element_rect(fill="white"),axis.text.y = element_blank(),axis.ticks.y=element_blank(), plot.margin = unit(c(1,1,0,1), "cm"),panel.grid.minor.x = element_line(linewidth = 0.25), panel.grid.major.x = element_line(linewidth = 0.5,color="#959595"), panel.grid.major.y = element_blank(), panel.grid.minor.y = element_blank())
> a1=a1+labs(y="",x="")
> 
> #retain 2010-2030 values as 2020 equivalent SCC
> distplot=dist[which(dist$year%in%c(2010:2030)),]
> 
> #create DR and pub year groups
> distplot$drgroup=cut(distplot$dr,breaks=c(0,2.5,12),na.rm=T,labels=c("<2.5",">=2.5"))
> distplot$pubyeargroup=cut(distplot$pubyear,breaks=c(1999,2008,2016,2022),labels=c("2000-2007","2008-2015","2016-2022"))
> #integrate some missing damage function info from Base IAM column
> #simplify damages
> distplot$damages=as.factor(distplot$damages)
> distplot$damages=fct_collapse(distplot$damages,DICE=levels(distplot$damages)[c(grep("DICE",levels(distplot$damages)),grep("RICE",levels(distplot$damages)))],FUND=levels(distplot$damages)[grep("FUND",levels(distplot$damages))],PAGE=levels(distplot$damages)[grep("PAGE",levels(distplot$damages))])
> distplot$damages=fct_collapse(as.factor(distplot$damages),"DICE"="DICE","FUND"="FUND","PAGE"="PAGE",other_level="Other")
> #add in paper type
> distplot$type=fct_collapse(distplot$type,"Empirical Improvement"=c("Empirical improvement","Empirical Improvement","Empriical Improvement"),"Framework Expansion"="Framework Expansion","Sensitivity Analysis"=c("Sensitivity analysis","Sensitivity Analysis"))
> distplot$type=factor(distplot$type,exclude="Other")
> 
> #plot the quantiles of the distributions
> relprobs=c(0.025,0.05,0.25,0.5,0.75,0.95,0.975)
> 
> truncmean=function(data,trim=0.001){
>   highquant=quantile(data,1-trim)
>   lowquant=quantile(data,trim)
>   return(mean(data[which(data>lowquant&data<highquant)]))
> }
> pfuns=c(map(relprobs,~partial(quantile,probs=.x,na.rm=T)), truncmean)
> 
> summarytot=distplot%>%
>   summarize_at(vars(draw),funs(!!!pfuns))
> colnames(summarytot)=c("lowest","min","lower","middle","upper","max","highest", "mu")
> summarytot=cbind(data.frame(group="Full Distribution"),summarytot)
> 
> summarydist_dr=distplot%>%
>   drop_na(drgroup)%>%
>   group_by(drgroup)%>%
>   summarize_at(vars(draw),funs(!!!pfuns))
> colnames(summarydist_dr)=c("group","lowest","min","lower","middle","upper","max","highest", "mu")
> #summarydist_dr$y=c(-0.01-0.0035*c(0:1),NA)
> 
> summarydist_pubyear=distplot%>%
>   drop_na(pubyeargroup)%>%
>   group_by(pubyeargroup)%>%
>   summarize_at(vars(draw),funs(!!!pfuns))
> colnames(summarydist_pubyear)=c("group","lowest","min","lower","middle","upper","max","highest", "mu")
> #summarydist_pubyear$y=c(-0.02-0.0035*c(0:2),NA)
> 
> summarydist_dam=distplot%>%
>   group_by(damages)%>%
>   summarize_at(vars(draw),funs(!!!pfuns))
> colnames(summarydist_dam)=c("group","lowest","min","lower","middle","upper","max","highest", "mu")
> summarydist_dam=summarydist_dam[-which(is.na(summarydist_dam)),]
> 
> summarydist_type=distplot%>%
>   group_by(type)%>%
>   summarize_at(vars(draw),funs(!!!pfuns))
> colnames(summarydist_type)=c("group","lowest","min","lower","middle","upper","max","highest", "mu")
> summarydist_type=summarydist_type[-which(is.na(summarydist_type)),]
> 
> #get variation by model structure and reference distribution
> dat$'Earth System'=as.character(ifelse(dat$`Carbon Cycle`%in%c("1.0",1),1.0,ifelse(dat$`Climate Model`%in%c("1.0",1),1.0,0)))
> 
> struc=dat%>%
>   select("Earth System","Tipping Points":"Learning")%>%
>   replace(is.na(.),0)
> 
> diststruc=cbind(dist,struc[dist$row,])
> 
> diststruc=diststruc%>%dplyr::rename("Tipping Points: Climate"="Tipping Points","Tipping Points: Damages"="Tipping Points2","Limited Substitutability"="Limitedly-Substitutable Goods","Distributional Weights"="Inequality Aversion")
> 
> diststruc=diststruc%>%
>   pivot_longer(cols="Earth System":"Learning",names_to="StructuralChange",values_to="Presence")
> 
> diststruc$Presence=fct_collapse(diststruc$Presence,No=c("-1.0","0","-1"),Yes=c("1.0","Calibrated",1))
> 
> diststrucdensities=diststruc%>%
>   group_by(StructuralChange)%>%
>   filter(year%in%c(2010:2030)&Presence=="Yes")%>%
>   summarize_at(vars(draw),funs(!!!pfuns))
> colnames(diststrucdensities)=c("group","lowest","min","lower","middle","upper","max","highest", "mu")
> 
> #find rows with no structural changes at all for "reference" density
> reference=which(apply(struc,MARGIN=1,FUN=function(x) sum(x=="0"))==9)
> referencedensity=diststruc%>%
>   filter(year%in%c(2010:2030)&row%in%reference)%>%
>   summarize_at(vars(draw),funs(!!!pfuns))
> colnames(referencedensity)=c("lowest","min","lower","middle","upper","max","highest", "mu")
> referencedensity=cbind(data.frame(group="Reference"),referencedensity)
> 
> densities=rbind(summarytot,referencedensity,diststrucdensities,summarydist_dr,summarydist_pubyear,summarydist_dam,summarydist_type)
> densities$group=factor(densities$group, levels=rev(c("Full Distribution","Reference","Earth System","Tipping Points: Climate","Tipping Points: Damages","Limited Substitutability","Persistent / Growth Damages","Distributional Weights","Epstein-Zin","Learning","Ambiguity/Model Uncertainty","<2.5",">=2.5","2000-2007","2008-2015","2016-2022","DICE","FUND","PAGE","Other","Empirical Improvement","Framework Expansion","Sensitivity Analysis")))
> ymin=-100;ymax=1100
> densities=densities%>%mutate(across(lowest:mu, function(x) ifelse(x<ymin,ymin,ifelse(x>ymax,ymax,x))))
> 
> #number of papers and number of observations for each structural change
> diststruc$paper=dat$ID_number[diststruc$row]
> papers=diststruc%>%
>   group_by(StructuralChange)%>%
>   filter(Presence=="Yes"&year%in%c(2010:2030))%>%
>   dplyr::summarise(npapers=length(unique(paper)),n=length(unique(row)))
> colnames(papers)[1]=c("group")
> 
> distplot$paper=dat$ID_number[distplot$row]
> 
> papers_dr=distplot%>%
>   group_by(drgroup)%>%
>   dplyr::summarize(npapers=length(unique(paper)),n=length(unique(row)))
> colnames(papers_dr)[1]=c("group")
> 
> papers_pubyear=distplot%>%
>   group_by(pubyeargroup)%>%
>   dplyr::summarize(npapers=length(unique(paper)),n=length(unique(row)))
> colnames(papers_pubyear)[1]=c("group")
> 
> papers_damagegroup=distplot%>%
>   group_by(damages)%>%
>   dplyr::summarize(npapers=length(unique(paper)),n=length(unique(row)))
> colnames(papers_damagegroup)[1]=c("group")
> 
> papers_type=distplot%>%
>   group_by(type)%>%
>   dplyr::summarize(npapers=length(unique(paper)),n=length(unique(row)))
> colnames(papers_type)[1]=c("group")
> 
> papers_ref=data.frame(group="Reference",npapers=length(unique(distplot$paper[which(distplot$row%in%reference)])),n=length(unique(distplot$row[which(distplot$row%in%reference)])))
> 
> paperstot=data.frame(group="Full Distribution",npapers=length(unique(distplot$paper)),n=length(unique(distplot$row)))
> 
> papersfull=rbind(paperstot,papers_ref,papers, papers_dr[1:2,],papers_pubyear,papers_damagegroup[1:4,],papers_type[1:3,])
> 
> #Figure 1b
> 
> a=ggplot(densities)+coord_flip()+theme_bw()
> a=a+geom_boxplot(aes(x=group,min=min,lower=lower,middle=middle,upper=upper,max=max,col=group),inherit.aes=FALSE,stat="identity")
> a=a+scale_y_continuous(breaks=seq(0,1200,by=100),minor_breaks=c(-50,seq(0,400,by=25),seq(400,1200,by=50)), limits=c(-100,1100), expand=c(0, 0))
> a=a+geom_segment(aes(x=group,xend=group,y=lowest,yend=min,col=group),lty=2)+geom_segment(aes(x=group,xend=group,y=max,yend=highest,col=group),lty=2)
> a=a+geom_point(aes(x=group,y=mu,col=group))
> a=a+annotate("text",x=c(18,11.5,9,5,2),y=950,label=c("Model\nStructure","Discount\nRate","Publication\nYear","Damages","Paper\nType"))
> a=a+geom_vline(xintercept=c(22.5,12.5,10.5,7.5,3.5))
> a=a+scale_color_manual(values=c("Full Distribution"="black","<2.5"="#253494", ">=2.5"="#41b6c4","2000-2007"="#fbb4b9","2008-2015"="coral3","2016-2022"="#7a0177","DICE"='#fed976',"FUND"='#fd8d3c',"PAGE"='#f03b20',"Other"='#bd0026',"Reference"="grey50","Earth System"="#00B7A7","Tipping Points: Climate"="#554258","Tipping Points: Damages"="#943D67","Limited Substitutability"="#C97B72","Persistent / Growth Damages"="#FFCD12","Inequality Aversion"="#3F9127","Epstein-Zin"="#0A5755","Learning"="#39245D","Ambiguity/Model Uncertainty"="#A40000","Empirical Improvement"="#c2e699","Sensitivity Analysis"="#31a354","Framework Expansion"="#006837"))
> a=a+theme(legend.position = "none",text=element_text(size=16),strip.background =element_rect(fill="white"),plot.margin = unit(c(0,1,1,1), "cm"),axis.ticks = element_blank(),panel.grid.minor.x = element_line(linewidth = 0.25), panel.grid.major.x = element_line(linewidth = 0.5,color="#959595"), panel.grid.major.y = element_blank(), panel.grid.minor.y = element_blank())
> a=a+labs(x="",y="2020 SCC ($ per ton CO2)")
> a=a+geom_text(data=papersfull,aes(label=paste0("n=",npapers," (",n,")"),x=group,col=group),y=700,position=position_nudge(x=0.25))
> 
> pdf(file="figures/figure1.pdf",width=11,height=11)
> a1+plot_spacer()+a+plot_layout(nrow=3,heights=c(1,-0.22,5))+ plot_annotation(theme = theme(plot.margin = margin()))
> dev.off()
> ===
> 
> The a1, a, and other entries all work on their own, but the last lines produce an error:
> `a1+plot_spacer()+a+plot_layout(nrow=3,heights=c(1,-0.22,5))+ plot_annotation(theme = theme(plot.margin = margin()))` 
> gives the error
> ``` Error in Ops.data.frame(guide_loc, panel_loc) : ‘==’ only defined for equally-sized data frames ```
> 
> How can I fix this?
**assistant**:
> The error you're encountering seems to be arising from trying to combine plots using `patchwork` and an issue with dimensions probably due to the negative value you've specified for plot heights in `plot_layout()`. `patchwork` requires positive numeric height values for its layout specifications.
> 
> Here's how you can resolve the issue:
> 
> 1. **Replace the Negative Height Value**: In the `plot_layout()` call, replace the negative value with a small positive one. For example, `heights = c(1, 0.1, 5)`.
> 
> 2. **Check ggplot Objects**: Make sure that `a1`, `a`, and `plot_spacer()` are all valid `ggplot` or `patchwork` objects. The `plot_spacer()` function should produce an empty plot ready to be incorporated.
> 
> Here's an updated line:
> 
> ```r
> a1 + plot_spacer() + a + plot_layout(nrow = 3, heights = c(1, 0.1, 5)) + plot_annotation(theme = theme(plot.margin = margin()))
> ```
> 
> This change sets a small positive height for the spacer, allowing the layout to proceed without errors. Try running the script again with this modification to see if the error is resolved.
**user**:
> That didn't change the error. Even `a1 + a` produces the error, so it's some sort of incompatibility between these, even though a1 and a plot fine on their own.
**assistant**:
> Thanks for the clarification. Since `a1` and `a` work individually but not together, the issue likely lies in how the two plots are structured in terms of their data and aesthetics. Here are several steps to troubleshoot and potentially fix the problem:
> 
> ### 1. Check for Common Aesthetic Mappings
> Ensure that `a1` and `a` share compatible aesthetic mappings. If they use different datasets or themes, it could cause conflicts when combined.
> 
> ### 2. Inspect the Data
> Confirm that the data used in `a1` and `a` are set up properly and are not empty or mismatched. You can use the following checks:
> 
> ```r
> print(str(a1$data))  # Inspect the data in a1
> print(str(a$data))   # Inspect the data in a
> ```
> 
> ### 3. Explicitly Set Themes
> Since both plots use `theme_bw()`, it's wise to ensure that they inherit compatible themes. You might try explicitly defining them in a uniform way just before combining:
> 
> ```r
> a1 <- a1 + theme_bw()
> a <- a + theme_bw()
> ```
> 
> ### 4. Use `plot_layout()` with a Different Approach
> Instead of combining `a1` and `a` directly, check how you add them to `patchwork`. You might consider grouping them into a `list`:
> 
> ```r
> combined_plot <- (a1 + plot_spacer() + a) + plot_layout(nrow = 3, heights = c(1, 0.1, 5)) + plot_annotation(theme = theme(plot.margin = margin()))
> ```
> 
> ### 5. Debug Step-by-Step
> If the above still leads to an error, break it down further:
> 
> - Start by combining just `a1` and `a` without layout changes:
> 
> ```r
> combined_test <- a1 + a
> print(combined_test)
> ```
> 
> If that works, slowly add `plot_spacer()` and layout options again.
> 
> ### 6. Session Consistency
> Lastly, clear your R session or restart R if you've been running multiple scripts or plots. Sometimes, leftover objects can cause unexpected behavior.
> 
> ### Example Fix
> Here's how to wrap this into your existing code:
> 
> ```r
> # Ensure both plots use the same base theme
> a1 <- a1 + theme_bw()
> a <- a + theme_bw()
> 
> # Check and adjust compatibility of data
> print(str(a1$data))
> print(str(a$data))
> 
> # Try combining again
> combined_plot <- (a1 + plot_spacer() + a) + 
>                  plot_layout(nrow = 3, heights = c(1, 0.1, 5)) +
>                  plot_annotation(theme = theme(plot.margin = margin()))
> 
> # Print combined plot to see if it works
> print(combined_plot)
> ```
> 
> Execute these modifications step-by-step to identify where the incompatibility arises. Let me know how it goes!
**user**:
> After I add the theme_bw, here's what I see for the prints of the data:
> ```
> > print(str(a1$data))
> Classes ‘data.table’ and 'data.frame':	4919049 obs. of  8 variables:
>  $ draw     : num  13.5 35.1 110.6 31 53 ...
>  $ row      : int  1816 1341 1784 1304 619 1365 790 1821 1257 1750 ...
>  $ year     : num  2015 2015 2030 2015 2012 ...
>  $ dr       : num  5.09 5.21 3.5 NA 5 ...
>  $ pubyear  : num  2010 2014 2008 2015 2013 ...
>  $ damages  : chr  "RICE2010" "DICE2010" "PAGE2002" "AnalyticIAM" ...
>  $ type     : chr  "Sensitivity analysis" "Empirical Improvement" "Sensitivity analysis" "Other" ...
>  $ yeargroup: Factor w/ 3 levels "2010-2030","2031-2070",..: 1 1 1 1 1 1 1 1 1 1 ...
>  - attr(*, ".internal.selfref")=<externalptr> 
> NULL
> > print(str(a$data))
> 'data.frame':	23 obs. of  9 variables:
>  $ group  : Factor w/ 23 levels "Sensitivity Analysis",..: 23 22 13 16 21 15 14 18 17 20 ...
>  $ lowest : Named num  0 -2.262 11.827 -0.658 7.093 ...
>   ..- attr(*, "names")= chr [1:23] NA NA "2.5%" "2.5%" ...
>  $ min    : Named num  3.162 0.231 12.685 1.228 13.513 ...
>   ..- attr(*, "names")= chr [1:23] NA NA "5%" "5%" ...
>  $ lower  : Named num  17.7 14 21.2 36.9 26.2 ...
>   ..- attr(*, "names")= chr [1:23] NA NA "25%" "25%" ...
>  $ middle : Named num  39 32.4 27.3 44.9 60.9 ...
>   ..- attr(*, "names")= chr [1:23] NA NA "50%" "50%" ...
>  $ upper  : Named num  95 61.4 81.7 109.9 145.7 ...
>   ..- attr(*, "names")= chr [1:23] NA NA "75%" "75%" ...
>  $ max    : Named num  519 246 368 760 1100 ...
>   ..- attr(*, "names")= chr [1:23] NA NA "95%" "95%" ...
>  $ highest: Named num  992 547 368 826 1100 ...
>   ..- attr(*, "names")= chr [1:23] NA NA "97.5%" "97.5%" ...
>  $ mu     : num  132 103.7 61.1 151.8 290.2 ...
> NULL
> ```
**assistant**:
> Thanks for providing the structure of the data from `a1` and `a`. The main issue here appears to be the difference in the datasets used for each plot. Specifically, `a1` is based on a much larger `data.table` (almost 5 million rows), while `a` derives from a smaller `data.frame` (only 23 rows). This disparity can lead to problems when trying to combine them, as `patchwork` expects consistent dimensions across the plots.
> 
> ### Steps to Resolve the Issue
> 
> To address this incompatibility, consider the following steps:
> 
> 1. **Ensure Consistent Data**: Verify that both `a1` and `a` are created from compatible summaries or data processes. If `a` summarizes metrics derived from an analysis of `distplot`, make sure that `distplot` reflects information compatible with the density plots represented in `a1`. 
> 
> 2. **Check and Adjust Data for `a`**:
>    - The data used for `a` (the boxplot) should strategically represent groups from `a1`. If `a` is summarizing characteristics derived from `distplot`, double-check that it's aggregating akin data points.
>    
> 3. **Modify `a` for Consistency**:
>    - If you can group or summarize the `data.table` in `a1` to mimic the structure of `a`, that would create a more equitable plotting framework. Here's a simple test to see if it works with the aggregated data:
> 
> ### Example Code to Aggregate Data for `a`
> 
> You can create compatibility by summarizing `a1`'s data similar to how `a` is summarized:
> 
> ```r
> # Create a compatible summary for a1
> a1_summary <- a1$data %>%
>   group_by(yeargroup) %>%  # Adjust grouping based on your needs
>   summarise(median_draw = median(draw, na.rm = TRUE), 
>             lower = quantile(draw, 0.25, na.rm = TRUE),
>             upper = quantile(draw, 0.75, na.rm = TRUE))
> 
> # Prepare a new plot for compatibility
> a1_compatible <- ggplot(a1_summary, aes(x = yeargroup)) +
>   geom_point(aes(y = median_draw)) +
>   geom_errorbar(aes(ymin = lower, ymax = upper), width = 0.2) +
>   theme_bw() +
>   labs(y = "2020 SCC ($ per ton CO2)")
> 
> # Combine the newly created a1 compatible plot with a
> combined_plot <- (a1_compatible + plot_spacer() + a) + 
>                  plot_layout(nrow = 3, heights = c(1, 0.1, 5)) +
>                  plot_annotation(theme = theme(plot.margin = margin()))
> 
> # Print combined plot to see if it works
> print(combined_plot)
> ```
> 
> ### Additional Checks
> - **Check for NA Values**: Both `a1` and `a` should not contain NA values which can also lead to errors when combining.
> - **Review Grouping Criteria**: Depending on what you want to achieve, adjust the grouping criteria in both plots until they reflect dimensions and structures that can merge seamlessly.
> 
> Run through these modifications, and let me know if it allows you to overcome the error! If the plots still don't work well together, consider adjusting the themes and the overall look to ensure that your visualization intent remains clear.
