**assistant**:
> Below are selected log entries of past conversations, as part of an experimental AI memory system. T
**user**:
> I have a data frame of start and end latitudes and longitudes in R. How can I make a global map of these, showing great circle distance-style (they don't have to be exactly GCD, but I want them to look nice with curvature) curves of all of these lines?
**assistant**:
> Sure, I can help you with creating a global map of origin-destination lines with curvature (similar to great circle routes) in R.
> 
> Assuming you have a data frame, named `df`, with columns: `start_lat`, `start_long`, `end_lat`, `end_long`. 
> 
> ```r
> # example data frame
> df <- tibble::tibble(
>   start_lat = sample(-90:90, 10),
>   start_long = sample(-180:180, 10),
>   end_lat = sample(-90:90, 10),
>   end_long = sample(-180:180, 10)
> )
> ```
> 
> You can create this visual using the `ggplot2`, `sf`, and `geosphere` packages in the following way:
> 
> ```r
> # other necessary packages
> library(sf)
> library(ggplot2)
> library(geosphere)
> 
> # function to facilitate the route creation with interpolation
> add_gc_interpolate <- function(df) {
>   # calculate gcIntermediate
>   inter <- gcIntermediate(cbind(df$start_long, df$start_lat), cbind(df$end_long, df$end_lat), n=50, addStartEnd=TRUE)
>   
>   # convert to a data frame
>   data_df <- do.call("rbind", lapply(inter, function(x) cbind.data.frame(lon = x[, "x"], lat = x[, "y"])))
>   
>   return(data_df)
> }
> 
> # add interpolated points
> df_interpolated <- df %>% group_by(start_lat, start_long, end_lat, end_long) %>% mutate(route_no = cur_group_id()) %>% convey::copy_to_NEW(add_gc_interpolate, .)
> 
> # make ggplot
> ggplot() +
>   borders("world", colour = "gray50", fill = "gray50") +
>   geom_line(data = df_interpolated, aes(x = lon, y = lat, group = route_no), color = "red", size = 1) +
>   coord_map(xlim = c(-180, 180), ylim = c(-90, 90)) +
>   labs(x = "Longitude", y = "Latitude", title = "Global map with lines of start and end points") +
>   theme_bw()
> ```
> 
> In this example:
> 
> - The `gcIntermediate` function calculates great circle pathways between points.
> - The function `add_gc_interpolate` turns these pathways into a dataframe.
> - Adding `n=50` to the `gcIntermediate` arguments adjusts the "granularity" of the interpolated lines, and thus the smoothness of the displayed path. You can adjust to your needs.
> - In the plot, the `coord_map()` function provides the aspect ratio correct map.
> 
> Remember to replace `df` with your own dataframe name if necessary.
**user**:
> Can I use something other than sf here? I'm having trouble installing it on my system.
**assistant**:
> If you prefer not to use the `sf` package, you can still achieve the desired result by directly plotting the interpolated paths without converting them into an `sf` object. Here's how you can modify the code to achieve that:
> 
> ```r
> library(ggplot2)
> library(geosphere)
> 
> # Function to interpolate points along great circle path
> add_gc_interpolate <- function(df) {
>   inter <- gcIntermediate(cbind(df$start_long, df$start_lat), cbind(df$end_long, df$end_lat), n = 100, addStartEnd = TRUE)
>   data_df <- as.data.frame(do.call(rbind, inter))
>   data_df <- cbind(route_no = rep(1:nrow(df), each = nrow(data_df)/nrow(df)), data_df)
>   
>   return(data_df)
> }
> 
> # Add interpolated points to the data frame
> df_interpolated <- df %>%
>   group_by(start_lat, start_long, end_lat, end_long) %>%
>   mutate(route_no = cur_group_id()) %>%
>   do(add_gc_interpolate(.))
> 
> # Create the plot
> ggplot() +
>   borders("world", colour = "gray50", fill = "gray50") +
>   geom_path(data = df_interpolated, aes(x = lon, y = lat, group = route_no), color = "red", size = 1) +
>   coord_map(xlim = c(-180, 180), ylim = c(-90, 90)) +
>   labs(x = "Longitude", y = "Latitude", title = "Global map with lines of start and end points") +
>   theme_bw()
> ```
> 
> In this code snippet, we skip the conversion to an `sf` object and directly use `data.frame` to add the interpolated points. The `geom_path` function then plots these interpolated points as paths on the map.
> 
> Feel free to adjust the `n` parameter in `gcIntermediate` to control the granularity of the interpolated paths as needed.
**user**:
> When I do this code:
> ```
> df_interpolated <- df %>%
>   group_by(start_lat, start_long, end_lat, end_long) %>%
>   mutate(route_no = cur_group_id()) %>%
>   do(add_gc_interpolate(.))
> ```
> I get the error: Error in do.call(rbind, inter) : second argument must be a list
> 
> The columns do exist in my data.
**assistant**:
> It seems like the issue might be related to how the `add_gc_interpolate` function is adding the route numbers and creating the data frame. Let's modify the function to directly return a list of data frames, which should resolve the error. Here's the updated code snippet:
> 
> ```r
> # Updated function to interpolate points along great circle path
> add_gc_interpolate <- function(df) {
>   inter <- gcIntermediate(cbind(df$start_long, df$start_lat), cbind(df$end_long, df$end_lat), n = 100, addStartEnd = TRUE)
>   
>   data_frames <- lapply(inter, function(x) as.data.frame(x))
>   route_nos <- rep(1:nrow(df), each = nrow(data_frames[[1]]))
>   
>   for (i in 1:length(data_frames)) {
>     data_frames[[i]]$route_no <- route_nos[i]
>   }
>   
>   return(data_frames)
> }
> 
> # Apply the function to each group in the data frame
> df_interpolated <- df %>%
>   group_by(start_lat, start_long, end_lat, end_long) %>%
>   do(data.frame(do(add_gc_interpolate(.)))) %>%
>   unnest()
> 
> # Create the plot as before
> ggplot() +
>   borders("world", colour = "gray50", fill = "gray50") +
>   geom_path(data = df_interpolated, aes(x = x[1, ], y = x[2, ], group = route_no), color = "red", size = 1) +
>   coord_map(xlim = c(-180, 180), ylim = c(-90, 90)) +
>   labs(x = "Longitude", y = "Latitude", title = "Global map with lines of start and end points") +
>   theme_bw()
> ```
> 
> By returning a list of data frames and then unnesting them after applying the function, we ensure that the structure of the data remains consistent and can be successfully plotted. Let me know if you encounter any more issues or need further assistance.
