**assistant**:
> Below are selected log entries of past conversations, as part of an experimental AI memory system. T
**user**:
> How do I write the response formula to fit an HMM with the depmix function?
**assistant**:
> To fit a Hidden Markov Model (HMM) with depmix function in R, you could use the "depmixS4" package. Ordinarily, this involves setting up the initial model, then calling the `depmix` method to estimate the parameters. The response variables, or emissions, can be defined in different ways depending upon the distribution of your data. 
> 
> Here is a simple example of how you might go about defining the response formulae for a Gaussian emission (assuming 'y' is a response variable and 'x' is a state dependent variable).
> 
> 1. First load the necessary library:
> 
> ```R
> library(depmixS4)
> ```
>   
> 2. Then, create your response data. Here we just build arbitrary data:
> 
> ```R
> y <- rnorm(100)  # Response variable
> x <- rep(1:2, each=50)  # State dependent variable
> data <- data.frame(y, x)
> ```
> 
> 3. Now, we specify the model, assuming a two-state model:
> 
> ```R
> mod <- depmix(y ~ 1, data=data, nstates=2, family=gaussian())
> ```
> Here, `nstates=2` indicates a two-state model and `family=gaussian()` specifies a Gaussian emission distribution. `y ~ 1` is the response formula indicating that `y` is the response variable. 
> 
> 4. Fit the model:
> 
> ```R
> fit <- fit(mod)
> ```
>   
> 5. Print the summary:
> 
> ```R
> summary(fit)
> ```
> The general form of the formula can be modified to suit the specifics of your data and model; additional predictors may be added or excluded depending on your specific problem requirements. Additionally, 'family' can be changed based on the distribution of your response variables, some other examples could be multinomial, Poisson, etc.
> 
> Please ensure your data meets the assumptions made by the Hidden Markov Model and any specific requirements of the emission distributions you choose to use.
**user**:
> What do I do if I have several response variables, all informed by the same state?
**assistant**:
> If you have several response variables that are all informed by the same underlying state in a Hidden Markov Model (HMM) using the `depmixS4` package in R, you can specify the model formula to account for these multiple response variables. Each response variable should be included in the formula, with an indication that they are all informed by the same state variable.
> 
> Here's an example assuming you have two response variables, 'y1' and 'y2', both informed by the same state variable 'x':
> 
> 1. First, set up your data frame with the response variables and state variable:
> 
> ```R
> y1 <- rnorm(100)  # First response variable
> y2 <- rnorm(100)  # Second response variable
> x <- rep(1:2, each=50)  # State variable
> 
> data <- data.frame(y1, y2, x)
> ```
> 
> 2. Specify the model formula and create the depmix model:
> 
> ```R
> mod <- depmix(list(y1, y2) ~ 1, data=data, nstates=2, family=gaussian())
> ```
> 
> In the formula `list(y1, y2) ~ 1`, `list(y1, y2)` indicates that both 'y1' and 'y2' are response variables, and `~ 1` indicates that they are informed by the same state variable. You can include more response variables in the list if needed.
> 
> 3. Fit the model:
> 
> ```R
> fit <- fit(mod)
> ```
> 
> 4. Print the summary:
> 
> ```R
> summary(fit)
> ```
> 
> This setup allows you to model multiple response variables that are all informed by the same hidden state variable in the Hidden Markov Model. Remember to adjust the family distribution and any other parameters according to the nature of your data and research question.
**user**:
> Does depmix allow NAs in the columns?
**assistant**:
> The `depmixS4` package in R does not handle missing values (NAs) in the columns of the response variables directly. If your data contains missing values, it is generally recommended to preprocess the data to handle the NAs before fitting the model.
> 
> Here are a few common approaches to handling missing values in your data before fitting a Hidden Markov Model using `depmixS4`:
> 
> 1. **Removing rows with NAs**: One simple approach is to remove any rows with missing values in any of the columns that you plan to use in your model.
> 
> 2. **Imputation**: Another option is to impute the missing values with a reasonable estimate. Common imputation methods include mean imputation, median imputation, regression imputation, or using advanced imputation techniques such as Multiple Imputation.
> 
> 3. **Using `na.action` in the `depmix` function**: You can also specify how you want the model to handle NAs in the formula by adding `na.action = na.pass` to the `depmix` function. This tells the model to treat NAs as missing values and accommodate them in the model estimation.
> 
> Here is an example of how you could use `na.action = na.pass` in the `depmix` function:
> 
> ```R
> mod <- depmix(y ~ 1, data=data, nstates=2, family=gaussian(), na.action = na.pass)
> ```
> 
> By incorporating one of these approaches, you can handle missing values in your data before fitting a Hidden Markov Model using the `depmixS4` package in R.
**user**:
> I've filled in my NAs, but I keep getting the error "Error in fb(...): NA/NaN/Inf in foreign function call". This happens with either more than 2 states or 2 states but multiple columns.
**assistant**:
> The error "Error in fb(...): NA/NaN/Inf in foreign function call" in the `depmixS4` package typically arises when there are NAs, NaNs, or Infs present in the data or when the model encounters numerical instability due to the complexity of the model.
> 
> Given that you have already filled in the NAs in your data, and the issue persists when using more than two states or multiple columns, here are a few suggestions to address the error:
> 
> 1. **Check for NAs**: Double-check that there are no NAs, NaNs, or Infs present in your data after filling in the missing values. Make sure that all your data is numeric and complete.
> 
> 2. **Scale and Center the Data**: Rescale and center your numeric data to have zero mean and unit variance. This can help stabilize the estimation process, especially with data of varying scales.
> 
> 3. **Reduce Model Complexity**: Complex models with multiple states or multiple response variables can be more sensitive to numerical issues. Try simplifying your model by reducing the number of states or response variables to see if the error persists.
> 
> 4. **Parameter Initialization**: Providing good initial values for the model parameters can sometimes help with convergence issues. You can try providing initial values for the model parameters based on prior knowledge or through data exploration.
> 
> 5. **Inspect Model Output**: Check the model output and diagnostics for any unusual patterns that could indicate issues with the model convergence or stability.
> 
> 6. **Try Different Initialization Methods**: Experiment with different initialization methods for the model parameters, as the default values might not be suitable for your data. You can specify initialization methods when creating the depmix model.
> 
> If the issue persists after trying these steps, it might be beneficial to simplify the model or explore alternative modeling approaches that could better handle the complexity of your data. If you can provide more specific details about your data and model setup, I can offer more targeted assistance.
