**assistant**:
> Below are selected log entries of past conversations, as part of an experimental AI memory system. T
**user**:
> I'm geting an error from some code I haven't run in a while:
> ```
>     require(rgdal)
>     require(raster)
> x <- new("GDALReadOnlyDataset", "~/research/coffee/tools/data/sources/acc_50k/w001001.adf")
> Error in .local(.Object, ...) : 
> ```
> But the file is there, so I'm not sure what the error means.
**assistant**:
> It looks like you're trying to read a GDAL-readable dataset using the `rgdal` package in R. The error you're encountering indicates that something might be going wrong at the initial setup of the GDAL dataset from the given file path.
> 
> Here is a more detailed way to debug and handle this issue:
> 
> 1. **Check the file path**: Ensure the path is correct and accessible. Even though you mentioned the file is there, double-check for typos or discrepancies in the file path.
> 
> 2. **GDAL installation**: Verify that your GDAL installation is correct and the version is compatible with the `rgdal` package you're using.
> 
> 3. **Alternate read method**: You might want to try using the `raster` package directly to read the data and see if it provides a more verbose error message.
> 
> Here's a sample code snippet that demonstrates this:
> 
> ```r
> library(rgdal)
> library(raster)
> 
> # Ensure the file path is correct
> file_path <- "~/research/coffee/tools/data/sources/acc_50k/w001001.adf"
> 
> # Check if the file exists
> if (!file.exists(file_path)) {
>     stop("The file does not exist at the specified path.")
> }
> 
> # Try reading the raster with the raster package
> r <- tryCatch({
>     raster(file_path)
> }, error = function(e) {
>     message("Error reading the dataset with raster: ", e)
>     return(NULL)
> })
> 
> # Check if reading was successful
> if (is.null(r)) {
>     message("Failed to read the dataset.")
> } else {
>     print(r)
> }
> ```
> 
> If the `tryCatch` block catches an error, it will print out a more informative message. Additionally, you could try updating the `rgdal` and `raster` packages to their latest versions, as there might have been bug fixes or compatibility updates since you last ran this code:
> 
> ```r
> install.packages("rgdal")
> install.packages("raster")
> ```
> 
> Also, ensure that all dependencies and paths for GDAL are correctly set up on your system.
> 
> Let me know if you need further assistance!
