**assistant**:
> Below are selected log entries of past conversations, as part of an experimental AI memory system. T
**assistant**:
> The most relevant past discussions are those involving debugging web applications and server errors:
**user**:
> I want to add an additional column to an online system I've built in PHP. My old code was:
> ```
> <?php
> if (isset($_POST['text']) && isset($_POST['page'])) {
>     $conn = new mysqli('mysql.existencia.org', 'dbuser', 'wander1ust', 'upvoter');
>     $text = $conn->real_escape_string($_POST['text']);
>     $page = $conn->real_escape_string($_POST['page']); // Sanitize user input
> 
>     $stmt = $conn->prepare("INSERT INTO statements (text, page) VALUES (?, ?)");
>     $stmt->bind_param("ss", $text, $page);
>     $stmt->execute();
>     
>     $stmt->close();
>     $conn->close();
> }
> ?>
> ```
> Now I want to also record for each statement I post if it has a "parent_id". I've added a hidden variable in the html:
> `<input type="hidden" id="parent" value="" />`
> And filled that in sometimes (but not always, so it's sometimes blank). If not blank, it will be an integer.
> Then I post the form now as 
> ```
> $('#postForm').submit(function(e) {
>         e.preventDefault();
>         const statement = $('#statement').val();
>         const page = $('#page').val();  // Use the value from the hidden input                                                                        
>         const parentid = $('#parent').val();
>         $.post('post_statement.php', { text: statement, page: page, parentid: parentid }, function() {
>             $('#statement').val(''); // Clear the text area                                                                                           
>             loadStatements(page); // Refresh statements list for the selected page                                                                    
>         });
>     });
> ```
> How should I modify my PHP code to take this integer or leave that value as NULL in the database?
**assistant**:
> To accommodate the new `parent_id` column in your PHP code, you'll need to make slight adjustments to handle the optional nature of this field. Here's an updated version of your PHP script:
> 
> ```php
> <?php
> if (isset($_POST['text']) && isset($_POST['page'])) {
>     $conn = new mysqli('mysql.existencia.org', 'dbuser', 'wander1ust', 'upvoter');
>     
>     $text = $conn->real_escape_string($_POST['text']);
>     $page = $conn->real_escape_string($_POST['page']);
>     $parentid = isset($_POST['parentid']) ? $_POST['parentid'] : NULL;
> 
>     // Prepare the SQL with a placeholder for parent_id if it's provided, otherwise insert NULL
>     if ($parentid !== NULL && $parentid !== '') {
>         $stmt = $conn->prepare("INSERT INTO statements (text, page, parent_id) VALUES (?, ?, ?)");
>         $stmt->bind_param("ssi", $text, $page, $parentid);
>     } else {
>         $stmt = $conn->prepare("INSERT INTO statements (text, page, parent_id) VALUES (?, ?, NULL)");
>         $stmt->bind_param("ss", $text, $page);
>     }
>     
>     $stmt->execute();
>     
>     $stmt->close();
>     $conn->close();
> }
> ?>
> ```
> 
> ### Key Changes Made:
> 
> 1. **Check and Handle `parentid`:** The PHP script checks if `parentid` is set and not empty. This ensures that only a valid non-empty value is considered an integer for the `parent_id` field.
> 
> 2. **Conditional Query Preparation:** Depending on whether `parentid` is provided and isn't empty, it prepares either a query that includes `parent_id` binding or one with `NULL` for `parent_id`.
> 
> 3. **Bind Parameters Accordingly:** Uses the `bind_param()` with either three parameters (including `parentid`) or two (excluding it) based on the conditions handled above.
> 
> This approach will correctly insert `NULL` into the `parent_id` column when no value is provided, adhering to your requirement. Make sure your database allows `NULL` for the `parent_id` column.
**user**:
> I get a 500 error from post_statement.php here, but I don't see an error in the error.log for the https server (I might just be looking in the wrong error log). How can I debug it?
**assistant**:
> Debugging a 500 error in a PHP application like your `post_statement.php` can be approached systematically. Here are some steps you can follow to identify and fix the issue:
> 
> ### 1. **Enable Error Reporting in PHP**
> 
> To get more detailed error messages, you can temporarily enable error reporting in your PHP script. Add these lines at the top of your `post_statement.php`:
> 
> ```php
> <?php
> error_reporting(E_ALL);
> ini_set('display_errors', 1);
> ```
> 
> This will display errors directly on the web page instead of just a 500 error, making it easier to diagnose the issue.
> 
> ### 2. **Check Different Log Files**
> 
> Server configurations can vary, and the error might be logged in a different location than you expect. Here are common log files to check:
> 
> - **Apache Logs** (if you're using Apache):  
>   - Access Log: `/var/log/apache2/access.log`  
>   - Error Log: `/var/log/apache2/error.log`  
>   - If your Passenger server is configured differently, check the configuration files for the right path.
> 
> - **Nginx Logs** (if you're using Nginx):  
>   - Access Log: `/var/log/nginx/access.log`  
>   - Error Log: `/var/log/nginx/error.log`
> 
> - **PHP-FPM Logs** (if you're using PHP-FPM):  
>   - Error Log: Usually defined in `php-fpm.conf` (check the `error_log` directive).
> 
> ### 3. **Check .htaccess Files**
> 
> If you have an `.htaccess` file, it could be affecting your PHP file's execution. Check for any directives that might lead to a 500 error, such as incorrect rewrite rules or misconfigured settings.
> 
> ### 4. **Test Your Query Separately**
> 
> To ensure the problem isn't in your SQL query, consider copying the SQL query used in your PHP code and testing it directly on your database using a tool like MySQL Workbench or command line.
> 
> ### 5. **Check File Permissions**
> 
> Ensure that your PHP file has the right permissions. Usually, it should be 644 and the directory should be 755:
> 
> ```bash
> chmod 644 post_statement.php
> chmod 755 /path/to/directory
> ```
> 
> ### 6. **Look for Syntax Errors**
> 
> Even small syntax errors (like missing semicolons, brackets, etc.) can cause a 500 error. Review the entire code for such issues. You can also use a PHP linter or syntax checker to assist with this.
> 
> ### 7. **Disable Custom Error Handlers**
> 
> If your application has a custom error handler, it might be intercepting error messages. Temporarily comment out any custom error handling code to see if the underlying error message appears.
> 
> ### 8. **Check for Infinite Loops or Recursive Calls**
> 
> If your code involves any logic that could lead to an infinite loop or excessive recursion, it can also trigger a 500 error. Review your logic flow.
> 
> By following these steps, you should be able to gain more insights into the 500 error and troubleshoot it effectively. If you continue having trouble, feel free to share any error messages you encounter, and I can help further!
**user**:
> Okay, I got that working. Now I want to load it in my get_statements PHP script, but also have handling for if parentid is NULL. Here is the current code:
> ```
> <?php
> require 'vendor/autoload.php';
> 
> $conn = new mysqli('mysql.existencia.org', 'dbuser', 'wander1ust', 'upvoter');
> 
> $page = isset($_GET['page']) ? $_GET['page'] : 'Vision Statements'; // Default page
> $stmt = $conn->prepare("SELECT * FROM statements WHERE page = ? ORDER BY upvotes DESC");
> $stmt->bind_param("s", $page);
> $stmt->execute();
> $result = $stmt->get_result();
> 
> while ($row = $result->fetch_assoc()) {
>     echo "<div class='statement'>";
>     echo "<p>" . htmlspecialchars($row['text']) . "</p>";
>     echo "<button class='upvote' data-id='" . $row['id'] . "' data-upvoted='0'>Upvote (" . $row['upvotes'] . ")</button>";
>     echo " <button class='edit' data-id='" . $row['id'] . "'>Suggest Edit</button>";
>     echo "</div>";
> }
> 
> $stmt->close();
> $conn->close();
> ?>
> ```
> Can you advise?
**assistant**:
> To include handling for the `parent_id` being `NULL` in your `get_statements.php` script, you can modify the output to check if `parent_id` is NULL and display additional information or elements accordingly. Hereâ€™s how you could revise your existing code:
> 
> ```php
> <?php
> require 'vendor/autoload.php';
> 
> $conn = new mysqli('mysql.existencia.org', 'dbuser', 'wander1ust', 'upvoter');
> 
> $page = isset($_GET['page']) ? $_GET['page'] : 'Vision Statements'; // Default page
> $stmt = $conn->prepare("SELECT * FROM statements WHERE page = ? ORDER BY upvotes DESC");
> $stmt->bind_param("s", $page);
> $stmt->execute();
> $result = $stmt->get_result();
> 
> while ($row = $result->fetch_assoc()) {
>     echo "<div class='statement'>";
>     echo "<p>" . htmlspecialchars($row['text']) . "</p>";
>     echo "<button class='upvote' data-id='" . $row['id'] . "' data-upvoted='0'>Upvote (" . $row['upvotes'] . ")</button>";
>     echo " <button class='edit' data-id='" . $row['id'] . "'>Suggest Edit</button>";
>     
>     // Check if parent_id is NULL
>     if (is_null($row['parent_id'])) {
>         echo "<p><em>This statement does not have a parent.</em></p>";
>     } else {
>         echo "<p><strong>Parent Statement ID:</strong> " . htmlspecialchars($row['parent_id']) . "</p>";
>     }
> 
>     echo "</div>";
> }
> 
> $stmt->close();
> $conn->close();
> ?>
> ```
> 
> ### Key Changes Made:
> 
> 1. **Check for `parent_id`:** After displaying the text and buttons associated with each statement, I've added a conditional check for `parent_id` using `is_null($row['parent_id'])`. 
> 
> 2. **Output Handling:**
>    - If `parent_id` is `NULL`, it outputs a message indicating that the statement does not have a parent.
>    - If `parent_id` contains a value, it displays the parent statement ID.
> 
> 3. **HTML Character Escaping:** Used `htmlspecialchars()` to ensure that any HTML content within the output is appropriately escaped, preventing XSS vulnerabilities.
> 
> ### Optional Enhancements:
> - You can consider enhancing the display by linking to the parent statement if desired or formatting how parent statements are indicated.
> - You might also want to style the output using CSS to make the distinction between parent and non-parent statements more visually clear.
> 
> This approach should effectively handle cases where `parent_id` is `NULL` and give your users clarity about the relationships between statements.
