**user**:
> I'm using renderPlot in Shiny to show a graph that is meant to come in fairly wide. When the box it's in is wide, it displays correctly. But when it's narrow, there's a ton of whitespace built into the plot image on the top and bottom. How can I make sure that doesn't happen?
**assistant**:
> The issue you're encountering is likely due to the aspect ratio of the plot not adjusting dynamically with the width of the box, which can create unwanted whitespace when the box is narrow. In Shiny, you can address this by setting the `height` parameter within `renderPlot` to dynamically scale with the `session$clientData` to reflect the current width, thereby maintaining a consistent aspect ratio.
> 
> Here's a basic approach to achieve this:
> 
> 1. **Set the aspect ratio**: If your plot has a specific aspect ratio \( \frac{\text{height}}{\text{width}} \) that you want to maintain, you can calculate the plot height based on the current width.
> 
> 2. **Use `session$clientData`**: Capture the width of the plot's container and adjust the plot's height based on the desired aspect ratio.
> 
> Here's an example:
> 
> ```r
> library(shiny)
> library(ggplot2)
> 
> ui <- fluidPage(
>   fluidRow(
>     column(width = 12, plotOutput("myPlot"))
>   )
> )
> 
> server <- function(input, output, session) {
>   output$myPlot <- renderPlot({
>     
>     # Set a desired aspect ratio (height / width)
>     aspect_ratio <- 0.5
>     
>     # Obtain the current width of the plot's container in pixels
>     width_px <- session$clientData$output_myPlot_width
>     
>     # Calculate the desired height based on the aspect ratio
>     height_px <- width_px * aspect_ratio
>     
>     # Create the plot (here using ggplot2 as an example)
>     ggplot(mtcars, aes(x = wt, y = mpg)) +
>       geom_point() +
>       theme_minimal()
>     
>   }, height = function() {
>     # Dynamic height calculation
>     session$clientData$output_myPlot_width * 0.5  # Replace 0.5 with your aspect_ratio
>   })
> }
> 
> shinyApp(ui, server)
> ```
> 
> ### Explanation:
> 
> - **`session$clientData$output_myPlot_width`** retrieves the current pixel width of the plot. 
> - **`height = function() { ... }`** dynamically determines the plot's height based on the container's width and your desired aspect ratio. Adjust the `aspect_ratio` to match your needs.
> 
> This setup allows the plot to retain an optimal size and shape relative to the width of its container, avoiding unnecessary whitespace when the layout changes. Adjust the `aspect_ratio` to suit your specific requirements.
**user**:
> Error in height: object 'session' not found
**assistant**:
> The error you're seeing occurs because the `session` object isn't available directly inside the `height` function defined in `renderPlot`. You can work around this by using a reactive expression to encapsulate the height calculation. Here's an updated example that should resolve the error:
> 
> ```r
> library(shiny)
> library(ggplot2)
> 
> ui <- fluidPage(
>   fluidRow(
>     column(width = 12, plotOutput("myPlot", height = "auto"))  # Set height to auto
>   )
> )
> 
> server <- function(input, output, session) {
>   
>   # Reactive expression to calculate height based on width
>   plotHeight <- reactive({
>     width_px <- session$clientData$output_myPlot_width
>     aspect_ratio <- 0.5  # Desired aspect ratio (height / width)
>     height_px <- width_px * aspect_ratio
>     paste0(height_px, "px")  # Return height as a string with 'px'
>   })
>   
>   output$myPlot <- renderPlot({
>   
>     # Create the plot (here using ggplot2 as an example)
>     ggplot(mtcars, aes(x = wt, y = mpg)) +
>       geom_point() +
>       theme_minimal()
>       
>   }, height = plotHeight)  # Use the reactive height calculation
> }
> 
> shinyApp(ui, server)
> ```
> 
> ### Key Changes:
> 
> 1. **Reactive Height Calculation**: The height is now calculated through a reactive expression `plotHeight()`. This ensures you can access `session` safely and dynamically calculate the height.
> 
> 2. **Height Formatting**: The height is returned as a string with `"px"` appended, which is necessary for proper plotting in Shiny.
> 
> This implementation should correctly adjust the height of your plot based on the width of its container, eliminating the whitespace issue. Adjust the `aspect_ratio` as needed for your specific plots!
