**assistant**:
> Below are selected log entries of past conversations, as part of an experimental AI memory system. T
**user**:
> In Julia, I have a dataframe with a column that contains tuples. I want to find rows where those tuples are a particular value, but when I try to say `df.column .== tup`, I get an error because it tries to do the comparison element-wise on both sides. How can I fix this?
**assistant**:
> In Julia, when you want to compare entire tuples in a DataFrame column rather than element-wise, you can use the `==` operator with the function `.@.` to broadcast the comparison correctly. Here's how you can do it:
> 
> 1. Define your tuple, `tup`, that you want to compare.
> 2. Use `@.` to broadcast the entire comparison instead of the element-wise comparison.
> 
> Here's an example:
> 
> ```julia
> using DataFrames
> 
> # Sample DataFrame
> df = DataFrame(column = [(1, 2), (3, 4), (1, 2), (5, 6)])
> 
> # Tuple to find
> tup = (1, 2)
> 
> # Find rows where the column contains the tuple `tup`
> rows_matching = @. df.column == tup
> 
> # Alternatively, use the filter function to get the rows
> filtered_df = filter(row -> row.column == tup, df)
> 
> # View the matched rows
> println(filtered_df)
> ```
> 
> In this example, `rows_matching` will be a boolean array indicating which rows have the tuple `(1, 2)`, and `filtered_df` will be the DataFrame containing only the rows where the column matches the tuple.
> 
> You can use either method based on what you needâ€”whether that's just the indices of the matching rows or the actual rows from the DataFrame.
