**user**:
> The following code works when I put it into a python script file, but not when I run it with `eval`.
> ===
> import pandas as pd
> import re
> 
> # Load the CSV file
> data = pd.read_csv('../input.csv')
> 
> # Define keywords related to AI probes and interstellar travel
> keywords = [
>     'AI probes', 'artificial intelligence', 'interstellar travel', 'space exploration',
>     'scientific probes', 'deep space', 'autonomous probes', 'astrobiology', 'SETI'
> ]
> 
> # Initialize diagnostic results
> diagnostic_results = {
>     'total_items': len(data),
>     'relevant_items': 0,
>     'irrelevant_items': 0,
>     'missing_abstract': 0,
> }
> 
> # Analyze each item in the data
> for index, row in data.iterrows():
>     abstract = row.get('Abstract', '')
>     title = row.get('Title', '')
>     text_combined = f"{title} {abstract}".lower()
>     
>     # Check if abstract is missing
>     if pd.isna(abstract):
>         diagnostic_results['missing_abstract'] += 1
>     else:
>         # Check relevance
>         relevant_found = any(re.search(keyword.lower(), text_combined) for keyword in keywords)
>         if relevant_found:
>             diagnostic_results['relevant_items'] += 1
>         else:
>             diagnostic_results['irrelevant_items'] += 1
> 
> # Print diagnostic results
> print("Diagnostic Results")
> print(f"Total Items: {diagnostic_results['total_items']}")
> print(f"Relevant Items: {diagnostic_results['relevant_items']}")
> print(f"Irrelevant Items: {diagnostic_results['irrelevant_items']}")
> print(f"Items with Missing Abstracts: {diagnostic_results['missing_abstract']}")
> ===
> 
> The error is that `text_combined` is not defined. Why is that?
**assistant**:
> The issue with `eval` is that it expects only a single expression and doesn't handle full script execution well, especially when dealing with complex structures like loops or imports. Moreover, `eval` is primarily designed for evaluating simple expressions rather than executing an entire body of code.
> 
> When you attempt to run your code block using `eval`, it won't process the script sequentially as expected, leading to the error you're encountering where `text_combined` appears undefined within the scope of `eval`.
> 
> To execute the full script, you can use `exec` instead of `eval`. `exec` is designed for executing dynamically created program code including control structures like loops, function definitions, and import statements.
> 
> Here is how you can use `exec`:
> 
> ```python
> script = """
> import pandas as pd
> import re
> 
> # Load the CSV file
> data = pd.read_csv('../input.csv')
> 
> # Define keywords related to AI probes and interstellar travel
> keywords = [
>     'AI probes', 'artificial intelligence', 'interstellar travel', 'space exploration',
>     'scientific probes', 'deep space', 'autonomous probes', 'astrobiology', 'SETI'
> ]
> 
> # Initialize diagnostic results
> diagnostic_results = {
>     'total_items': len(data),
>     'relevant_items': 0,
>     'irrelevant_items': 0,
>     'missing_abstract': 0,
> }
> 
> # Analyze each item in the data
> for index, row in data.iterrows():
>     abstract = row.get('Abstract', '')
>     title = row.get('Title', '')
>     text_combined = f"{title} {abstract}".lower()
>     
>     # Check if abstract is missing
>     if pd.isna(abstract):
>         diagnostic_results['missing_abstract'] += 1
>     else:
>         # Check relevance
>         relevant_found = any(re.search(keyword.lower(), text_combined) for keyword in keywords)
>         if relevant_found:
>             diagnostic_results['relevant_items'] += 1
>         else:
>             diagnostic_results['irrelevant_items'] += 1
> 
> # Print diagnostic results
> print("Diagnostic Results")
> print(f"Total Items: {diagnostic_results['total_items']}")
> print(f"Relevant Items: {diagnostic_results['relevant_items']}")
> print(f"Irrelevant Items: {diagnostic_results['irrelevant_items']}")
> print(f"Items with Missing Abstracts: {diagnostic_results['missing_abstract']}")
> """
> 
> exec(script)
> ```
> 
> This solution respects the script's indentation and structure, allowing it to run as if it were in a standalone script file. Note, however, that even `exec` should be used cautiously due to security and maintainability concerns, especially if the script or any of its inputs come from untrusted sources.
