**assistant**:
> Below are selected log entries of past conversations, as part of an experimental AI memory system. T
**user**:
> I want to make a spedometer-style visualization on an RShiny app-- basically, something that shows an arrow in a half-circle pointed to a level somewhere between green (on the left) and red (on the right). How can I do this?
**assistant**:
> Creating a speedometer-style visualization in an RShiny app can be effectively achieved using `plotly`, which allows for interactive graphics. Here’s an approach using `plotly` and `ggplot2` to create the visualization:
> 
> 1. **Set up your RShiny app structure.**
> 
> 2. **Create the speedometer plot** using `ggplot2` to design a half-circle with segments and an arrow. Then, convert it to an interactive plot using `plotly`.
> 
> Below is an example of how you can achieve this:
> 
> ```r
> library(shiny)
> library(ggplot2)
> library(plotly)
> 
> ui <- fluidPage(
>   titlePanel("Speedometer Visualization"),
>   mainPanel(
>     plotlyOutput("speedometer")
>   )
> )
> 
> server <- function(input, output) {
>   output$speedometer <- renderPlotly({
>     # Create a data frame for the segments
>     segments <- data.frame(
>       angle = c(seq(-3, 3, length.out = 100)),
>       y = 1
>     )
>     
>     # Define the point of the arrow
>     arrow_angle <- 1  # Adjust this to change the arrow's position
> 
>     # Base plot using ggplot2
>     plot <- ggplot(segments, aes(xmin = angle, xmax = angle + 0.1, ymin = 0, ymax = y)) +
>       geom_rect(aes(fill = angle), color = "black") +
>       scale_fill_gradientn(colours = c("green", "yellow", "red"), name = "Speed") +
>       coord_polar(theta = "x", start = -pi) +
>       geom_segment(aes(x = arrow_angle, 
>                        xend = arrow_angle, 
>                        y = 0, 
>                        yend = 0.9),
>                    arrow = arrow(type = "closed", length = unit(0.05, "npc")), 
>                    color = "black", 
>                    size = 1) +
>       theme_minimal() +
>       theme(
>         axis.title = element_blank(),
>         axis.text = element_blank(),
>         axis.ticks = element_blank(),
>         panel.grid = element_blank()
>       )
>     
>     ggplotly(plot)
>   })
> }
> 
> shinyApp(ui = ui, server = server)
> ```
> 
> ### Explanation:
> - This setup creates a basic Shiny app with a `plotlyOutput` to display the speedometer.
> - The speedometer is created using `ggplot2`, where:
>   - `geom_rect` creates the segments of the dial, colored from green to red.
>   - `geom_segment` draws the arrow.
>   - `coord_polar` transforms the plot into a circular plot.
> - `plotly` is then used to make the plot interactive, useful for dynamic applications.
> 
> You can adjust the `arrow_angle` to simulate the speed reading, positioning the arrow somewhere between green and red based on your data or user input. Let me know if you need further customization!
**user**:
> Here are the errors I get:
> Warning in min(z[["x"]]$dimension %()% z$x.range %||% z$x_range) :
>   no non-missing arguments to min; returning Inf
> Warning in max(z[["x"]]$dimension %()% z$x.range %||% z$x_range) :
>   no non-missing arguments to max; returning -Inf
> Warning in min(z[["y"]]$dimension %()% z$y.range %||% z$y_range) :
>   no non-missing arguments to min; returning Inf
> Warning in max(z[["y"]]$dimension %()% z$y.range %||% z$y_range) :
>   no non-missing arguments to max; returning -Inf
> Warning: Error in eval: object 'tickvals' not found
**assistant**:
> It looks like the problem may stem from how the `ggplot2` plot is being integrated into `plotly`. To avoid these issues, let’s simplify the code and ensure we’re correctly using the functions while effectively handling the data.
> 
> Here's an updated version of the code, where we focus on a functional speedometer without relying on complex data ranges that might lead to those warnings:
> 
> ```r
> library(shiny)
> library(ggplot2)
> library(plotly)
> 
> ui <- fluidPage(
>   titlePanel("Speedometer Visualization"),
>   mainPanel(
>     plotlyOutput("speedometer")
>   )
> )
> 
> server <- function(input, output) {
>   output$speedometer <- renderPlotly({
>     # Define the arrow position between 0 (green) and 100 (red)
>     arrow_position <- 80  # Adjust this value based on the desired level
> 
>     # Create data for speedometer segments
>     segments <- data.frame(
>       angle = seq(-pi, 0, length.out = 100),
>       radius = 1
>     )
> 
>     # Create base plot using ggplot2
>     plot <- ggplot() +
>       geom_polygon(data = data.frame(x = c(-1, 1, 1, -1), 
>                                       y = c(0, 0, 1, 1)),
>                    aes(x, y), fill = "lightgray") + # Semi-circle background
>       geom_polygon(data = data.frame(x = c(-1, 0, -0.7), 
>                                       y = c(0, -1, 0)),
>                    aes(x, y), fill = "green") +  # Left segment
>       geom_polygon(data = data.frame(x = c(0, 0.7, 1), 
>                                       y = c(-1, 0, 0)),
>                    aes(x, y), fill = "red") +    # Right segment
>       # Add arrow line
>       geom_segment(aes(x = 0, xend = arrow_position / 100 * 2 - 1, 
>                        y = 0, yend = 0.5),
>                    arrow = arrow(type = "closed", length = unit(0.1, "inches")),
>                    color = "black", size = 1) +
>       coord_fixed() +
>       xlim(-1.5, 1.5) + ylim(-1.5, 1) +
>       theme_void() +
>       theme(plot.margin = margin(1, 1, 1, 1))
> 
>     ggplotly(plot)
>   })
> }
> 
> shinyApp(ui = ui, server = server)
> ```
> 
> ### Key Changes and Fixes:
> 1. **Simplicity and Use of Basic Geometric Shapes**: Instead of computing segments via angles, I defined geometric shapes directly, reducing complexity and potential errors.
> 2. **Fixed Arrow Positioning**: The arrow is calculated based on a proportion relative to the semicircle instead of using angles.
> 3. **Adjusted Limits and Theme**: Set specific limits on `x` and `y` to ensure proper display of the speedometer without warnings.
> 
> You can adjust `arrow_position` to simulate different speed readings on the speedometer, between 0 and 100. Let me know if this resolves the issues or if you need further customizations!
**user**:
> That doesn't look great. It produces a grey rectangle with the arrow and the red and green items are weird triangles below it. I think I can find a background image of a spedometer like what I want. How would I use that?
**assistant**:
> Using a background image for your speedometer can definitely enhance the visual quality. Here’s how you can incorporate a background image into your RShiny app. You'll need to have an image file (e.g., a PNG or JPEG of a speedometer) saved in your working directory. 
> 
> Here’s a step-by-step guide on how to do it:
> 
> 1. **Prepare Your Background Image**: Save your speedometer image in the working directory of your RShiny app.
> 
> 2. **Modify the Speedometer Code**: Use the image as the background in your plot instead of drawing shapes manually.
> 
> Here’s an example code snippet that integrates a background image:
> 
> ### Example Code
> 
> ```r
> library(shiny)
> library(ggplot2)
> library(plotly)
> library(png)  # To read PNG files
> library(grid) # For the rasterGrob function
> 
> ui <- fluidPage(
>   titlePanel("Speedometer Visualization"),
>   mainPanel(
>     plotlyOutput("speedometer")
>   )
> )
> 
> server <- function(input, output) {
>   output$speedometer <- renderPlotly({
>     # Path to your speedometer background image
>     img_path <- "path_to_your_speedometer_image.png"
>     
>     # Load the image
>     img <- readPNG(img_path)
>     
>     # Create a ggplot object
>     plot <- ggplot() + 
>       annotation_custom(
>         rasterGrob(img, width=unit(1,"npc"), height=unit(1,"npc")), 
>         -Inf, Inf, -Inf, Inf) +  # Adjusts image to fill the plot area
>       geom_segment(aes(x = 0, 
>                        xend = 0.5,  # Arrow X position based on your speed level
>                        y = 0, 
>                        yend = 1),
>                    arrow = arrow(type = "closed", length = unit(0.1, "inches")),
>                    color = "black", size = 1.5) +
>       theme_void() +  # Remove axes
>       coord_fixed()
> 
>     ggplotly(plot)
>   })
> }
> 
> shinyApp(ui = ui, server = server)
> ```
> 
> ### Key Points:
> 
> 1. **Image Path**: Replace `"path_to_your_speedometer_image.png"` with the actual path to your image file.
> 
> 2. **Image Loading**: This example uses the `png` library to read PNG images. If your image is in another format (like JPEG), you may want to adjust accordingly.
> 
> 3. **Arrow Position**: Adjust the `xend` property in the `geom_segment` to represent the current speed value in the interface you're aiming for. You can dynamically set this based on user input or other variables.
> 
> 4. **Scaling**: The image is scaled to fit the plot area with `unit(1, "npc")` in both width and height, ensuring it fills the space nicely.
> 
> With this approach, you can achieve a visually appealing speedometer that utilizes your custom background image. Let me know if you have any other questions or if you want to add additional features!
**user**:
> I see a good-looking javascript speedometer that I could use, but I'm not sure how to use it. It's just just a .js file. It says to install it with yarn or npm. How do I use this?
**assistant**:
> To incorporate a JavaScript speedometer into your RShiny app, you'll need to follow these general steps:
> 
> 1. **Download the JavaScript Library**: If you have a URL or a specific `.js` file for the speedometer, you’ll need to ensure it's part of your project.
> 
> 2. **Include JavaScript in Your Shiny App**: Use the `tags$head` function to include your JavaScript file in the UI of your RShiny app.
> 
> 3. **Utilize the Library**: You'll need to initialize the speedometer in the UI using JavaScript.
> 
> ### Detailed Steps
> 
> #### 1. Download the JavaScript File
> Place the `.js` file in the `www` directory of your Shiny application. If this directory doesn’t exist, you can create it in the root of your app folder. The `www` directory is used for serving static files in Shiny apps.
> 
> #### 2. Include JavaScript in Your Shiny App UI
> Use the `tags$head` function to include your JS file in the UI. The basic structure of your Shiny app will look like this:
> 
> ```r
> library(shiny)
> 
> ui <- fluidPage(
>   tags$head(
>     # Include the JavaScript file
>     tags$script(src = "speedometer.js")
>   ),
>   titlePanel("Speedometer Visualization"),
>   mainPanel(
>     # Placeholder for the speedometer
>     div(id = "mySpeedometer", style = "width: 400px; height: 200px;")
>   )
> )
> 
> server <- function(input, output) {
>   # You can use reactiveValues to update speed if needed
> }
> 
> shinyApp(ui = ui, server = server)
> ```
> 
> #### 3. Initialize the Speedometer
> At the bottom of your `server` function, you can inject additional JavaScript code to initialize the speedometer, or you can create a separate JavaScript function and call it. Below is an example where we add an initialization function after the server is defined:
> 
> ```r
> server <- function(input, output) {
>   # Initialize the speedometer with a default value
>   session$sendCustomMessage(type = "initSpeedometer", message = list(value = 50))
> }
> ```
> 
> ### JavaScript Code Example
> In the speedometer.js file or by using `tags$script`, you will need to handle the initialization of the speedometer. Here's an example of what that code might look like depending on how the library is structured:
> 
> ```javascript
> Shiny.addCustomMessageHandler("initSpeedometer", function(message) {
>   let value = message.value; // Value you want to set the speedometer to
> 
>   // Assuming the speedometer library has a function like this:
>   const meter = new Speedometer(document.getElementById("mySpeedometer"), {
>     maxValue: 100, // Max value for your speedometer
>     needleValue: value,
>     // Additional configuration options as needed
>   });
> });
> ```
> 
> ### Notes:
> - **Dependencies**: If your JavaScript library has additional dependencies (like CSS files or other scripts), make sure to include those in the same way.
> - **Version Control**: Keep in mind that libraries can change. Make sure to check the documentation for any updates or changes in how to use them.
> - **Interactivity**: Depending on your app's design, consider how you plan to update the speedometer's value dynamically using inputs or other functions in Shiny.
> 
> This approach allows you to combine the flexibility of Shiny with the rich interactive potential of JavaScript libraries. Let me know if you need further help or specifics for your speedometer implementation!
