**user**:
> I see someone using the following code:
> reg$se_robust <- sandwich::vcovHC(reg, type = "HC", weights = iso)
> This calculates heteroscedasticity-consistent standard errors, but I think there will also be correlation in the error terms within each country. Is a different function needed for heteroscedasticity-consistent-and-clustered standard errors?
**assistant**:
> Yes, you're right. When you have correlation in the error terms within each country, you'll need to account for that using clustered standard errors. The standard errors calculated by `sandwich::vcovHC` account for heteroscedasticity but not for within-cluster correlation.
> 
> To calculate heteroscedasticity-consistent and clustered standard errors, you can use a function like `vcovCL` from the `sandwich` package or use the `plm` package, which provides clustering options for panel data models. Here's an example using `vcovCL`:
> 
> ```r
> library(sandwich)
> library(lmtest)
> 
> # Assuming 'reg' is your fitted model and 'iso' is your clustering variable
> clustered_se <- vcovCL(reg, cluster = ~ iso)
> coeftest(reg, vcov = clustered_se)
> ```
> 
> This will give you robust standard errors that adjust for heteroscedasticity and the correlations within each clustering unit, such as a country in your case.
**user**:
> I forget-- are clustered standard errors already accounting for heteroskedasticity?
**assistant**:
> Yes, clustered standard errors do account for heteroskedasticity. When you compute clustered standard errors, the robust variance estimator automatically adjusts for both heteroskedasticity and within-cluster correlation. 
> 
> In simpler terms, when you use clustered standard errors, you're considering:
> 
> 1. **Heteroskedasticity**: Variability of the errors may differ across observations.
> 2. **Within-cluster correlation**: Errors may be correlated within a given cluster (e.g., countries) but assumed to be independent between different clusters.
> 
> Thus, using clustered standard errors encompasses the need for heteroskedasticity adjustment, so you don't need to apply a separate adjustment for that when clustering.
