**assistant**:
> Below are selected log entries of past conversations, as part of an experimental AI memory system. T
**user**:
> How can I convert from a wide format (there are years labeled across columns) to a long format in pandas?
**assistant**:
> To convert a wide format dataframe to a long format in pandas, you can use the `melt()` function. This reshape function changes the DataFrame format from wide to long by melting the specified columns into two columns - 'variable' and 'value'. 
> Here's a simple example:
> 
> ```python
> import pandas as pd
> 
> # Let's assume this is your wide dataframe
> df_wide = pd.DataFrame({
>     'ID': ['1', '2', '3'],
>     '2000': [1, 2, 3],
>     '2001': [4, 5, 6],
>     '2002': [7, 8, 9]
> })
> 
> # Convert to long format
> df_long = df_wide.melt(id_vars='ID', var_name='year', value_name='value')
> ```
> In this example, `ID` is the identifier variable, which remains the same. We are 'melting' the year columns ('2000', '2001', '2002'), so they appear under a new 'year' column. The corresponding values are put under the 'value' column.
> 
> If you have multiple identifier variables, you can pass a list to `id_vars`. The `var_name` and `value_name` arguments change the default names for the variable and value columns.
**user**:
> How do I get the list of columns from a pandas dataframe?
**assistant**:
> To get the list of column names (column labels) from a pandas DataFrame, you can access the `columns` attribute of the DataFrame. Here's how you can do it:
> 
> ```python
> import pandas as pd
> 
> # Assuming df is your DataFrame
> # You can get the list of column names using the columns attribute
> columns_list = df.columns.tolist()
> 
> # Print the list of column names
> print(columns_list)
> ```
> 
> By calling `df.columns`, you will get a pandas "Index" object that represents the column labels in the DataFrame. To convert this Index object to a list of column names, you can use the `tolist()` method.
> 
> The `columns_list` variable will then contain a list of column names from your DataFrame `df`. You can use this list for further analysis or processing in your data manipulation tasks.
**user**:
> How do I convert the year strings into numbers?
**assistant**:
> To convert year strings into numbers in a pandas DataFrame, you can use various approaches depending on the format of your year strings. Here are a few common methods:
> 
> ### Method 1: Using the `astype()` method
> If your year strings are formatted as 'YYYY' (e.g., '2000', '2001', etc.), you can convert them to integers directly using the `astype()` method:
> 
> ```python
> # Assuming 'year' is the column with year strings in your DataFrame
> df['year'] = df['year'].astype(int)
> ```
> 
> ### Method 2: Using the `pd.to_numeric()` function
> If you need more control over conversion and want to handle errors, you can use `pd.to_numeric()`:
> 
> ```python
> df['year'] = pd.to_numeric(df['year'], errors='coerce')
> ```
> 
> The `errors='coerce'` parameter will replace any errors with NaN values.
> 
> ### Method 3: Using the `apply()` function
> If you need custom conversion logic, you can use the `apply()` function with a lambda function:
> 
> ```python
> df['year'] = df['year'].apply(lambda x: int(x))
> ```
> 
> ### Method 4: Using the `map()` function
> If you have a specific mapping for each year string, you can use the `map()` function with a dictionary:
> 
> ```python
> year_mapping = {'2000': 2000, '2001': 2001, '2002': 2002}  # Add more mappings as needed
> df['year'] = df['year'].map(year_mapping)
> ```
> 
> Choose the method that best fits your data and requirements.
> 
