**user**:
> Can you provide an python implementation of the following R code?
> ```
> clim <- read.csv("../data/climate_data/agg_vars.csv")
> df <- read.csv("../data/cmf/merged.csv")
> 
> df2 <- df %>% left_join(clim, by=c('fips'='FIPS', 'year'))
> 
> df2$deathrate <- 100000 * df2$deaths / df2$pop
> df2$deathrate[df2$deathrate == Inf] <- NA
> 
> library(lfe)
> 
> df2$state <- as.character(floor(df2$fips / 1000))
> df2$year <- as.numeric(df2$year)
> 
> mod <- felm(deathrate ~ tas_adj + tas_sq | factor(state) : year +  factor(fips) | 0 | fips, data=df2)
> 
> plotdf <- data.frame(tas=seq(-20, 40))
> plotdf$tas_adj <- plotdf$tas - 20
> plotdf$tas_sq <- plotdf$tas^2 - 20^2
> 
> source("~/projects/research-common/R/felm-tools.R")
> 
> preddf <- predict.felm(mod, plotdf, interval='confidence')
> 
> plotdf2 <- cbind(plotdf, preddf)
> 
> library(ggplot2)
> 
> ggplot(plotdf2, aes(tas, fit)) +
>     geom_line() + geom_ribbon(aes(ymin=lwr, ymax=upr), alpha=.5) +
>     scale_x_continuous(name="Daily temperature (C)", expand=c(0, 0)) +
>     ylab("Deaths per 100,000 people") +
>     ggtitle("Excess death rate as a function of temperature") + theme_bw()
> ```
**assistant**:
> Sure, here is a Python equivalent using standard libraries such as pandas and numpy for data manipulation, linearmodels for fixed effects linear regression, and matplotlib for visualization.
> 
> However, due to the nature of `felm` function in R and the specific form of the model, the equivalent Python approach using `linearmodels` might not give the exact same output. Please verify the results yourself or adjust as necessary.
> 
> ```python
> import pandas as pd
> import numpy as np
> from linearmodels.panel import PanelOLS
> import matplotlib.pyplot as plt
> import seaborn as sns
> 
> # Read data
> clim = pd.read_csv("../data/climate_data/agg_vars.csv")
> df = pd.read_csv("../data/cmf/merged.csv")
> 
> # Merge datasets
> df2 = pd.merge(df, clim, how='left', left_on=['fips', 'year'], right_on=['FIPS', 'year'])
> 
> # Create new variable
> df2['deathrate'] = 100000 * df2['deaths'] / df2['pop']
> df2.loc[df2['deathrate'] == float("inf"), 'deathrate'] = np.nan
> 
> # Categories and numbers
> df2['state'] = (df2['fips'] / 1000).astype(int).astype(str)
> df2['year'] = df2['year'].astype(int)
> 
> # Fixed effects regression
> exog_vars = ['tas_adj', 'tas_sq']
> exog = df2[exog_vars]
> df2 = df2.set_index(['state', 'year'])
> mod = PanelOLS(df2.deathrate, exog, entity_effects=True, time_effects=True)
> res = mod.fit()
> 
> # Prediction dataframe
> plotdf = pd.DataFrame({'tas': range(-20, 41)})
> plotdf['tas_adj'] = plotdf['tas'] - 20
> plotdf['tas_sq'] = plotdf['tas']**2 - 20**2
> 
> # Predictions
> preddf = res.predict(exog=pd.DataFrame({'tas_adj': plotdf['tas_adj'], 'tas_sq': plotdf['tas_sq']}))
> 
> # Create final dataframe for visualization
> plotdf2 = pd.concat([plotdf, preddf], axis=1)
> 
> # Plotting
> sns.set_theme(style="whitegrid")
> 
> plt.figure(figsize=(10, 6))
> plt.plot(plotdf2['tas'], plotdf2['predicted_values'])
> 
> # Confidence interval
> plt.fill_between(plotdf2['tas'], plotdf2['ci_lower'], plotdf2['ci_upper'], color='grey', alpha=.5)
> 
> plt.xlabel('Daily temperature (C)')
> plt.ylabel("Deaths per 100,000 people")
> plt.title('Excess death rate as a function of temperature')
> plt.grid(True)
> plt.show()
> ```
> Please note that:
> 
> 1. `felm-tools.R` was not translated because it appears to be a user-defined function specific to your project, and its implementation was not provided. Its functionality must be replicated appropriately in Python.
> 2. For the same reason, calculation of intervals and residuals might differ slightly because different estimation methods can be used in different packages.
> 3. You would need to install `linearmodels` package with `!pip install linearmodels` if you haven't installed it yet.
> 4. The Python script doesn't handle any missing values in the dataset -- you may need to add this functionality if it's important for your specific use case.
**user**:
> When I do this, I get the error:
> ```
> ValueError: dependent and exog must have the same number of observations. The number of observations in dependent is 31141, and the number of observations in exog is 62282.
> ```
> But this seems odd, since the number of rows in exog is 31141.
**assistant**:
> Apologies for the confusion. The error you encountered seems to be due to the mismatch in the number of observations between the dependent variable (`df2.deathrate`) and the exogenous variables (`exog`). This mismatch can occur if there are missing values in the dependent variable or if there are duplicate rows in the dataset.
> 
> To address this issue, you can try the following steps:
> 
> 1. Check for missing values in the dependent variable (`df2.deathrate`) and remove any rows with missing values. You can use the `dropna()` function to achieve this:
> 
> ```python
> df2 = df2.dropna(subset=['deathrate'])
> ```
> 
> 2. After removing the missing values, check if there are any duplicate rows in the dataset. You can use the `duplicated()` function to identify and remove duplicate rows:
> 
> ```python
> df2 = df2[~df2.duplicated()]
> ```
> 
> 3. Once you have cleaned the dataset, re-run the regression analysis using the updated dataframe:
> 
> ```python
> mod = PanelOLS(df2.deathrate, exog, entity_effects=True, time_effects=True)
> res = mod.fit()
> ```
> 
> These steps should help ensure that the number of observations in the dependent and exogenous variables match, resolving the `ValueError` you encountered.
**user**:
> I have NAs in both my dependent and independent variables. How can I drop all invalid rows from df2?
**assistant**:
> To drop rows with missing values (NAs) from both the dependent and independent variables, you can modify the code as follows:
> 
> ```python
> # Drop rows with missing values
> df2 = df2.dropna(subset=['deathrate', 'tas_adj', 'tas_sq'])
> 
> # Check for and remove duplicate rows
> df2 = df2[~df2.duplicated()]
> 
> # Reset index
> df2 = df2.reset_index(drop=True)
> ```
> 
> In the code above, the `dropna()` method is used to remove rows with missing values from the specified columns (`['deathrate', 'tas_adj', 'tas_sq']`). By including all the relevant columns, you can ensure that rows with missing values in any of these columns are dropped.
> 
> Afterward, the `duplicated()` function is used in conjunction with the `~` operator to remove any duplicate rows from the dataset.
> 
> Finally, the `reset_index()` method is used to reset the index of the dataframe to ensure a continuous index after rows have been dropped.
> 
> By performing these steps, you can drop rows with missing values from both the dependent and independent variables while also removing any potential duplicates.
**user**:
> Okay, I have now done this, but the error remains. I don't think it's a problem with NAs. The number given for exog is exactly twice the number given for the dependent var. I think that's because there are two exog variables. Are we misusing PanelOLS?
**assistant**:
> Apologies for the confusion. You are correct, the issue is indeed related to the number of observations in the exogenous variables. In `linearmodels`, when estimating a panel regression using `PanelOLS`, the exogenous variables should have the same number of observations as the dependent variable for each entity and time period.
> 
> Assuming that the number of observations in both the dependent variable (`deathrate`) and the exogenous variables (`tas_adj` and `tas_sq`) are the same after handling missing values and duplicates, we need to ensure data alignment between the dependent and exogenous variables when estimating the model.
> 
> To align the variables, you can update the code as follows:
> 
> ```python
> # Create a multi-index dataframe
> df3 = df2.set_index(['state', 'year'])
> 
> # Extract the relevant variables for the regression
> dependent_var = df3['deathrate']
> exog_vars = df3[['tas_adj', 'tas_sq']]
> 
> # Estimate the model
> mod = PanelOLS(dependent_var, exog_vars, entity_effects=True, time_effects=True)
> res = mod.fit()
> ```
> 
> In the modified code, we create a new DataFrame `df3` from `df2`, setting the multi-index with the variables `['state', 'year']`. Then, we extract the dependent variable (`deathrate`) and the exogenous variables (`tas_adj` and `tas_sq`) from `df3`. By aligning the variables using the multi-index, we ensure that the observations in the dependent and exogenous variables match correctly.
> 
> Finally, we estimate the model using the aligned variables.
> 
> Please give this updated code a try, and let me know if the issue persists or if you have any further questions!
**user**:
> I get another error, from the `preddf = res.predict(exog=pd.DataFrame({'tas_adj': plotdf['tas_adj'], 'tas_sq': plotdf['tas_sq']}))` line is:
> ```
> ValueError: exog does not have the correct number of columns. Saw 1, expected
> 2. This can happen since exog is converted to a PanelData object
> before computing the fitted value. The best practice is to pass a DataFrame
> with a 2-level MultiIndex containing the entity- and time-ids.
> ```
> I don't think I want to follow its advice, since I don't have a particular region or time I want to associate the data with. What can I do?
**assistant**:
> Apologies for the confusion. If you don't have a particular region or time to associate the predicted values with, you can modify your code to use a plain NumPy array instead of a DataFrame for the exogenous variables in the prediction step. This way, you can proceed without specifying specific entity and time IDs.
> 
> Here's an updated version of the code:
> 
> ```python
> # Prepare exogenous variables for prediction
> exog_pred = np.column_stack((plotdf['tas_adj'], plotdf['tas_sq']))
> 
> # Predict using the model
> preddf = res.predict(exog_pred)
> 
> # Create final dataframe for visualization
> plotdf2 = pd.concat([plotdf, preddf], axis=1)
> 
> # Plotting code remains the same...
> ```
> 
> In this modified code, we use `np.column_stack()` to create a NumPy array `exog_pred` from the `tas_adj` and `tas_sq` columns of `plotdf`. By providing a plain NumPy array for the exogenous variables, we avoid the requirement of specifying entity and time IDs.
> 
> After predicting the values using `res.predict(exog_pred)`, we can concatenate the predicted values (`preddf`) with `plotdf` to create a final dataframe `plotdf2` for visualization.
> 
> Please give this updated code a try, and let me know if you encounter any further issues or if there's anything else I can assist you with!
