**user**:
> How can I do factor analysis in R?
**assistant**:
> Factor analysis is a statistical method used to identify the underlying structure among the variables in a dataset. In R, you can perform factor analysis using the `factanal()` function from the base stats package. Here's a step-by-step guide on how to do factor analysis in R:
> 
> 1. Load your dataset: First, you need to load your dataset into R. You can use functions like `read.csv()` or `read.table()` to load your data from a file, or you can use built-in datasets for practice.
> 
> 2. Check the suitability of your data: Before performing factor analysis, you should check if your data is suitable for it. You can use the Bartlett's test of sphericity and the Kaiser-Meyer-Olkin (KMO) measure of sampling adequacy. The `psych` package provides functions for these tests.
> 
> ```R
> # Install and load the psych package
> install.packages("psych")
> library(psych)
> 
> # Perform Bartlett's test of sphericity
> bartlett <- bartlett.test(your_data)
> print(bartlett)
> 
> # Calculate the KMO measure
> KMO <- KMO(your_data)
> print(KMO)
> ```
> 
> 3. Perform factor analysis: Use the `factanal()` function to perform factor analysis. You need to specify the number of factors you want to extract (usually determined by scree plot or parallel analysis) and the rotation method (e.g., "varimax" or "promax").
> 
> ```R
> # Perform factor analysis
> factor_analysis <- factanal(your_data, factors = number_of_factors, rotation = "varimax")
> 
> # Print factor analysis results
> print(factor_analysis)
> ```
> 
> 4. Interpret the results: Look at the factor loadings to interpret the underlying factors. Factor loadings indicate how much a variable contributes to a factor.
> 
> ```R
> # Display factor loadings
> loadings <- factor_analysis$loadings
> print(loadings)
> ```
> 
> 5. Optional: Visualize the results using a biplot or heatmap. You can use the `biplot()` function or `ggplot2` and `corrplot` packages for these visualizations.
> 
> ```R
> # Biplot
> biplot(factor_analysis, main = "Factor Analysis Biplot")
> 
> # Heatmap
> install.packages("ggplot2")
> install.packages("corrplot")
> library(ggplot2)
> library(corrplot)
> 
> corrplot(loadings, method = "color", type = "lower", order = "hclust", tl.col = "black", addCoef.col = "black")
> ```
> 
> Remember to replace `your_data` and `number_of_factors` with your actual dataset and desired number of factors, respectively.
**user**:
> I would like to then use the factors produced to represent unobserved data, and calculate the error in doing so. That is, if the factor analysis decomposes x = Lambda f + epsilon, I want to get new values for f that minimize epsilon. How can I do this?
**assistant**:
> To obtain the factor scores (f) that minimize the error term (epsilon), you can use the regression, Bartlett, or the Anderson-Rubin method. Here, I will demonstrate how to calculate factor scores using the regression method, which is the default method in R's `factanal()` function.
> 
> 1. First, perform factor analysis as described in the previous answer. Make sure to save the results in a variable, e.g., `factor_analysis`.
> 
> 2. To obtain the factor scores (f) for each observation in your dataset, you can use the `scores()` function. By default, the regression method will be used.
> 
> ```R
> # Calculate factor scores (f)
> factor_scores <- scores(factor_analysis)
> 
> # Print factor scores
> print(factor_scores)
> ```
> 
> Now, you have the factor scores (f) for each observation in your dataset, which minimize the error term (epsilon).
> 
> To calculate the error term (epsilon), you can use the following formula:
> 
> `x - Lambda * f = epsilon`
> 
> Where `x` represents the original data, `Lambda` is the matrix of factor loadings, and `f` is the matrix of factor scores.
> 
> 3. Calculate the error term (epsilon) using this formula:
> 
> ```R
> # Get the Lambda (factor loadings) matrix
> Lambda <- factor_analysis$loadings
> 
> # Calculate the error term (epsilon)
> epsilon <- your_data - factor_scores %*% t(Lambda)
> 
> # Print the error term
> print(epsilon)
> ```
> 
> Remember to replace `your_data` with your actual dataset.
> 
> Now you have the factor scores (f) that minimize the error term (epsilon) and the error term itself. To evaluate the quality of the factor analysis, you can calculate the mean squared error (MSE) or other error metrics based on the error term (epsilon).
**user**:
> I don't see a function called scores. How can I get these values?
**assistant**:
> Apologies for the confusion, I made a mistake in my previous response. In R, there isn't a built-in `scores()` function for this purpose. Instead, you can obtain factor scores using the `psych` package. Here's how you can do that:
> 
> 1. Perform factor analysis as described earlier and save the results in a variable, e.g., `factor_analysis`.
> 
> 2. Load the `psych` package and use the `factor.scores()` function to obtain factor scores:
> 
> ```R
> # Install and load the psych package
> install.packages("psych")
> library(psych)
> 
> # Calculate factor scores (f)
> factor_scores <- factor.scores(your_data, factor_analysis$loadings, method = "regression")$scores
> 
> # Print factor scores
> print(factor_scores)
> ```
> 
> Remember to replace `your_data` with your actual dataset.
> 
> The `method` parameter in the `factor.scores()` function allows you to choose the method for calculating factor scores. Available methods are "regression", "Bartlett", and "Anderson-Rubin". The default method is "regression".
> 
> Now, you have the factor scores (f) for each observation in your dataset.
> 
> To calculate the error term (epsilon), you can use the following formula:
> 
> `x - Lambda * f = epsilon`
> 
> Where `x` represents the original data, `Lambda` is the matrix of factor loadings, and `f` is the matrix of factor scores.
> 
> 3. Calculate the error term (epsilon) using this formula:
> 
> ```R
> # Get the Lambda (factor loadings) matrix
> Lambda <- factor_analysis$loadings
> 
> # Calculate the error term (epsilon)
> epsilon <- your_data - factor_scores %*% t(Lambda)
> 
> # Print the error term
> print(epsilon)
> ```
> 
> Remember to replace `your_data` with your actual dataset.
> 
> Now you have the factor scores (f) that minimize the error term (epsilon) and the error term itself. To evaluate the quality of the factor analysis, you can calculate the mean squared error (MSE) or other error metrics based on the error term (epsilon).
