**assistant**:
> Below are selected log entries of past conversations, as part of an experimental AI memory system. T
**user**:
> How can I combine two plots into one in ggplot2? I want them next to eachother, and they have the same groups, but I don't think I want to use facet_wrap because I want the left one to take up fully half of the space and the right one is already using facet_wrap to split up it's space into three columns.
**assistant**:
> To combine two plots side-by-side in `ggplot2`, especially when one of them is using `facet_wrap`, you can use the `patchwork` package in R. `patchwork` provides a simple and intuitive way to compose multiple plots into a single layout. This is particularly useful when you want more control over the layout than `facet_wrap` allows.
> 
> Here's how you can do it:
> 
> 1. First, ensure you have the `patchwork` package installed. If not, you can install it using:
> 
>    ```r
>    install.packages("patchwork")
>    ```
> 
> 2. Then, you can create your two `ggplot` objects and combine them using the `+` operator from `patchwork`.
> 
> Here's a basic example:
> 
> ```r
> # Load necessary libraries
> library(ggplot2)
> library(patchwork)
> 
> # Create a simple ggplot for the left side
> plot1 <- ggplot(data = your_data_frame, aes(x = x_var, y = y_var, color = group_var)) +
>   geom_line() + 
>   theme_minimal() +
>   ggtitle("Left Plot")
> 
> # Create the ggplot with facet_wrap for the right side
> plot2 <- ggplot(data = your_data_frame, aes(x = x_var, y = y_var, color = group_var)) +
>   geom_line() +
>   facet_wrap(~ your_facet_var, ncol = 3) +
>   theme_minimal() +
>   ggtitle("Right Plot with Facet")
> 
> # Combine the plots using patchwork, with flexible width allocation
> combined_plot <- plot1 + plot2 + plot_layout(widths = c(1, 1))
> # You can adjust the widths to suit your preference, e.g., widths = c(1, 1.5) for more space to the right plot
> 
> # Print the combined plot
> print(combined_plot)
> ```
> 
> This setup will give each plot equal width by default. You can tweak the `widths` parameter in `plot_layout()` to allocate space differently if needed. Adjust the `aes` and data to fit your specific use case.
**user**:
> Error in Ops.data.frame(guide_loc, panel_loc) : 
>   ‘==’ only defined for equally-sized data frames
**assistant**:
> The error you're encountering, `Error in Ops.data.frame(guide_loc, panel_loc): ‘==’ only defined for equally-sized data frames`, typically arises when using the `patchwork` package and the plots you're trying to combine have mismatched dimensions or layers.
> 
> To resolve this, here are a few potential solutions and checks:
> 
> ### 1. Check Data Consistency
> Ensure that both plots (`plot1` and `plot2`) are created from data frames that have compatible dimensions, especially if they use the same variable structure. If they reference different subsets or mismatched columns, it could cause issues.
> 
> ### 2. Modify Plot Layout
> Try adjusting the layout or ensuring that each plot has a consistent size. If one plot is significantly larger due to facets, it may be causing the problem.
> 
> ### Example Revised Code
> Here’s a clearer approach that ensures both plots are defined correctly and can be combined without error. It also adds some safeguards.
> 
> ```r
> # Load necessary libraries
> library(ggplot2)
> library(patchwork)
> 
> # Example data
> your_data_frame <- data.frame(
>   x_var = rep(1:10, 3),
>   y_var = rnorm(30),
>   group_var = rep(c("A", "B", "C"), each = 10),
>   facet_var = rep(c("Group1", "Group2", "Group3"), times = 10)
> )
> 
> # Create a simple ggplot for the left side
> plot1 <- ggplot(data = your_data_frame, aes(x = x_var, y = y_var, color = group_var)) +
>   geom_line() + 
>   theme_minimal() +
>   ggtitle("Left Plot")
> 
> # Create the ggplot with facet_wrap for the right side
> plot2 <- ggplot(data = your_data_frame, aes(x = x_var, y = y_var, color = group_var)) +
>   geom_line() +
>   facet_wrap(~ facet_var, ncol = 3) +
>   theme_minimal() +
>   ggtitle("Right Plot with Facet")
> 
> # Combine the plots using patchwork, adjusting widths
> combined_plot <- plot1 + plot2 + plot_layout(widths = c(1, 1.2))
> 
> # Print the combined plot
> print(combined_plot)
> ```
> 
> ### 3. Troubleshoot Further
> If the error persists:
> 
> - **Check your `ggplot` objects**: Print each plot separately before combining them to see if they render correctly.
> - **Inspect data**: Ensure that your data frames are not empty and the variables being plotted exist in both data frames.
> - **Use `ggplot_build()`**: You can use `ggplot_build(plot1)` and `ggplot_build(plot2)` to inspect the underlying data structures of each plot for discrepancies.
> 
> Using these debugging steps should help resolve the error and allow you to combine your plots effectively.
**user**:
> They certainly do not have the same data structures. But they do have the same discrete x-variable groups (which I have coord_flip'd over to the y-axis), and it would be nice to save space with these. What exactly does the patchwork give me, and should I try to shoehorn it into that assumption of the same dataset structure, or use something else?
**assistant**:
> The `patchwork` package provides a flexible and intuitive way to combine multiple `ggplot2` plots into a cohesive layout. It's particularly helpful when you want more control over plot arrangements without being constrained by the same data structure, as you've indicated.
> 
> ### Key Points About `patchwork`
> 
> 1. **Independent Plots**: Each plot can be completely independent concerning data structures, which means you don't need both plots to use the same dataset or even the same variable names.
> 
> 2. **Custom Layout**: You can specify how the plots are arranged (side by side, stacked, etc.). You can also control their relative sizes, which is useful in your case where you want to combine a straightforward plot with one that uses facets.
> 
> 3. **No Data Assumption**: `patchwork` does not force any assumptions about the underlying data, allowing for a more versatile combination of plots.
> 
> ### Recommended Approach
> 
> Given your situation—where the plots are using different datasets but share the same discrete x-variable groups—it’s perfectly fine to use `patchwork`. Here’s how you can combine them without "shoehorning" your data structures:
> 
> 1. **Keep Plots Independent**: Define your plots independently according to their respective datasets.
> 
> 2. **Utilize the Same x-variable**: Since they share discrete x-variable groups, you can always ensure that you format those axes consistently.
> 
> 3. **Combine with `patchwork`**: Combine them as you want, while managing the layout according to your preference.
> 
> ### Example Implementation
> 
> Here's how you might achieve this:
> 
> ```r
> # Load necessary libraries
> library(ggplot2)
> library(patchwork)
> 
> # Simulated datasets
> data1 <- data.frame(
>   group = factor(rep(c("A", "B", "C"), each = 10)),
>   value = rnorm(30)
> )
> 
> data2 <- data.frame(
>   group = factor(rep(c("A", "B", "C"), each = 10)),
>   value = rnorm(30)
> )
> 
> # First plot (left)
> plot1 <- ggplot(data1, aes(x = group, y = value)) +
>   geom_boxplot() +
>   coord_flip() + 
>   labs(title = "Left Plot: Boxplot") +
>   theme_minimal()
> 
> # Second plot (right) with facets
> plot2 <- ggplot(data2, aes(x = group, y = value)) +
>   geom_point() +
>   facet_wrap(~ group) +  # This can be the same variable
>   labs(title = "Right Plot with Facets") +
>   theme_minimal()
> 
> # Combine the plots using patchwork
> combined_plot <- plot1 + plot2 + plot_layout(widths = c(1, 1.5))
> 
> # Print the combined plot
> print(combined_plot)
> ```
> 
> ### Adjusting for Space
> 
> - You can adjust the `widths` argument in `plot_layout()` to assign space relative to each plot. 
> - If necessary, you can tweak the `ggplot2` themes of each plot to ensure they visually match despite different data.
> 
> ### Conclusion
> 
> Using `patchwork` allows you the flexibility to create a multi-plot display without forcing the same data structure. In your case, given the shared discrete groups, this method will give you a clean and visually organized output that serves your needs for clarity and layout.
**user**:
> But how does this help me solve my "‘==’ only defined for equally-sized data frames" problem?
**assistant**:
> The `‘==’ only defined for equally-sized data frames` error in `patchwork` can occur when there are incompatible plot layouts or when the underlying plot objects have conflicting structures. Given that your two plots are using different datasets and that you're dealing with a combination of independent plots, here's how you can troubleshoot this error specifically while utilizing `patchwork` successfully:
> 
> ### Potential Solutions to the Error
> 
> 1. **Check Plot Objects**: Ensure that both `plot1` and `plot2` are created without any conflicting or invisible layers that could misalign them.
> 
> 2. **Verify Mapping Consistency**: Although the datasets are different, ensure that any mapping used in `aes()` for both plots refers to the same variable types. For instance, both should be factors or characters.
> 
> 3. **Adjust `coord_flip()`**: If one plot uses `coord_flip()` and the other does not, make sure they are visually compatible. Sometimes, flipping might affect how the plots interact with each other in the grid layout.
> 
> 4. **Try Using `cowplot` as an Alternative**: If the issue persists, you can explore the `cowplot` package, which offers a similar feature set for combining plots but may avoid the error you're seeing.
> 
> ### Immediate Troubleshooting Steps
> 
> Here’s a step-by-step approach to help you debug the issue and ensure smooth integration with `patchwork`:
> 
> ```r
> # Load necessary libraries
> library(ggplot2)
> library(patchwork)  # Also consider cowplot if you run into further issues
> 
> # First plot (left) using data1
> plot1 <- ggplot(data1, aes(x = group, y = value)) +
>   geom_boxplot() +
>   coord_flip() +
>   labs(title = "Left Plot: Boxplot") +
>   theme_minimal()
> 
> # Second plot (right) using data2 with facets
> plot2 <- ggplot(data2, aes(x = group, y = value)) +
>   geom_point() +
>   facet_wrap(~ group) +  
>   labs(title = "Right Plot with Facets") +
>   theme_minimal()
> 
> # Ensure both plots can be printed individually
> print(plot1)  # Confirm it renders correctly
> print(plot2)  # Confirm it renders correctly
> 
> # Combine the plots using patchwork
> combined_plot <- plot1 + plot2 + plot_layout(widths = c(1, 1.5))
> 
> # Print the combined plot
> print(combined_plot)
> ```
> 
> ### If You Still Encounter Errors
> 
> - **Use Simplified Versions**: Simplify each plot by temporarily removing complex layers or adjustments to isolate which part may be causing the issue.
>   
> - **Inspect Underlying Structure**: Use `str(plot1)` and `str(plot2)` after building the plots to see if there’s anything unexpected in their structure.
> 
> - **Explore `cowplot`**: As a fallback, here's how you'd combine plots using `cowplot`:
> 
>    ```r
>    library(cowplot)
> 
>    # Combine using cowplot
>    combined_plot <- plot_grid(plot1, plot2, rel_widths = c(1, 1.5))
> 
>    # Print the combined plot
>    print(combined_plot)
>    ```
> 
> ### Conclusion
> 
> In summary, the `patchwork` approach should inherently avoid the `‘==’ only defined for equally-sized data frames` error by treating each plot independently. Focus on confirming that each plot object works well alone, verifying the structures of your data used in both plots, and simplifying layers if needed. If problems continue, `cowplot` can be a suitable alternative for combining your visualizations.
**user**:
> I think the cowplot solution works for me. Can you help me get rid of all of the y-axis labels on my right-hand-side graph, so it looks like a continuation of the left?
**assistant**:
> Certainly! To remove the y-axis labels on the right-hand-side plot (your plot with facets), you can use the `theme()` function in `ggplot2` to set the y-axis text, title, and ticks to `element_blank()`. This will create a seamless transition between your left and right plots.
> 
> Here's how to adjust your right-hand-side plot accordingly:
> 
> ```r
> # Load necessary libraries
> library(ggplot2)
> library(cowplot)
> 
> # First plot (left) using data1
> plot1 <- ggplot(data1, aes(x = group, y = value)) +
>   geom_boxplot() +
>   coord_flip() +
>   labs(title = "Left Plot: Boxplot") +
>   theme_minimal()
> 
> # Second plot (right) using data2 with facets
> plot2 <- ggplot(data2, aes(x = group, y = value)) +
>   geom_point() +
>   facet_wrap(~ group) +
>   labs(title = "Right Plot with Facets") +
>   # Remove y-axis labels and ticks
>   theme_minimal() +
>   theme(
>     axis.title.y = element_blank(),  # Remove y-axis title
>     axis.text.y = element_blank(),    # Remove y-axis text
>     axis.ticks.y = element_blank()     # Remove y-axis ticks
>   )
> 
> # Combine using cowplot
> combined_plot <- plot_grid(plot1, plot2, rel_widths = c(1, 1.5))
> 
> # Print the combined plot
> print(combined_plot)
> ```
> 
> ### Key Adjustments
> 
> - `axis.title.y = element_blank()`: This removes the y-axis title.
> - `axis.text.y = element_blank()`: This removes the labels on the y-axis.
> - `axis.ticks.y = element_blank()`: This removes the ticks on the y-axis.
> 
> These changes should give you a clean look for the right-side plot, making it visually continue from the left-side plot without any distracting labels. Adjusting aesthetics like this helps create a cohesive presentation for your plots!
