**assistant**:
> None of the provided conversation synopses directly address the `fread` function or the error "fread
**user**:
> I have a large zip'd CSV file (2.7 GB), which I would like to work on in R. It has data for multiple countries across years and Monte Carlo results. As a first step, how can I collapse that data down to country-year level (so, averaging across Monte Carlo results)? Notably, I don't seem to be able to just do a read.csv on the unzipped CSV file (it's too big).
**assistant**:
> Working with large CSV files can be a challenge in R due to memory limitations. Here’s a step-by-step approach to handle such large datasets efficiently and collapse the data to a country-year level by averaging across Monte Carlo results:
> 
> 1. **Read the File in Chunks**: Use R packages that allow you to read large files in chunks, process them, and then combine the results. `data.table::fread`, `readr::read_csv_chunked`, and `vroom` are popular options.
> 
> 2. **Compute Averages as You Read**: While reading the file in chunks, compute averages for each country-year group within each chunk. This way, you only store the necessary aggregated results in memory.
> 
> 3. **Aggregate Chunk Results**: After processing all chunks, combine the results into a final summary.
> 
> Here's some sample code using the `data.table` package:
> 
> ```r
> library(data.table)
> 
> # Define a function to process each chunk
> process_chunk <- function(df) {
>   # Replace 'country_column', 'year_column', and 'mc_column' with actual column names
>   df[, .(avg_value = mean(mc_column, na.rm = TRUE)), by = .(country_column, year_column)]
> }
> 
> # Initialize an empty data table to hold results
> aggregated_results <- data.table()
> 
> # Read in the zipped file in chunks
> unzip("path/to/your/file.zip", exdir = "temp_dir")
> 
> for (chunk in fread(input = "temp_dir/your_large_file.csv", nThread = 4, chunkSize = 10000)) {
>   # Assuming chunk is a data table, process and append results
>   chunk_results <- process_chunk(chunk)
>   aggregated_results <- rbind(aggregated_results, chunk_results, fill = TRUE)
> }
> 
> # Final aggregation in case of multiple chunks contributing to the same group
> final_results <- aggregated_results[, .(avg_value = mean(avg_value, na.rm = TRUE)), by = .(country_column, year_column)]
> 
> # Clean up temporary files if created
> unlink("temp_dir", recursive = TRUE)
> 
> # Optionally, inspect the first few rows
> print(head(final_results))
> ```
> 
> **Key Points:**
> - Modify the column names `country_column`, `year_column`, and `mc_column` to match your CSV file.
> - Adjust `chunkSize` according to your system's memory capacity and performance testing.
> - Clean up temporary files created during unzipping.
> 
> By processing the data in this manner, you reduce the memory load and still achieve the desired data transformation. Let me know if you need help with any specific part of this process!
**user**:
> Can you also add to this (1) computation for the standard deviation (I think we can add up the contributions to the variance as we go), and (2) allow for another column which we don't want to collapse over (like a group_by on country, year, and this other column when we do the collapse)?
**assistant**:
> Absolutely, we can modify the code to include the computation for standard deviation along with allowing for an additional grouping column. For calculating variance contributions, you can maintain running totals that help you calculate both mean and standard deviation over the chunks.
> 
> Here's how you can adjust the previous code to include the calculation for standard deviation and group by an additional column. Let’s assume this additional column is named `group_column`. 
> 
> ### Updated Code:
> 
> ```r
> library(data.table)
> 
> # Define a function to process each chunk
> process_chunk <- function(df) {
>   # Replace 'country_column', 'year_column', 'mc_column', and 'group_column' with actual column names
>   # Compute mean and variances
>   agg <- df[, .(
>     mean_value = mean(mc_column, na.rm = TRUE), 
>     variance = var(mc_column, na.rm = TRUE) * .N  # using N for sample size in variance calculation
>   ), by = .(country_column, year_column, group_column)]
>   
>   return(agg)
> }
> 
> # Initialize an empty data table to hold results
> aggregated_results <- data.table()
> 
> # Read in the zipped file in chunks
> unzip("path/to/your/file.zip", exdir = "temp_dir")
> 
> # Process the CSV in chunks
> for (chunk in fread(input = "temp_dir/your_large_file.csv", nThread = 4, chunkSize = 10000)) {
>   # Process current chunk
>   chunk_results <- process_chunk(chunk)
>   aggregated_results <- rbind(aggregated_results, chunk_results, fill = TRUE)
> }
> 
> # Final aggregation to compute mean and standard deviation
> final_results <- aggregated_results[, .(
>   mean_value = mean(mean_value), 
>   variance_sum = sum(variance), 
>   count = .N  # you can use count for further calculations
> ), by = .(country_column, year_column, group_column)]
> 
> # Calculate standard deviation from the total variance sum
> final_results[, sd_value := sqrt(variance_sum / (count - 1))]  # Bessel's correction
> 
> # Clean up temporary files if created
> unlink("temp_dir", recursive = TRUE)
> 
> # Optionally, inspect the first few rows
> print(head(final_results))
> ```
> 
> ### Key Changes:
> 1. **Variance Calculation**: In the `process_chunk` function, we calculate both mean and variance using `.N` (the size of the group) to contribute to the variance sum for later standard deviation calculations.
>    
> 2. **Additional Grouping**: The code incorporates an additional grouping variable `group_column` when collapsing the data.
> 
> 3. **Final Aggregation**: After processing the chunks, we compute the sum of the variances and the mean of the means. Using these, we calculate the standard deviation based on the total variance sum and count of observations to apply Bessel's correction.
> 
> This setup will allow you to efficiently calculate both the mean and the standard deviation while still considering another column for grouping. Let me know if you have specific questions about any of these steps!
**user**:
> Hmm, I get an error that fread doesn't recognize chunkSize.
**assistant**:
> You're correct that `fread` from the `data.table` package doesn’t support a `chunkSize` argument directly. Instead, you can read the data in chunks by using the `nrows` and `skip` arguments in a loop until the entire file is processed. Here’s how you can modify the approach to implement chunked reading correctly:
> 
> ### Revised Approach
> 
> 1. **Set Parameters**: Define the number of rows to read at a time (`chunkSize`).
> 2. **Read Data in Chunks**: Use a loop along with `fread` to read fixed-sized chunks by specifying `nrows` and `skip`.
> 
> Here’s the updated code:
> 
> ```r
> library(data.table)
> 
> # Define a function to process each chunk
> process_chunk <- function(df) {
>   # Replace 'country_column', 'year_column', 'mc_column', and 'group_column' with actual column names
>   agg <- df[, .(
>     mean_value = mean(mc_column, na.rm = TRUE), 
>     variance = var(mc_column, na.rm = TRUE) * .N  # Contributing to variance
>   ), by = .(country_column, year_column, group_column)]
>   
>   return(agg)
> }
> 
> # Parameters
> chunkSize <- 10000  # Number of rows to read at a time
> aggregated_results <- data.table()
> file_path <- "temp_dir/your_large_file.csv"  # Path to your CSV file
> 
> # Read in the zipped file
> unzip("path/to/your/file.zip", exdir = "temp_dir")
> 
> # Get the total number of rows to read
> total_rows <- fread(file_path, select = 1L)[, .N]  # Counting rows based on any single column
> for (i in seq(0, total_rows, by = chunkSize)) {
>   chunk <- fread(file_path, nrows = chunkSize, skip = i)
>   
>   # Process current chunk
>   chunk_results <- process_chunk(chunk)
>   aggregated_results <- rbind(aggregated_results, chunk_results, fill = TRUE)
> }
> 
> # Final aggregation to compute mean and standard deviation
> final_results <- aggregated_results[, .(
>   mean_value = mean(mean_value), 
>   variance_sum = sum(variance), 
>   count = .N  # you can use count for further calculations
> ), by = .(country_column, year_column, group_column)]
> 
> # Calculate standard deviation from the total variance sum
> final_results[, sd_value := sqrt(variance_sum / (count - 1))]  # Bessel's correction
> 
> # Clean up temporary files if created
> unlink("temp_dir", recursive = TRUE)
> 
> # Optionally, inspect the first few rows
> print(head(final_results))
> ```
> 
> ### Key Adjustments:
> 1. **Counting Rows**: We read the file initially to count the total number of rows using `select = 1L`, which ensures we only load one column while counting.
>   
> 2. **Chunk Reading**: Instead of `chunkSize`, we now specify the number of rows to read each time with `nrows` and control where to start reading from with `skip`.
> 
> This approach should resolve the issue and allow you to work with your large CSV file efficiently. Let me know if you have further questions or if you need additional modifications!
