**assistant**:
> Below are selected log entries of past conversations, as part of an experimental AI memory system. T
**user**:
> I am trying to automatically extract the image URL from a comic webpage on each update. I have the link to the full page, but I think I need to download the webpage to find the image. Also, the image tag doesn't have a clean ID associated with it. According to my browser, here is the selector to the image: "body > table > tbody > tr:nth-child(2) > td > table > tbody > tr > td:nth-child(2) > table > tbody > tr > td > table > tbody > tr:nth-child(2) > td > img".
> 
> In python, how can I grab the webpage and then I extract the URL to this image?
**assistant**:
> You can achieve this using the `requests` library to download the webpage and `BeautifulSoup` from the `bs4` package to parse the HTML and extract the image URL. Here's a step-by-step solution:
> 
> 1. **Download the webpage content using the `requests` library.**
> 2. **Parse the HTML content using `BeautifulSoup`.**
> 3. **Use the given CSS selector to find the image tag and extract the `src` attribute.**
> 
> Here is a complete Python script to do this:
> 
> ```python
> import requests
> from bs4 import BeautifulSoup
> 
> # Step 1: Download the webpage content
> url = 'http://example.com/comic-page'  # Replace with the actual URL
> 
> response = requests.get(url)
> if response.status_code != 200:
>     print(f"Failed to retrieve the webpage. Status code: {response.status_code}")
>     exit()
> 
> # Step 2: Parse the HTML content
> soup = BeautifulSoup(response.content, 'html.parser')
> 
> # Step 3: Use the CSS selector to find the image tag and extract the URL
> css_selector = 'body > table > tbody > tr:nth-child(2) > td > table > tbody > tr > td:nth-child(2) > table > tbody > tr > td > table > tbody > tr:nth-child(2) > td > img'
> image_tag = soup.select_one(css_selector)
> 
> if image_tag:
>     image_url = image_tag['src']
>     print(f"Image URL: {image_url}")
> else:
>     print("Image not found with the given selector.")
> ```
> 
> You might need to tweak the CSS selector slightly if the structure of the webpage changes dynamically or if there are multiple images on the page. Adjusting the selector or adding more robust error handling can address this.
> 
> If the webpage content is loaded via JavaScript after the initial HTTP request, you might need to use a library like `selenium` to render the JavaScript and then extract the information. Here's a brief mention of how you would do this with `selenium`:
> 
> ```python
> from selenium import webdriver
> from selenium.webdriver.common.by import By
> 
> # Step 1: Initialize the Selenium WebDriver
> driver = webdriver.Chrome()  # Make sure chromedriver is installed and in your PATH
> 
> # Step 2: Load the webpage
> driver.get('http://example.com/comic-page')
> 
> # Step 3: Use the CSS selector to find the image tag and extract the URL
> css_selector = 'body > table > tbody > tr:nth-child(2) > td > table > tbody > tr > td:nth-child(2) > table > tbody > tr > td > table > tbody > tr:nth-child(2) > td > img'
> image_element = driver.find_element(By.CSS_SELECTOR, css_selector)
> 
> if image_element:
>     image_url = image_element.get_attribute('src')
>     print(f"Image URL: {image_url}")
> else:
>     print("Image not found with the given selector.")
> 
> # Step 4: Close the Selenium WebDriver
> driver.quit()
> ```
> 
> Make sure to install the necessary libraries:
> 
> ```bash
> pip install requests beautifulsoup4 selenium
> ```
> 
> Also, download the appropriate WebDriver for your browser (e.g., `chromedriver` for Chrome) and ensure it's in your system's PATH.
> 
> Let me know if you need more details or run into any issues!
**user**:
> That doesn't work. The soup.select_one returns nothing, even when I replace `css_selector` directly with a paste from Chrome's Developer Tools's "Copy Selector" option.
**assistant**:
> It seems like the issue might be related to the way the webpage is structured or how it loads its content. When traditional methods like `requests` and `BeautifulSoup` are unable to extract the image URL, it could be because the image is loaded dynamically via JavaScript after the initial HTML content is fetched.
> 
> In this case, you can use `Selenium` in combination with a web driver (such as ChromeDriver) to allow the webpage to fully load and then extract the image URL. Here's an updated script that uses `Selenium` to accomplish this:
> 
> ```python
> from selenium import webdriver
> 
> # Step 1: Initialize the Selenium WebDriver
> driver = webdriver.Chrome()  # Make sure chromedriver is installed and in your PATH
> 
> # Step 2: Load the webpage
> url = 'http://example.com/comic-page'  # Replace with the actual URL
> driver.get(url)
> 
> # Step 3: Find the image element
> image_element = driver.find_element_by_css_selector('body > table > tbody > tr:nth-child(2) > td > table > tbody > tr > td:nth-child(2) > table > tbody > tr > td > table > tbody > tr:nth-child(2) > td > img')
> 
> # Step 4: Extract the image URL
> if image_element:
>     image_url = image_element.get_attribute('src')
>     print(f"Image URL: {image_url}")
> else:
>     print("Image not found with the given selector.")
> 
> # Step 5: Close the Selenium WebDriver
> driver.quit()
> ```
> 
> Remember to install the `selenium` package and the appropriate WebDriver for your browser (in this case, ChromeDriver). You can find ChromeDriver here: [ChromeDriver - WebDriver for Chrome](https://sites.google.com/a/chromium.org/chromedriver/downloads).
> 
> Make sure that the browser window launched by WebDriver remains open and loads completely for the script to find the image element. If the image is still not found, you may need to inspect the webpage further to adapt the script to the specific structure of the page or consider other methods for extracting the image URL.
> 
> Let me know if you need further assistance with this!
**user**:
> I really don't want to pop up a whole browser, just to grab the most prominant image in a webpage. Can you suggest other ways?
**assistant**:
> If you want to avoid launching a full browser window to extract the image URL from a webpage, you can consider using alternative techniques that work with the initial HTML content without needing JavaScript execution. One such approach involves utilizing libraries like `requests` and `BeautifulSoup` along with additional strategies to locate the prominent image on the page.
> 
> Here's a refined approach that involves directly downloading the webpage with `requests`, parsing it with `BeautifulSoup`, and attempting to identify the most prominent image based on various criteria (like image size, position, etc.):
> 
> ```python
> import requests
> from bs4 import BeautifulSoup
> from urllib.parse import urljoin
> 
> # Function to calculate image prominence based on various factors (e.g., size, position, etc.)
> def calculate_image_prominence(img):
>     # You can implement your own logic to determine the prominence of an image
>     # For simplicity, let's assume the first image encountered is the most prominent
>     return 1
> 
> # Download the webpage content
> url = 'http://example.com/comic-page'  # Replace with the actual URL
> response = requests.get(url)
> if response.status_code != 200:
>     print(f"Failed to retrieve the webpage. Status code: {response.status_code}")
>     exit()
> 
> # Parse the HTML content
> soup = BeautifulSoup(response.content, 'html.parser')
> 
> # Find all image tags in the HTML
> images = soup.find_all('img')
> 
> # Identify the most prominent image based on custom criteria
> most_prominent_image = max(images, key=calculate_image_prominence)
> 
> if most_prominent_image:
>     image_url = urljoin(url, most_prominent_image['src'])
>     print(f"Most Prominent Image URL: {image_url}")
> else:
>     print("No prominent image found on the webpage.")
> ```
> 
> In this approach, the `calculate_image_prominence()` function can be customized based on your specific criteria for determining the most prominent image. The example provided here simply selects the first encountered image as the most prominent.
> 
> You can enhance the image prominence calculation logic based on various factors like image size, position on the webpage, parent container information, CSS classes, or any other relevant attributes that define prominence in your context.
> 
> By customizing `calculate_image_prominence()` and potentially refining the selection criteria, you can improve the accuracy of identifying the most prominent image on a given webpage without the need to launch a full browser window.
> 
> Feel free to adapt this approach to better suit your requirements or let me know if you need further assistance!
**user**:
> How can I download each image and check its size, ideally without saving it to disk?
**assistant**:
> To download each image and check its size without saving it to disk, you can use the `requests` library in combination with Python's `PIL` (Python Imaging Library) or its successor `Pillow` to inspect the image size. Here's a modified script that demonstrates how you can achieve this:
> 
> ```python
> import requests
> from PIL import Image
> from io import BytesIO
> from bs4 import BeautifulSoup
> from urllib.parse import urljoin
> 
> # Function to calculate image size
> def calculate_image_size(image_url):
>     response = requests.get(image_url)
>     if response.status_code == 200:
>         image_data = BytesIO(response.content)
>         image = Image.open(image_data)
>         size = image.size
>         return size
>     else:
>         return None
> 
> # Download the webpage content
> url = 'http://example.com/comic-page' # Replace with the actual URL
> response = requests.get(url)
> if response.status_code != 200:
>     print(f"Failed to retrieve the webpage. Status code: {response.status_code}")
>     exit()
> 
> # Parse the HTML content
> soup = BeautifulSoup(response.content, 'html.parser')
> 
> # Find all image tags in the HTML
> images = soup.find_all('img')
> 
> # Check size for each image
> for img in images:
>     image_url = urljoin(url, img['src'])
>     size = calculate_image_size(image_url)
>     if size:
>         print(f"Image URL: {image_url}\nImage Size: {size}")
>     else:
>         print(f"Failed to retrieve size for image: {image_url}")
> ```
> 
> In this script:
> - The `calculate_image_size()` function downloads the image using `requests` and then uses `PIL` or `Pillow` to open the image from memory (without saving it to disk) and retrieve its size.
> - The script iterates through each image found on the webpage, calculates the size of each image, and prints the image URL along with its size if successful.
> 
> Make sure to install the `Pillow` library by running:
> ```
> pip install Pillow
> ```
> 
> This approach allows you to inspect the size of each image without saving them to disk, providing a way to analyze image data before determining further actions based on the image characteristics.
> 
> Feel free to adjust the logic to fit your specific requirements or let me know if you need further assistance!
**user**:
> How about the size of the image file (as a measure of image complexity)? Can I get that directly from requests?
**assistant**:
> While the `requests` library doesn't provide a direct method to retrieve the file size of an image without fully downloading the content, you can analyze the HTTP response headers to get an approximate image file size before deciding to download the image for further analysis.
> 
> Here's an updated script that demonstrates how to get the approximate size of each image file from the HTTP response headers using the `requests` library:
> 
> ```python
> import requests
> from bs4 import BeautifulSoup
> from urllib.parse import urljoin
> 
> # Function to get the approximate image file size from headers
> def get_image_file_size(image_url):
>     response = requests.head(image_url)
>     if 'Content-Length' in response.headers:
>         file_size = int(response.headers['Content-Length'])
>         return file_size
>     else:
>         return None
> 
> # Download the webpage content
> url = 'http://example.com/comic-page' # Replace with the actual URL
> response = requests.get(url)
> if response.status_code != 200:
>     print(f"Failed to retrieve the webpage. Status code: {response.status_code}")
>     exit()
> 
> # Parse the HTML content
> soup = BeautifulSoup(response.content, 'html.parser')
> 
> # Find all image tags in the HTML
> images = soup.find_all('img')
> 
> # Check size for each image
> for img in images:
>     image_url = urljoin(url, img['src'])
>     file_size = get_image_file_size(image_url)
>     if file_size:
>         print(f"Image URL: {image_url}\nApproximate File Size (in bytes): {file_size}")
>     else:
>         print(f"Failed to retrieve file size for image: {image_url}")
> ```
> 
> In this script:
> - The `get_image_file_size()` function sends a `HEAD` request to the image URL to retrieve the HTTP response headers, specifically the `Content-Length` header, which provides the approximate size of the image file in bytes.
> - The script iterates through each image found on the webpage, retrieves the approximate file size of the image from the HTTP headers, and prints the image URL along with its file size if successful.
> 
> By checking the `Content-Length` header provided by the server in the HTTP response, you can estimate the file size of the image without needing to download the entire content, which can help in assessing image complexity based on file size.
> 
> Feel free to test this script and let me know if you need further assistance or modifications!
**user**:
> If I decide to download it at that point, would I follow up the get_image_file_size line with a requests.get command?
**assistant**:
> Yes, if you decide to download the image after retrieving the approximate file size using the `get_image_file_size()` function, you can follow up with a `requests.get` command to actually download the image content. Here's how you can adjust the script to download the image after obtaining the file size:
> 
> ```python
> import requests
> from bs4 import BeautifulSoup
> from urllib.parse import urljoin
> 
> # Function to get the approximate image file size from headers
> def get_image_file_size(image_url):
>     response = requests.head(image_url)
>     if 'Content-Length' in response.headers:
>         file_size = int(response.headers['Content-Length'])
>         return file_size
>     else:
>         return None
> 
> # Function to download the image content
> def download_image(image_url):
>     response = requests.get(image_url)
>     if response.status_code == 200:
>         return response.content
>     else:
>         return None
> 
> # Download the webpage content
> url = 'http://example.com/comic-page' # Replace with the actual URL
> response = requests.get(url)
> if response.status_code != 200:
>     print(f"Failed to retrieve the webpage. Status code: {response.status_code}")
>     exit()
> 
> # Parse the HTML content
> soup = BeautifulSoup(response.content, 'html.parser')
> 
> # Find all image tags in the HTML
> images = soup.find_all('img')
> 
> # Check size for each image and download if desired
> for img in images:
>     image_url = urljoin(url, img['src'])
>     file_size = get_image_file_size(image_url)
>     if file_size:
>         print(f"Image URL: {image_url}\nApproximate File Size (in bytes): {file_size}")
>         
>         # Download the image if needed
>         image_content = download_image(image_url)
>         if image_content:
>             # Process the downloaded image content as needed
>             print("Image downloaded successfully.")
>         else:
>             print("Failed to download the image.")
>     else:
>         print(f"Failed to retrieve file size for image: {image_url}")
> ```
> 
> In this updated script:
> 1. The `download_image()` function is introduced to perform a `GET` request to download the image content given its URL.
> 2. After obtaining the approximate file size using `get_image_file_size()`, the script checks if download is desired and initiates the download using `download_image()` if necessary.
> 3. Upon successful download, the script can process the downloaded image content as needed.
> 
> By integrating the `download_image()` function into the script, you can choose to download the image after assessing its approximate file size, enabling you to further analyze or utilize the image data based on your requirements.
> 
> Feel free to adjust the download logic and image processing steps as needed, and let me know if you have any more questions or need further assistance!
