**user**:
> I have relied on a function "importShapefile" in the PBSmapping package for a whole bunch of different work. What I liked about it is that it imported the data as a simple dataframe. Here is the description:
> ===
> importShapefile: Import an ESRI Shapefile
> Description
> Import an ESRI shapefile (.shp) into either a PolySet or EventData.
> 
> Usage
> importShapefile (fn, readDBF=TRUE, projection=NULL, zone=NULL, 
>    minverts=3, placeholes=FALSE, show.progress=FALSE)
> Value
> For points, EventData with columns EID, X, and
> 
> Y, possibly with other columns from the attribute database. For polylines and polygons, a PolySet with columns PID,
> 
> SID, POS, X, Y and attribute projection. Other attributes that may or may not be attached: parent.child
> 
> (boolean vector from original input), shpType (numeric shape type: 1, 3, or 5), prj (projection information from .prj
> 
> file, xml (metadata from an .xml file), PolyData
> 
> (data from the attribute database .dbf), and zone (UTM zone).
> 
> Arguments
> 
> fn
> character -- file name of the shapefile to import; specifying the extension is optional.
> 
> 
> readDBF
> logical -- if TRUE, import the associated ".dbf" (database containing feature attributes) and add as an attribute to the output PolySet | EventData object.
> 
> 
> projection
> character -- optional projection attribute to override the internally derived value.
> 
> 
> zone
> numeric -- optional zone attribute to override the default value of NULL.
> 
> 
> minverts
> numeric -- minimum number of vertices required for a polygon representing a hole to be retained (does not affect solids).
> 
> 
> placeholes
> logical -- if TRUE then for every PID identify solids and holes, and place holes under appropriate solids.
> 
> 
> show.progress
> logical -- if TRUE, display on the command console the progress of placing holes under solids.
> 
> Author
> Nicholas M. Boers, Associate Professor -- Computer Science
> MacEwan University, Edmonton AB
> 
> Rowan Haigh, Program Head -- Offshore Rockfish
> Pacific Biological Station (PBS), Fisheries & Oceans Canada (DFO), Nanaimo BC
> opus locus: Institute of Ocean Sciences (IOS), Sidney BC
> Last modified Rd: 2018-09-07
> 
> Details
> This routine imports an ESRI shapefile (.shp) into either a PolySet or EventData, depending on the type of shapefile. It supports types 1 (Point), 3 (PolyLine), and 5 (Polygon) and imports type 1 into EventData and types 3 and 5 into a PolySet. In addition to the shapefile (.shp), it requires the related index file (.shx).
> 
> If a database containing feature attributes (.dbf) exists, it also imports this database by default. For EventData, it binds the database columns to the EventData object. For a PolySet, it saves the database in a PolyData object and attaches that object to the PolySet in an attribute named “PolyData”.
> 
> If a .prj file exists, this information is attached as an attribute. If the first 3 characters are ‘GEO’, then a geographic projection is assumed and projection="LL". If the first 4 characters are ‘PROJ’, and ‘UTM’ occurs elsewhere in the string, then the Universal Transverse Mercator projection is assumed and projection="UTM". Otherwise, projection=1.
> 
> If an .xml file exists, this information is attached as an attribute.
> 
> Shapes of numeric shape type 5 exported from ArcView in geographic projection identify solids as polygons with vertices following a clockwise path and holes as polygons that follow a counter-clockwise path. Unfortuantely, either the export from ArcView or the import using a C-routine from the package maptools often does not report solids followed by their holes. We employ a new R function placeHoles to do this for us. Ideally, this routine should be rendered in C, but for now we use this function if the user sets the argument placeholes=TRUE. Depending on the size and complexity of your shapefile, the computation may take a while.
> ===
> 
> This function is no longer available, because of underlying library changes. Here is a draft of a new version of the function:
> ===
> library(PBSmapping)
> library(sf)
> library(dplyr)
> 
> importShapefile <- function(fn, readDBF=TRUE, projection=NULL, zone=NULL,
>                             minverts=3, placeholes=FALSE, show.progress=FALSE) {
> 
>     ## Append .shp extension if necessary and check for file existence
>     if (!grepl("\\.shp$", fn)) {
>         fn <- paste0(fn, ".shp")
>     }
> 
>     ## Check if the shapefile and associated files exist
>     required_files <- c(fn, sub("\\.shp$", ".shx", fn), sub("\\.shp$", ".dbf", fn))
>     if (!all(file.exists(required_files))) {
>         stop("One or more required files (shp, shx, dbf) are missing.")
>     }
> 
>     ## Read the shapefile
>     shape <- st_read(fn, quiet = TRUE)
> 
>   if (nrow(shape) == 0) stop("No features found in the shapefile.")
> 
>   # Get unique geometry type
>   geom_types <- unique(st_geometry_type(shape))
>   message("Geometry types: ", paste(geom_types, collapse = ", "))
> 
>   # Initialize a list to store results
>   result_list <- list()
> 
>   if ("POINT" %in% geom_types) {
>     # Handle POINT geometry
>     data <- st_coordinates(shape) %>%
>       as.data.frame() %>%
>       rename(X = X, Y = Y)
> 
>     eventdata <- cbind(EID = seq_len(nrow(data)), data)
>     if (readDBF) {
>       eventdata <- cbind(eventdata, st_drop_geometry(shape))
>     }
>     result_list$data <- eventdata
> 
>   }
> 
>   if ("LINESTRING" %in% geom_types || "POLYGON" %in% geom_types) {
>     # Handle LINESTRING and POLYGON geometries
>     polylines <- st_coordinates(shape) %>%
>       as.data.frame() %>%
>       rename(X = X, Y = Y)
> 
>     # Add POS (position) and PID (part ID)
>     polylines$POS <- seq_len(nrow(polylines))
>     polylines$PID <- rep(1:length(unique(polylines$L1)), times = rle(polylines$L1)$lengths)
> 
>     polyset <- polylines %>%
>       dplyr::select(PID, POS, X, Y)
> 
>     if (readDBF) {
>       attr_data <- st_drop_geometry(shape)
>       result_list$data <- polyset
>       result_list$PolyData <- attr_data
>     }
>   }
> 
>   if (length(geom_types) > 1) {
>     warning("Mixed geometry types detected. Only points, linestrings, and polygons are processed.")
>   }
> 
>   # Store the primary data and associated attributes
>   main_data <- result_list$data
> 
>   if (exists("PolyData", result_list)) {
>     attr(main_data, "PolyData") <- result_list$PolyData
>   }
> 
>   if (!is.null(projection)) {
>     st_crs(shape) <- projection
>     attr(main_data, "projection") <- projection
>   }
> 
>   if (!is.null(zone)) {
>     attr(main_data, "zone") <- zone
>   }
> 
>   if (placeholes) {
>     message("Note: In this version, automatic hole placement is not implemented.")
>   }
> 
>   return(main_data)
> }
> 
> # Example usage
> # Adjust the filename path below to point to your actual shapefile
> # shapefile_data <- importShapefile("path/to/your/shapefile.shp")
> ===
> 
> But this does not currently handle `MULTIPOLYGON` shapes. Can you add this?
**assistant**:
> Certainly! Handling `MULTIPOLYGON` shapes involves expanding the handling for `POLYGON` geometries to account for the possibility of multiple outer contours (shells) and inner contours (holes) within each feature. Here's an updated version of your function that includes support for `MULTIPOLYGON` geometries:
> 
> ```r
> library(PBSmapping)
> library(sf)
> library(dplyr)
> 
> importShapefile <- function(fn, readDBF=TRUE, projection=NULL, zone=NULL,
>                             minverts=3, placeholes=FALSE, show.progress=FALSE) {
>     
>     ## Append .shp extension if necessary and check for file existence
>     if (!grepl("\\.shp$", fn)) {
>         fn <- paste0(fn, ".shp")
>     }
> 
>     ## Check if the shapefile and associated files exist
>     required_files <- c(fn, sub("\\.shp$", ".shx", fn), sub("\\.shp$", ".dbf", fn))
>     if (!all(file.exists(required_files))) {
>         stop("One or more required files (shp, shx, dbf) are missing.")
>     }
> 
>     ## Read the shapefile
>     shape <- st_read(fn, quiet = TRUE)
> 
>     if (nrow(shape) == 0) stop("No features found in the shapefile.")
> 
>     # Get unique geometry type
>     geom_types <- unique(st_geometry_type(shape))
>     message("Geometry types: ", paste(geom_types, collapse = ", "))
> 
>     # Initialize a list to store results
>     result_list <- list()
> 
>     if ("POINT" %in% geom_types) {
>         # Handle POINT geometry
>         data <- st_coordinates(shape) %>%
>             as.data.frame() %>%
>             rename(X = X, Y = Y)
> 
>         eventdata <- cbind(EID = seq_len(nrow(data)), data)
>         if (readDBF) {
>             eventdata <- cbind(eventdata, st_drop_geometry(shape))
>         }
>         result_list$data <- eventdata
>     }
> 
>     if ("LINESTRING" %in% geom_types || "POLYGON" %in% geom_types || "MULTIPOLYGON" %in% geom_types) {
>         # Handle LINESTRING, POLYGON, and MULTIPOLYGON geometries
>         polylines <- st_cast(shape, "POLYGON") %>% st_cast("LINESTRING")
>         polylines_data <- st_coordinates(polylines) %>%
>             as.data.frame() %>%
>             rename(X = X, Y = Y)
>         
>         # Add POS (position), PID (part ID), and SID (sub part ID for multipolygons)
>         polylines_data <- polylines_data %>%
>             mutate(POS = row_number(),
>                    PID = lag(cumsum(L1 != lag(L1, default = -1)), default = 0) + 1,
>                    SID = L2)
> 
>         polyset <- polylines_data %>%
>             dplyr::select(PID, SID, POS, X, Y)
> 
>         if (readDBF) {
>             attr_data <- st_drop_geometry(polylines)
>             result_list$data <- polyset
>             result_list$PolyData <- attr_data
>         }
>     }
> 
>     if (length(geom_types) > 1) {
>         warning("Mixed geometry types detected. Only points, linestrings, polygons, and multipolygons are processed.")
>     }
> 
>     # Store the primary data and associated attributes
>     main_data <- result_list$data
> 
>     if (exists("PolyData", result_list)) {
>         attr(main_data, "PolyData") <- result_list$PolyData
>     }
> 
>     if (!is.null(projection)) {
>         st_crs(shape) <- projection
>         attr(main_data, "projection") <- projection
>     }
> 
>     if (!is.null(zone)) {
>         attr(main_data, "zone") <- zone
>     }
> 
>     if (placeholes) {
>         message("Note: In this version, automatic hole placement is not implemented.")
>     }
> 
>     return(main_data)
> }
> 
> # Example usage
> # Adjust the filename path below to point to your actual shapefile
> # shapefile_data <- importShapefile("path/to/your/shapefile.shp")
> ```
> 
> This code converts `MULTIPOLYGON` geometries into `LINESTRING` for processing, capturing each distinct shell and hole with separate identifiers using the `SID` column. While this solution includes multiple subparts, keep in mind the lack of advanced hole placement, which would require additional logic for orientation of vertex sequencing or changes in the computation using topological routines.
**user**:
> What is this L2 thing? When I tried this, it gave the error:
> Error in `mutate()`:
> ℹ In argument: `SID = L2`.
> Caused by error:
> ! object 'L2' not found
> Run `rlang::last_trace()` to see where the error occurred.
**assistant**:
> The `L2` in the code I proposed was meant to refer to the second level of grouping within the data frame created by `st_coordinates()`. However, it appears that I haven't correctly created this structure to extract `L2`, resulting in the error you're encountering.
> 
> Here's an updated approach that ensures proper handling of the `MULTIPOLYGON` and assigns identifiers correctly without referencing non-existent variables:
> 
> ### Revised Function
> 
> ```r
> library(PBSmapping)
> library(sf)
> library(dplyr)
> 
> importShapefile <- function(fn, readDBF=TRUE, projection=NULL, zone=NULL,
>                             minverts=3, placeholes=FALSE, show.progress=FALSE) {
>     
>     ## Append .shp extension if necessary and check for file existence
>     if (!grepl("\\.shp$", fn)) {
>         fn <- paste0(fn, ".shp")
>     }
> 
>     ## Check if the shapefile and associated files exist
>     required_files <- c(fn, sub("\\.shp$", ".shx", fn), sub("\\.shp$", ".dbf", fn))
>     if (!all(file.exists(required_files))) {
>         stop("One or more required files (shp, shx, dbf) are missing.")
>     }
> 
>     ## Read the shapefile
>     shape <- st_read(fn, quiet = TRUE)
> 
>     if (nrow(shape) == 0) stop("No features found in the shapefile.")
> 
>     # Get unique geometry type
>     geom_types <- unique(st_geometry_type(shape))
>     message("Geometry types: ", paste(geom_types, collapse = ", "))
> 
>     # Initialize a list to store results
>     result_list <- list()
> 
>     if ("POINT" %in% geom_types) {
>         # Handle POINT geometry
>         data <- st_coordinates(shape) %>% as.data.frame() %>% rename(X = X, Y = Y)
>         eventdata <- cbind(EID = seq_len(nrow(data)), data)
> 
>         if (readDBF) {
>             eventdata <- cbind(eventdata, st_drop_geometry(shape))
>         }
>         result_list$data <- eventdata
>     }
> 
>     if ("LINESTRING" %in% geom_types || "POLYGON" %in% geom_types || "MULTIPOLYGON" %in% geom_types) {
>         # Handle LINESTRING, POLYGON, and MULTIPOLYGON geometries
>         shape_lines <- st_cast(shape, "MULTILINESTRING")
>         coords <- st_coordinates(shape_lines)
> 
>         # Create data frame for lines and polygons
>         polylines_data <- as.data.frame(coords) %>%
>             mutate(PID = as.integer(as.factor(L1)),  # Unique ID for each feature
>                    POS = row_number()) %>%        # Position within the feature
>             select(PID, POS, X = X, Y = Y)
> 
>         result_list$data <- polylines_data
>         
>         if (readDBF) {
>             attr_data <- st_drop_geometry(shape)
>             result_list$PolyData <- attr_data
>         }
>     }
> 
>     if (length(geom_types) > 1) {
>         warning("Mixed geometry types detected. Only points, linestrings, polygons, and multipolygons are processed.")
>     }
> 
>     # Store the primary data and associated attributes
>     main_data <- result_list$data
> 
>     if (exists("PolyData", result_list)) {
>         attr(main_data, "PolyData") <- result_list$PolyData
>     }
> 
>     if (!is.null(projection)) {
>         st_crs(shape) <- projection
>         attr(main_data, "projection") <- projection
>     }
> 
>     if (!is.null(zone)) {
>         attr(main_data, "zone") <- zone
>     }
> 
>     if (placeholes) {
>         message("Note: In this version, automatic hole placement is not implemented.")
>     }
> 
>     return(main_data)
> }
> 
> # Example usage
> # Adjust the filename path below to point to your actual shapefile
> # shapefile_data <- importShapefile("path/to/your/shapefile.shp")
> ```
> 
> ### Explanation of Changes:
> 1. **Removed L2 Reference**: The error arose because the previous code incorrectly referenced `L2`, which was not defined. The new implementation explicitly assigns `PID` based on the `L1` grouping from `st_coordinates()`.
> 
> 2. **Handling of `MULTIPOLYGON`**: The function casts the shapes as `MULTILINESTRING` for simplicity, treating `POLYGONS` and `MULTIPOLYGONS` uniformly.
> 
> 3. **Perform Variable Assignments Correctly**: It ensures that the `PID` is assigned correctly for unique features in the dataset.
> 
> This should resolve the error and accurately handle `MULTIPOLYGON` geometries. Please give this version a try!
**user**:
> But this drops SID entirely. I need to keep track of the multiple polygons within a PID, and I've used SID for that in the past.
**assistant**:
> Got it! To accurately track multiple polygons within a `PID`, we can add an additional identifier for each sub-part (in this case, each polygon within a single feature). We will use the `SID` (sub-part ID) to label each polygon that belongs to the same `PID`. 
> 
> Here's an updated version of your `importShapefile` function that retains the `SID` while properly handling both `POLYGON` and `MULTIPOLYGON` geometries:
> 
> ### Revised Function with `SID`
> 
> ```r
> library(PBSmapping)
> library(sf)
> library(dplyr)
> 
> importShapefile <- function(fn, readDBF=TRUE, projection=NULL, zone=NULL,
>                             minverts=3, placeholes=FALSE, show.progress=FALSE) {
>     
>     ## Append .shp extension if necessary and check for file existence
>     if (!grepl("\\.shp$", fn)) {
>         fn <- paste0(fn, ".shp")
>     }
> 
>     ## Check if the shapefile and associated files exist
>     required_files <- c(fn, sub("\\.shp$", ".shx", fn), sub("\\.shp$", ".dbf", fn))
>     if (!all(file.exists(required_files))) {
>         stop("One or more required files (shp, shx, dbf) are missing.")
>     }
> 
>     ## Read the shapefile
>     shape <- st_read(fn, quiet = TRUE)
> 
>     if (nrow(shape) == 0) stop("No features found in the shapefile.")
> 
>     # Get unique geometry type
>     geom_types <- unique(st_geometry_type(shape))
>     message("Geometry types: ", paste(geom_types, collapse = ", "))
> 
>     # Initialize a list to store results
>     result_list <- list()
> 
>     if ("POINT" %in% geom_types) {
>         # Handle POINT geometry
>         data <- st_coordinates(shape) %>% as.data.frame() %>% rename(X = X, Y = Y)
>         eventdata <- cbind(EID = seq_len(nrow(data)), data)
> 
>         if (readDBF) {
>             eventdata <- cbind(eventdata, st_drop_geometry(shape))
>         }
>         result_list$data <- eventdata
>     }
> 
>     if ("LINESTRING" %in% geom_types || "POLYGON" %in% geom_types || "MULTIPOLYGON" %in% geom_types) {
>         # Handle LINESTRING, POLYGON, and MULTIPOLYGON geometries
>         # Cast to MULTIPOLYGON to ensure we capture all geometries as needed
>         multipolys <- st_cast(shape, "MULTIPOLYGON")
> 
>         # Extract coordinates and identifiers
>         coords <- st_coordinates(multipolys)
>         
>         # Create data frame for multiple parts
>         polylines_data <- as.data.frame(coords) %>%
>             mutate(PID = as.integer(as.factor(L1)),  # Unique ID for each feature
>                    SID = L2,                      # Sub-ID for polygons within the same feature
>                    POS = row_number()) %>%        # Position within the feature
>             select(PID, SID, POS, X = X, Y = Y)
> 
>         result_list$data <- polylines_data
>         
>         if (readDBF) {
>             attr_data <- st_drop_geometry(shape)
>             result_list$PolyData <- attr_data
>         }
>     }
>     
>     if (length(geom_types) > 1) {
>         warning("Mixed geometry types detected. Only points, linestrings, polygons, and multipolygons are processed.")
>     }
> 
>     # Store the primary data and associated attributes
>     main_data <- result_list$data
> 
>     if (exists("PolyData", result_list)) {
>         attr(main_data, "PolyData") <- result_list$PolyData
>     }
> 
>     if (!is.null(projection)) {
>         st_crs(shape) <- projection
>         attr(main_data, "projection") <- projection
>     }
> 
>     if (!is.null(zone)) {
>         attr(main_data, "zone") <- zone
>     }
> 
>     if (placeholes) {
>         message("Note: In this version, automatic hole placement is not implemented.")
>     }
> 
>     return(main_data)
> }
> 
> # Example usage
> # Adjust the filename path below to point to your actual shapefile
> # shapefile_data <- importShapefile("path/to/your/shapefile.shp")
> ```
> 
> ### Explanation of Changes:
> 1. **`SID` Handling**: This time, `SID` retains its role as a sub-part identifier. We simply derive it from `L2` in the `st_coordinates()` output which distinguishes the polygons within each feature.
> 2. **Coordinates and IDs**: The coordinates and IDs are extracted all together with their respective parts, ensuring that every polygon within a `PID` is uniquely labeled.
> 
> Now the function should properly track multiple polygons assigned to the same `PID` using `SID` while maintaining all necessary identifiers. Please test this version!
**user**:
> Doesn't this fail to report a unique PID, corresponding to each multipolygon in the file? The result I got had almost all rows have PID = 1 (and PID only got up to 4), even though there are a few thousand shapes. I think we need to have PID counted forward more like what you had before-- `lag(cumsum(L1 != lag(L1, default = -1)), default = 0) + 1`.
**assistant**:
> You're correct! The `PID` allocation should indeed provide a unique identifier for each feature (i.e., each multipolygon) in the shapefile. The previous approach using `lag(cumsum(...))` allows proper assignment of `PID` in a way that distinguishes each feature correctly. Let's refine the implementation to ensure that `PID` is assigned correctly to each distinct multipolygon entry.
> 
> Here’s the corrected version of the function:
> 
> ### Corrected Function with Unique `PID`
> 
> ```r
> library(PBSmapping)
> library(sf)
> library(dplyr)
> 
> importShapefile <- function(fn, readDBF=TRUE, projection=NULL, zone=NULL,
>                             minverts=3, placeholes=FALSE, show.progress=FALSE) {
>     
>     ## Append .shp extension if necessary and check for file existence
>     if (!grepl("\\.shp$", fn)) {
>         fn <- paste0(fn, ".shp")
>     }
> 
>     ## Check if the shapefile and associated files exist
>     required_files <- c(fn, sub("\\.shp$", ".shx", fn), sub("\\.shp$", ".dbf", fn))
>     if (!all(file.exists(required_files))) {
>         stop("One or more required files (shp, shx, dbf) are missing.")
>     }
> 
>     ## Read the shapefile
>     shape <- st_read(fn, quiet = TRUE)
> 
>     if (nrow(shape) == 0) stop("No features found in the shapefile.")
> 
>     # Get unique geometry type
>     geom_types <- unique(st_geometry_type(shape))
>     message("Geometry types: ", paste(geom_types, collapse = ", "))
> 
>     # Initialize a list to store results
>     result_list <- list()
> 
>     if ("POINT" %in% geom_types) {
>         # Handle POINT geometry
>         data <- st_coordinates(shape) %>% as.data.frame() %>% rename(X = X, Y = Y)
>         eventdata <- cbind(EID = seq_len(nrow(data)), data)
> 
>         if (readDBF) {
>             eventdata <- cbind(eventdata, st_drop_geometry(shape))
>         }
>         result_list$data <- eventdata
>     }
> 
>     if ("LINESTRING" %in% geom_types || "POLYGON" %in% geom_types || "MULTIPOLYGON" %in% geom_types) {
>         # Handle LINESTRING, POLYGON, and MULTIPOLYGON geometries
>         # Cast to MULTIPOLYGON to ensure we capture all geometries as needed
>         shape <- st_cast(shape, "MULTIPOLYGON")
> 
>         # Extract coordinates and identifiers
>         coords <- st_coordinates(shape)
>         
>         # Create data frame for multiple parts
>         polylines_data <- as.data.frame(coords) %>%
>             mutate(PID = lag(cumsum(L1 != lag(L1, default = -1)), default = 0) + 1,  # Unique ID for each feature
>                    SID = L2,                       # Sub-ID for polygons within the same feature
>                    POS = row_number()) %>%         # Position within the feature
>             select(PID, SID, POS, X = X, Y = Y)
> 
>         result_list$data <- polylines_data
>         
>         if (readDBF) {
>             attr_data <- st_drop_geometry(shape)
>             result_list$PolyData <- attr_data
>         }
>     }
>     
>     if (length(geom_types) > 1) {
>         warning("Mixed geometry types detected. Only points, linestrings, polygons, and multipolygons are processed.")
>     }
> 
>     # Store the primary data and associated attributes
>     main_data <- result_list$data
> 
>     if (exists("PolyData", result_list)) {
>         attr(main_data, "PolyData") <- result_list$PolyData
>     }
> 
>     if (!is.null(projection)) {
>         st_crs(shape) <- projection
>         attr(main_data, "projection") <- projection
>     }
> 
>     if (!is.null(zone)) {
>         attr(main_data, "zone") <- zone
>     }
> 
>     if (placeholes) {
>         message("Note: In this version, automatic hole placement is not implemented.")
>     }
> 
>     return(main_data)
> }
> 
> # Example usage
> # Adjust the filename path below to point to your actual shapefile
> # shapefile_data <- importShapefile("path/to/your/shapefile.shp")
> ```
> 
> ### Key Changes:
> 1. **Unique `PID` Calculation**: The `PID` is now correctly calculated using the `lag(cumsum(...))` method to ensure it increments as new features (multipolygons) are identified. This persists through the grouping of points.
>   
> 2. **Use of `st_cast`**: The `shape` is casted to `MULTIPOLYGON` to ensure all relevant geometries are processed consistently.
> 
> This version should properly assign unique `PID` values for each multipolygon. Please give this a try!
**user**:
> This still has problems. The result only has PID up to 34, but there are 258 PIDs in the file. In the coords data frame, I see that L3 goes up to 258. Could this be used to count off the PIDs?
**assistant**:
> Thank you for your patience! You're right; if `L3` represents the unique identifiers for individual multipolygons in the original data, we can indeed utilize it directly to assign `PID`. This adjustment will ensure that each unique multipolygon gets a distinct identifier, regardless of how many coordinates it contains.
> 
> Here's the corrected implementation that uses `L3` for the `PID` assignment:
> 
> ### Updated Function Using `L3` for `PID`
> 
> ```r
> library(PBSmapping)
> library(sf)
> library(dplyr)
> 
> importShapefile <- function(fn, readDBF=TRUE, projection=NULL, zone=NULL,
>                             minverts=3, placeholes=FALSE, show.progress=FALSE) {
>     
>     ## Append .shp extension if necessary and check for file existence
>     if (!grepl("\\.shp$", fn)) {
>         fn <- paste0(fn, ".shp")
>     }
> 
>     ## Check if the shapefile and associated files exist
>     required_files <- c(fn, sub("\\.shp$", ".shx", fn), sub("\\.shp$", ".dbf", fn))
>     if (!all(file.exists(required_files))) {
>         stop("One or more required files (shp, shx, dbf) are missing.")
>     }
> 
>     ## Read the shapefile
>     shape <- st_read(fn, quiet = TRUE)
> 
>     if (nrow(shape) == 0) stop("No features found in the shapefile.")
> 
>     # Get unique geometry type
>     geom_types <- unique(st_geometry_type(shape))
>     message("Geometry types: ", paste(geom_types, collapse = ", "))
> 
>     # Initialize a list to store results
>     result_list <- list()
> 
>     if ("POINT" %in% geom_types) {
>         # Handle POINT geometry
>         data <- st_coordinates(shape) %>% as.data.frame() %>% rename(X = X, Y = Y)
>         eventdata <- cbind(EID = seq_len(nrow(data)), data)
> 
>         if (readDBF) {
>             eventdata <- cbind(eventdata, st_drop_geometry(shape))
>         }
>         result_list$data <- eventdata
>     }
> 
>     if ("LINESTRING" %in% geom_types || "POLYGON" %in% geom_types || "MULTIPOLYGON" %in% geom_types) {
>         # Handle LINESTRING, POLYGON, and MULTIPOLYGON geometries
>         # Cast to MULTIPOLYGON to ensure we capture all geometries as needed
>         shape <- st_cast(shape, "MULTIPOLYGON")
> 
>         # Extract coordinates and identifiers
>         coords <- st_coordinates(shape)
> 
>         # Use L3 to distinguish unique features (multipolygon counts)
>         polylines_data <- as.data.frame(coords) %>%
>             mutate(PID = L3,                   # Use L3 directly for unique PIDs
>                    SID = L2,                 # Sub-ID for polygons within the same feature
>                    POS = row_number()) %>%   # Position within the feature
>             select(PID, SID, POS, X = X, Y = Y)
> 
>         result_list$data <- polylines_data
>         
>         if (readDBF) {
>             attr_data <- st_drop_geometry(shape)
>             result_list$PolyData <- attr_data
>         }
>     }
>     
>     if (length(geom_types) > 1) {
>         warning("Mixed geometry types detected. Only points, linestrings, polygons, and multipolygons are processed.")
>     }
> 
>     # Store the primary data and associated attributes
>     main_data <- result_list$data
> 
>     if (exists("PolyData", result_list)) {
>         attr(main_data, "PolyData") <- result_list$PolyData
>     }
> 
>     if (!is.null(projection)) {
>         st_crs(shape) <- projection
>         attr(main_data, "projection") <- projection
>     }
> 
>     if (!is.null(zone)) {
>         attr(main_data, "zone") <- zone
>     }
> 
>     if (placeholes) {
>         message("Note: In this version, automatic hole placement is not implemented.")
>     }
> 
>     return(main_data)
> }
> 
> # Example usage
> # Adjust the filename path below to point to your actual shapefile
> # shapefile_data <- importShapefile("path/to/your/shapefile.shp")
> ```
> 
> ### Key Adjustments:
> 1. **Using `L3` for `PID`**: The `PID` is now assigned directly from `L3`, which should correspond to the unique identifiers for multipolygons in the file, reflecting their count correctly.
> 
> 2. **Same Structure**: The function structure remains largely the same but focuses on leveraging the existing identifiers from `st_coordinates()` to maintain data integrity.
> 
> This should properly yield unique `PID` values for each multipolygon and reflect the total count accurately. Please give this version a test!
**user**:
> Could we add like a group_by on L3, so that we count up the POS from 1 for each multipolygon?
**assistant**:
> Certainly! Adding a `group_by` on `L3` will ensure that the `POS` (position) counter resets to 1 for each unique multipolygon. This will allocate the `POS` values only within the group of points associated with each individual multipolygon. Here’s how to implement that:
> 
> ### Updated Function with `group_by` for `POS`
> 
> ```r
> library(PBSmapping)
> library(sf)
> library(dplyr)
> 
> importShapefile <- function(fn, readDBF=TRUE, projection=NULL, zone=NULL,
>                             minverts=3, placeholes=FALSE, show.progress=FALSE) {
>     
>     ## Append .shp extension if necessary and check for file existence
>     if (!grepl("\\.shp$", fn)) {
>         fn <- paste0(fn, ".shp")
>     }
> 
>     ## Check if the shapefile and associated files exist
>     required_files <- c(fn, sub("\\.shp$", ".shx", fn), sub("\\.shp$", ".dbf", fn))
>     if (!all(file.exists(required_files))) {
>         stop("One or more required files (shp, shx, dbf) are missing.")
>     }
> 
>     ## Read the shapefile
>     shape <- st_read(fn, quiet = TRUE)
> 
>     if (nrow(shape) == 0) stop("No features found in the shapefile.")
> 
>     # Get unique geometry type
>     geom_types <- unique(st_geometry_type(shape))
>     message("Geometry types: ", paste(geom_types, collapse = ", "))
> 
>     # Initialize a list to store results
>     result_list <- list()
> 
>     if ("POINT" %in% geom_types) {
>         # Handle POINT geometry
>         data <- st_coordinates(shape) %>% as.data.frame() %>% rename(X = X, Y = Y)
>         eventdata <- cbind(EID = seq_len(nrow(data)), data)
> 
>         if (readDBF) {
>             eventdata <- cbind(eventdata, st_drop_geometry(shape))
>         }
>         result_list$data <- eventdata
>     }
> 
>     if ("LINESTRING" %in% geom_types || "POLYGON" %in% geom_types || "MULTIPOLYGON" %in% geom_types) {
>         # Handle LINESTRING, POLYGON, and MULTIPOLYGON geometries
>         # Cast to MULTIPOLYGON to ensure we capture all geometries as needed
>         shape <- st_cast(shape, "MULTIPOLYGON")
> 
>         # Extract coordinates and identifiers
>         coords <- st_coordinates(shape)
> 
>         # Use L3 to distinguish unique features (multipolygon counts)
>         polylines_data <- as.data.frame(coords) %>%
>             mutate(PID = L3,                   # Use L3 directly for unique PIDs
>                    SID = L2) %>%              # Sub-ID for polygons within the same feature
>             group_by(PID) %>%                  # Group by PID for POS counting
>             mutate(POS = row_number()) %>%     # Position within each multipolygon group
>             ungroup() %>%                      # Ungroup to return to a regular data frame
>             select(PID, SID, POS, X = X, Y = Y)
> 
>         result_list$data <- polylines_data
>         
>         if (readDBF) {
>             attr_data <- st_drop_geometry(shape)
>             result_list$PolyData <- attr_data
>         }
>     }
>     
>     if (length(geom_types) > 1) {
>         warning("Mixed geometry types detected. Only points, linestrings, polygons, and multipolygons are processed.")
>     }
> 
>     # Store the primary data and associated attributes
>     main_data <- result_list$data
> 
>     if (exists("PolyData", result_list)) {
>         attr(main_data, "PolyData") <- result_list$PolyData
>     }
> 
>     if (!is.null(projection)) {
>         st_crs(shape) <- projection
>         attr(main_data, "projection") <- projection
>     }
> 
>     if (!is.null(zone)) {
>         attr(main_data, "zone") <- zone
>     }
> 
>     if (placeholes) {
>         message("Note: In this version, automatic hole placement is not implemented.")
>     }
> 
>     return(main_data)
> }
> 
> # Example usage
> # Adjust the filename path below to point to your actual shapefile
> # shapefile_data <- importShapefile("path/to/your/shapefile.shp")
> ```
> 
> ### Key Changes:
> 1. **`group_by(PID)`**: We group the data by `PID`, which corresponds to the unique identifiers derived from `L3`.
>   
> 2. **`mutate(POS = row_number())`**: This line counts the positions within each multipolygon, starting from 1 for each group of points associated with a given multipolygon.
>   
> 3. **`ungroup()`**: After calculating `POS`, we ungroup the data so that the resulting data frame does not retain any grouping structure.
> 
> This implementation should now properly assign unique `PID` values for each multipolygon and reset `POS` for each multipolygon. Please test this version to confirm that it meets your needs!
