**assistant**:
> Below are selected log entries of past conversations, as part of an experimental AI memory system. T
**user**:
> I am using the following code to read an ics file from a URL:
> ```
> import requests
> from icalendar import Calendar
> 
> url = "https://calendar.google.com/calendar/ical/nytimes.com_89ai4ijpb733gt28rg21d2c2ek@group.calendar.google.com/public/basic.ics"
> response = requests.get(url)
> response.raise_for_status()
> 
> # Parse the ICS file
> calendar = Calendar.from_ical(response.content)
> 
> # Iterate through the events in the calendar
> for component in calendar.walk():
>     if component.name == "VEVENT":
>         event_summary = component.get('summary')
>         event_start = component.get('dtstart').dt
>         event_end = component.get('dtend').dt
>         print(f"Event: {event_summary}")
>         print(f"Start: {event_start}")
>         print(f"End: {event_end}")
>         print("-" * 20)
> ```
> 
> Now, I want to filter this so I just see events within 1 month of today. How can I do that?
**assistant**:
> You can filter the events to show only those within 1 month of today by comparing the event start dates with the current date. Here's an updated version of your code that includes this filtering:
> 
> ```python
> import requests
> from icalendar import Calendar
> from datetime import datetime, timedelta
> 
> # Fetch the calendar data
> url = "https://calendar.google.com/calendar/ical/nytimes.com_89ai4ijpb733gt28rg21d2c2ek@group.calendar.google.com/public/basic.ics"
> response = requests.get(url)
> response.raise_for_status()
> 
> # Parse the ICS file
> calendar = Calendar.from_ical(response.content)
> 
> # Get the current date and calculate the date one month ahead
> current_date = datetime.now()
> one_month_later = current_date + timedelta(days=30)
> 
> # Iterate through the events in the calendar and filter them
> for component in calendar.walk():
>     if component.name == "VEVENT":
>         event_summary = component.get('summary')
>         event_start = component.get('dtstart').dt
>         event_end = component.get('dtend').dt
>         
>         # Check if the event start date is within 1 month from today
>         if current_date <= event_start <= one_month_later:
>             print(f"Event: {event_summary}")
>             print(f"Start: {event_start}")
>             print(f"End: {event_end}")
>             print("-" * 20)
> ```
> 
> This code will display only the events that have a start date within the next 30 days from today. Here's a breakdown of the changes made:
> 
> 1. **Current Date and One Month Later Calculation:**
>    - `current_date = datetime.now()`
>    - `one_month_later = current_date + timedelta(days=30)`
> 
> 2. **Filtering the Events Based on Date:**
>    - Before printing the event details, it checks if `event_start` is within the range `[current_date, one_month_later]`.
> 
> This way, you'll only see events that start within the next month.
**user**:
> I get the error:
> Traceback (most recent call last):
>   File "<stdin>", line 7, in <module>
> TypeError: can't compare datetime.datetime to datetime.date
> 
**assistant**:
> The error occurs because the `event_start` and `event_end` properties are `datetime.date` objects, while the `current_date` and `one_month_later` are `datetime.datetime` objects. To resolve this, you can convert the `event_start` and `event_end` to `datetime.datetime` objects before comparing them with `current_date` and `one_month_later`. Here's how you can modify the code to address this issue:
> 
> ```python
> import requests
> from icalendar import Calendar, vDatetime
> from datetime import datetime, timedelta
> 
> # Fetch the calendar data
> url = "https://calendar.google.com/calendar/ical/nytimes.com_89ai4ijpb733gt28rg21d2c2ek@group.calendar.google.com/public/basic.ics"
> response = requests.get(url)
> response.raise_for_status()
> 
> # Parse the ICS file
> calendar = Calendar.from_ical(response.content)
> 
> # Get the current date and calculate the date one month ahead
> current_date = datetime.now()
> one_month_later = current_date + timedelta(days=30)
> 
> # Iterate through the events in the calendar and filter them
> for component in calendar.walk():
>     if component.name == "VEVENT":
>         event_summary = component.get('summary')
>         event_start = component.get('dtstart').dt
>         event_end = component.get('dtend').dt
> 
>         # Convert event_start and event_end to datetime objects
>         if isinstance(event_start, vDatetime):
>             event_start = event_start.dt
>         if isinstance(event_end, vDatetime):
>             event_end = event_end.dt
>         
>         # Check if the event start date is within 1 month from today
>         if current_date.date() <= event_start.date() <= one_month_later.date():
>             print(f"Event: {event_summary}")
>             print(f"Start: {event_start}")
>             print(f"End: {event_end}")
>             print("-" * 20)
> ```
> 
> In this updated code:
> 1. We check if `event_start` and `event_end` are instances of `vDatetime` (from `icalendar`) and convert them to `datetime` objects if necessary.
> 2. When comparing dates, we use the `date()` method to compare the date portion of the `datetime` objects to avoid the `TypeError`.
