**user**:
> How do I convert a raster, loaded with the raster library in R, to latitude/longitude? The raster is global, but the extent suggests that its m easting/northing or something like that.
**assistant**:
> To convert a raster from a projected coordinate system (e.g., easting/northing) to geographic coordinates (latitude/longitude), you can use the `projectRaster` function from the `raster` library in R. Here's how you can do it:
> 
> 1. First, make sure the raster has a valid CRS (Coordinate Reference System) defined. If it's not already defined, you can set it using the `crs()` function.
> 
> 2. Next, reproject the raster to a geographic CRS using the `projectRaster` function.
> 
> Here's a code example:
> 
> ```R
> # Load the raster library
> library(raster)
> 
> # Load the raster file
> input_raster <- raster("path/to/your/raster/file.tif")
> 
> # Make sure the input raster has a valid CRS defined
> if (is.na(crs(input_raster))) {
>   crs(input_raster) <- CRS("+proj=...") # Replace '...' with the appropriate Proj4 string for your raster's CRS
> }
> 
> # Define the target CRS (lat/long, WGS84)
> target_crs <- CRS("+proj=latlong +datum=WGS84")
> 
> # Reproject the raster to the target CRS
> output_raster <- projectRaster(input_raster, crs=target_crs)
> 
> # Save the output raster to a new file
> writeRaster(output_raster, "path/to/output/raster/file.tif", format='GTiff', overwrite=TRUE)
> ```
> 
> Replace `"path/to/your/raster/file.tif"` with the path to your input raster file, and `"path/to/output/raster/file.tif"` with the path where you want to save the reprojected raster file. Make sure to replace the `...` in the `proj` string with the appropriate parameters for your input raster's CRS.
**user**:
> When I try to change the CRS, I get the error, "northings must follow eastings: +proj=latlong +datum=WGS84". What does that mean?
**assistant**:
> This error message usually occurs when you are trying to set a CRS that has swapped latitude/longitude and easting/northing parameters. In this case, it looks like you are trying to set the CRS to `"+proj=latlong +datum=WGS84"`, which is a geographic CRS using latitude/longitude coordinates. However, it seems like your input data might be in the projected coordinate system with northings (y-coordinate) preceding eastings (x-coordinate), which is not allowed in a geographic coordinate system with longitude preceding latitude. 
> 
> Instead, you should check the CRS of your input raster dataset and determine the correct Proj4 string for it. You can usually find this information in the metadata of the dataset or by looking it up online. Once you have the correct Proj4 string, you can set the CRS of your raster using the `crs()` function in R. For example, if your raster is in the UTM zone 10N projection, you can set the CRS as follows:
> 
> ```
> crs(input_raster) <- CRS("+proj=utm +zone=10 +datum=WGS84 +units=m +no_defs")
> ```
> 
> This sets the CRS of your raster to the corresponding UTM zone 10N projection. Once you have ensured that the CRS is correctly set for your raster, you can then use the `projectRaster` function as described earlier to convert it to a geographic CRS using latitude/longitude coordinates.
**user**:
> I tried just changing the CRS name to +proj=longlat, rather than +proj=latlong, and now it seems to be working on it. But it's taking a very long time. Why would it take a long time to change the projection?
**assistant**:
> Reprojecting a raster can be a computationally intensive task, especially if the input raster is very large and/or the reprojection involves significant coordinate transformations. This is because reprojecting a raster requires resampling the original data and transforming it onto a new grid that accurately represents the target CRS. This can involve complex math and algorithms that can take a long time to run.
> 
> Additionally, the time required to reproject a raster will depend on the available computational resources of your machine, including processor speed, memory, and disk I/O. If your machine has limited resources, this can slow down the process considerably.
> 
> Finally, the complexity of the reprojection itself can also affect the processing time. For example, reprojecting from a very different projection with a large distortion (such as a polar stereographic projection) to a geographic coordinate system can take much longer than reprojecting from a UTM zone to a geographic coordinate system.
> 
> In general, it's a good idea to monitor the processing time when reprojecting a raster, and to consider using smaller subsets of the data or simplifying the reprojection parameters (e.g., using a less distorted projection) if the processing time becomes prohibitive.
