**user**:
> In Shiny, I have a select box which controls the data in a table. That select box only has like 10 options, but in a different part of the page, you can select options that aren't in that box. If you do it that way, the system will have the information it needs to generate the table for those other options.
> 
> How can I make the UI so that as a user you can only select certain options from the select box, but through javascript you can set the title on the select box to be something else?
**assistant**:
> To create an interface in Shiny where a select box has certain fixed options but can be programmatically updated to display a different label, you'll need to combine Shiny inputs with some custom JavaScript. Essentially, you'll use Shiny's inherent reactivity and JavaScript's flexibility to update the select box's label dynamically.
> 
> Here’s a step-by-step approach:
> 
> 1. **Create the Select Input**: Define the UI in Shiny with the select box having predefined options.
> 
> 2. **Invoke JavaScript**: Use JavaScript to change the label of the select box based on some other action on the page.
> 
> 3. **Shiny Server Logic**: Write the server logic to reactively handle the data table based on the input, even if the label of the select box has been dynamically changed.
> 
> ### Example Shiny App
> 
> #### UI
> 
> ```r
> library(shiny)
> 
> ui <- fluidPage(
>   titlePanel("Dynamic Select Box Example"),
>   sidebarLayout(
>     sidebarPanel(
>       selectInput("fixed_select", "Choose an Option:",
>                   choices = c("Option A", "Option B", "Option C")),
>       actionButton("update_label", "Update Select Box Label"),
>       textInput("new_label", "New Label for Select Box:")
>     ),
>     mainPanel(
>       tableOutput("data_table")
>     )
>   ),
>   
>   # Add custom JavaScript
>   tags$script(HTML('
>     Shiny.addCustomMessageHandler("setSelectBoxLabel", function(message) {
>       var selectElement = document.getElementById(message.id);
>       selectElement.options[selectElement.selectedIndex].text = message.label;
>     });
>   '))
> )
> ```
> 
> #### Server
> 
> ```r
> server <- function(input, output, session) {
>   observeEvent(input$update_label, {
>     new_label <- input$new_label
>     shinyjs::runjs(sprintf(
>       "Shiny.setInputValue('%s', null, {priority: 'event'})", new_label
>     ))
>     session$sendCustomMessage(type = 'setSelectBoxLabel', message = list(
>       id = "fixed_select",
>       label = new_label
>     ))
>   })
>   
>   output$data_table <- renderTable({
>     selected_option <- input$fixed_select
>     # Your code to generate a data frame or other table output based on `selected_option`
>     data.frame(
>       "Selected Option" = selected_option,
>       "Other Data" = runif(1)
>     )
>   })
> }
> 
> # Run the application 
> shinyApp(ui = ui, server = server)
> ```
> 
> ### How It Works
> 
> - **UI Layout**: This UI includes a select input, a text input, and an action button. The user can type in a new label for the select input.
>   
> - **Custom JavaScript**: In the UI section, custom JavaScript is included that listens for a message from the Shiny server and updates the select box’s label accordingly.
> 
> - **Server Logic**: When the action button is clicked, the server updates the label of the select box by sending a custom message to the frontend using `session$sendCustomMessage`. The JavaScript then handles updating the DOM to change the label of the selected option.
> 
> This approach allows you to dynamically update the label of the select input while keeping the underlying value consistent with Shiny’s reactivity model.
**user**:
> I tried this, and the Update button does nothing (it also gives no javascript error in the console when I run the `Shiny.setInputValue` line manually-- the select box just doesn't change at all). I'm also worried that `selectElement.options[selectElement.selectedIndex].text = message.label;` will change the text of one of my valid options.
> 
> Don't I need to add a new option to the select box with the appropriate label? It's okay if it stays there afterwards (I can save the necessary data somewhere).
**assistant**:
> You're correct! To update the select box appropriately, you can add a new option with the new label while maintaining the original options. Here’s a modified method to add a new option to the select box whenever the "Update" button is clicked. This way, you can dynamically add an option without modifying any existing ones.
> 
> ### Revised Shiny App Example
> 
> #### UI
> 
> ```r
> library(shiny)
> 
> ui <- fluidPage(
>   titlePanel("Dynamic Select Box Example"),
>   sidebarLayout(
>     sidebarPanel(
>       selectInput("fixed_select", "Choose an Option:",
>                   choices = c("Option A", "Option B", "Option C")),
>       textInput("new_label", "New Label for Select Box:"),
>       actionButton("update_label", "Add New Option")
>     ),
>     mainPanel(
>       tableOutput("data_table")
>     )
>   ),
>   
>   # Add custom JavaScript
>   tags$script(HTML('
>     Shiny.addCustomMessageHandler("addOption", function(message) {
>       var selectElement = document.getElementById("fixed_select");
>       var newOption = document.createElement("option");
>       newOption.value = message.value;  // Set the value for this new option
>       newOption.text = message.label;      // Set the label for this new option
>       selectElement.add(newOption);       // Add the new option to the select box
>     });
>   '))
> )
> ```
> 
> #### Server
> 
> ```r
> server <- function(input, output, session) {
>   observeEvent(input$update_label, {
>     new_value <- paste("CustomOption", input$new_label)  # Create a unique value
>     new_label <- input$new_label
>     
>     # Send the message to add a new option
>     session$sendCustomMessage(type = 'addOption', message = list(
>       value = new_value,
>       label = new_label
>     ))
>   })
>   
>   output$data_table <- renderTable({
>     selected_option <- input$fixed_select
>     # Your code to generate a data frame or other table output based on `selected_option`
>     data.frame(
>       "Selected Option" = selected_option,
>       "Other Data" = runif(1)
>     )
>   })
> }
> 
> # Run the application 
> shinyApp(ui = ui, server = server)
> ```
> 
> ### Explanation
> 
> 1. **Add New Option**: The JavaScript listens for the custom message "addOption" and adds a new `<option>` element to the select box. The new option's `value` is set to a unique string that includes the custom label, while the `text` displays the new label.
> 
> 2. **Server Logic Update**: In the server code, when the update button is clicked, it constructs a unique value and sends a message with the new option's value and label to the frontend.
> 
> 3. **Dynamic Additions**: With each button click, a new option is appended to the existing ones, ensuring that no valid options are altered.
> 
> Using this method, you keep all original options safe while allowing users to add new selections dynamically, based on their inputs.
**user**:
> It's still not working. I've also tried a simpler jquery way to add an option:
> $('#mySelect').append($('<option>', {
>     value: 1,
>     text: 'My option'
> }));
> 
> But no change in the select box. I think that's because shiny is doing something to the select box to make it look nice. I see the new option in the DOM, but the displayed text box seems to be a different chunk of HTML below it.
**assistant**:
> It seems you're encountering issues because Shiny uses `selectize.js` for select inputs, which indeed replaces the standard HTML `<select>` element with a more stylized version. This can prevent direct DOM manipulation from accurately reflecting changes.
> 
> To address this issue, you need to interact with the `selectize` instance. You can access the underlying JavaScript functions to add new options. Here's how you can do it:
> 
> ### Updated Shiny App Example with `selectize`
> 
> #### UI
> 
> ```r
> library(shiny)
> 
> ui <- fluidPage(
>   titlePanel("Dynamic Select Box Example"),
>   sidebarLayout(
>     sidebarPanel(
>       selectInput("fixed_select", "Choose an Option:",
>                   choices = c("Option A", "Option B", "Option C")),
>       textInput("new_label", "New Label for Select Box:"),
>       actionButton("update_label", "Add New Option")
>     ),
>     
>     mainPanel(
>       tableOutput("data_table")
>     )
>   ),
>   
>   # Custom JavaScript to handle selectize options
>   tags$script(HTML('
>     Shiny.addCustomMessageHandler("addOption", function(message) {
>       var selectize = $("#fixed_select").selectize()[0].selectize;
>       selectize.addOption({value: message.value, text: message.label});
>       selectize.refreshOptions(false); // Refresh options for display
>     });
>   '))
> )
> ```
> 
> #### Server
> 
> ```r
> server <- function(input, output, session) {
>   observeEvent(input$update_label, {
>     new_value <- paste("CustomOption", input$new_label)  # Create a unique value
>     new_label <- input$new_label
>     
>     # Send the message to add a new option
>     session$sendCustomMessage("addOption", list(
>       value = new_value,
>       label = new_label
>     ))
>   })
>   
>   output$data_table <- renderTable({
>     selected_option <- input$fixed_select
>     # Your code to generate a data frame or other table output based on `selected_option`
>     data.frame(
>       "Selected Option" = selected_option,
>       "Other Data" = runif(1)
>     )
>   })
> }
> 
> # Run the application 
> shinyApp(ui = ui, server = server)
> ```
> 
> ### Key Changes Explained
> 
> 1. **Handling with `selectize.js`**: The JavaScript code now retrieves the `selectize` instance associated with the select input. You can directly call `addOption` to insert new options into the select box.
> 
> 2. **Option Refreshing**: After adding a new option, calling `refreshOptions(false)` ensures that the dropdown displays the newly added options without resetting the current selection.
> 
> ### Final Thoughts
> 
> With this implementation, you should see the selected input updated properly when you add new options using the text input and button. Make sure your browser's JavaScript console is open for any potential errors during testing. This method ensures compatibility with Shiny's dynamic UI components by correctly leveraging the underlying libraries used.
