**assistant**:
> The most relevant past conversation is the one from **2023-09-29 10:52:35**.  This conversation deta
**user**:
> I have relied on a function "importShapefile" in the PBSmapping package for a whole bunch of different work. What I liked about it is that it imported the data as a simple dataframe. Here is the description:
> ===
> importShapefile: Import an ESRI Shapefile
> Description
> Import an ESRI shapefile (.shp) into either a PolySet or EventData.
> 
> Usage
> importShapefile (fn, readDBF=TRUE, projection=NULL, zone=NULL, 
>    minverts=3, placeholes=FALSE, show.progress=FALSE)
> Value
> For points, EventData with columns EID, X, and
> 
> Y, possibly with other columns from the attribute database. For polylines and polygons, a PolySet with columns PID,
> 
> SID, POS, X, Y and attribute projection. Other attributes that may or may not be attached: parent.child
> 
> (boolean vector from original input), shpType (numeric shape type: 1, 3, or 5), prj (projection information from .prj
> 
> file, xml (metadata from an .xml file), PolyData
> 
> (data from the attribute database .dbf), and zone (UTM zone).
> 
> Arguments
> 
> fn
> character -- file name of the shapefile to import; specifying the extension is optional.
> 
> 
> readDBF
> logical -- if TRUE, import the associated ".dbf" (database containing feature attributes) and add as an attribute to the output PolySet | EventData object.
> 
> 
> projection
> character -- optional projection attribute to override the internally derived value.
> 
> 
> zone
> numeric -- optional zone attribute to override the default value of NULL.
> 
> 
> minverts
> numeric -- minimum number of vertices required for a polygon representing a hole to be retained (does not affect solids).
> 
> 
> placeholes
> logical -- if TRUE then for every PID identify solids and holes, and place holes under appropriate solids.
> 
> 
> show.progress
> logical -- if TRUE, display on the command console the progress of placing holes under solids.
> 
> Author
> Nicholas M. Boers, Associate Professor -- Computer Science
> MacEwan University, Edmonton AB
> 
> Rowan Haigh, Program Head -- Offshore Rockfish
> Pacific Biological Station (PBS), Fisheries & Oceans Canada (DFO), Nanaimo BC
> opus locus: Institute of Ocean Sciences (IOS), Sidney BC
> Last modified Rd: 2018-09-07
> 
> Details
> This routine imports an ESRI shapefile (.shp) into either a PolySet or EventData, depending on the type of shapefile. It supports types 1 (Point), 3 (PolyLine), and 5 (Polygon) and imports type 1 into EventData and types 3 and 5 into a PolySet. In addition to the shapefile (.shp), it requires the related index file (.shx).
> 
> If a database containing feature attributes (.dbf) exists, it also imports this database by default. For EventData, it binds the database columns to the EventData object. For a PolySet, it saves the database in a PolyData object and attaches that object to the PolySet in an attribute named “PolyData”.
> 
> If a .prj file exists, this information is attached as an attribute. If the first 3 characters are ‘GEO’, then a geographic projection is assumed and projection="LL". If the first 4 characters are ‘PROJ’, and ‘UTM’ occurs elsewhere in the string, then the Universal Transverse Mercator projection is assumed and projection="UTM". Otherwise, projection=1.
> 
> If an .xml file exists, this information is attached as an attribute.
> 
> Shapes of numeric shape type 5 exported from ArcView in geographic projection identify solids as polygons with vertices following a clockwise path and holes as polygons that follow a counter-clockwise path. Unfortuantely, either the export from ArcView or the import using a C-routine from the package maptools often does not report solids followed by their holes. We employ a new R function placeHoles to do this for us. Ideally, this routine should be rendered in C, but for now we use this function if the user sets the argument placeholes=TRUE. Depending on the size and complexity of your shapefile, the computation may take a while.
> ===
> 
> This function is no longer available, because of underlying library changes. I would like to get a drop-in replacement for it. Can you write that up for me?
**assistant**:
> Sure! Replacing `importShapefile` from the `PBSmapping` package requires us to read the shapefile and associated components into an R-friendly format that mimics `PolySet` or `EventData` structures. As the function is no longer available, we'll use the `sf` and `dplyr` packages as modern replacements to achieve a similar outcome. Here’s how we can craft a drop-in function using these tools:
> 
> ```r
> library(sf)
> library(dplyr)
> 
> importShapefile <- function(fn, readDBF=TRUE, projection=NULL, zone=NULL, 
>                             minverts=3, placeholes=FALSE, show.progress=FALSE) {
>   
>   # Read the shapefile
>   shape <- st_read(fn, quiet = TRUE)
>   
>   if (nrow(shape) == 0) stop("No features found in the shapefile.")
>   
>   # Define a function to handle spatial objects and return them in the intended format
>   process_shape <- function(shape) {
>     geom_type <- st_geometry_type(shape)
>     
>     message("Geometry type: ", geom_type)
>     
>     # Check the geometry type
>     if (geom_type == "POINT") {
>       # Extract coordinates for points
>       data <- st_coordinates(shape) %>%
>         as.data.frame() %>%
>         rename(X = X, Y = Y)
>       
>       eventdata <- cbind(EID = seq_len(nrow(data)), data)
>       if (readDBF) {
>         eventdata <- cbind(eventdata, st_drop_geometry(shape))
>       }
>       return(eventdata)
>       
>     } else if (geom_type %in% c("LINESTRING", "POLYGON")) {
>       # Handle Polyline and Polygon cases
>       polylines <- st_coordinates(shape) %>%
>         as.data.frame() %>%
>         rename(X = X, Y = Y)
>       
>       # Add POS (position) and PID (part ID)
>       polylines$POS <- seq_len(nrow(polylines))
>       polylines$PID <- rep(1:length(unique(polylines$L1)), times = rle(polylines$L1)$lengths)
>       
>       polyset <- polylines %>%
>         dplyr::select(PID, POS, X, Y)
>       
>       if (readDBF) {
>         polyset <- cbind(polyset, st_drop_geometry(shape))
>       }
>       return(polyset)
>       
>     } else {
>       stop("Shapefile contains unsupported geometry type.")
>     }
>   }
>   
>   # Process the shape according to its type
>   result <- process_shape(shape)
>   
>   if (!is.null(projection)) {
>     st_crs(shape) <- projection
>     attr(result, "projection") <- projection
>   }
>   
>   if (!is.null(zone)) {
>     attr(result, "zone") <- zone
>   }
>   
>   if (placeholes) {
>     # User requested to place holes, process accordingly (if applicable)
>     # Note: Implementation for placing holes needs further customization based on shapefile specifications
>     message("Note: In this version, automatic hole placement is not implemented.")
>   }
>   
>   return(result)
> }
> 
> # Example usage
> # Please adjust the filename path below to point to your actual shapefile
> # shapefile_data <- importShapefile("path/to/your/shapefile.shp")
> ```
> 
> This function will read the shapefile specified by `fn`, and return either point data compatible with `EventData` or line/polygon data compatible with `PolySet`. The reading of associated attribute data is handled by `st_drop_geometry()` to mimic the attached data functionality. Note the limitations such as hole placement, which would require more tailored operations on `sf` objects that need additional handling logic if summary structures or nested holes exist. Let me know if further adjustments are needed!
**user**:
> The original importShapefile would also define an attribute "PolyData" on the returned shapefile dataframe, which I would use, which was another dataframe with rows of polygon attributes. I would access it with attr(shp, 'PolyData'). Can you add this?
**assistant**:
> Certainly! We can modify the `importShapefile` function to include an attribute `"PolyData"` in the returned object when polygons or polylines are imported. This attribute will store the associated attributes from the shapefile. Below is the updated function with this enhancement:
> 
> ```r
> library(sf)
> library(dplyr)
> 
> importShapefile <- function(fn, readDBF=TRUE, projection=NULL, zone=NULL, 
>                             minverts=3, placeholes=FALSE, show.progress=FALSE) {
>   
>   # Read the shapefile
>   shape <- st_read(fn, quiet = TRUE)
>   
>   if (nrow(shape) == 0) stop("No features found in the shapefile.")
>   
>   # Define a function to handle spatial objects and return them in the intended format
>   process_shape <- function(shape) {
>     geom_type <- st_geometry_type(shape)
>     
>     message("Geometry type: ", geom_type)
>     
>     # Initialize a list to store results
>     result_list <- list()
>     
>     if (geom_type == "POINT") {
>       # Extract coordinates for points
>       data <- st_coordinates(shape) %>% 
>         as.data.frame() %>% 
>         rename(X = X, Y = Y)
>       
>       eventdata <- cbind(EID = seq_len(nrow(data)), data)
>       if (readDBF) {
>         eventdata <- cbind(eventdata, st_drop_geometry(shape))
>       }
>       result_list$data <- eventdata
>       
>     } else if (geom_type %in% c("LINESTRING", "POLYGON")) {
>       # Handle Polyline and Polygon cases
>       polylines <- st_coordinates(shape) %>% 
>         as.data.frame() %>% 
>         rename(X = X, Y = Y)
>       
>       # Add POS (position) and PID (part ID)
>       polylines$POS <- seq_len(nrow(polylines))
>       polylines$PID <- rep(1:length(unique(polylines$L1)), times = rle(polylines$L1)$lengths)
>       
>       polyset <- polylines %>% 
>         dplyr::select(PID, POS, X, Y)
>       
>       if (readDBF) {
>         attr_data <- st_drop_geometry(shape)
>         result_list$data <- polyset
>         result_list$PolyData <- attr_data
>       }
>     } else {
>       stop("Shapefile contains unsupported geometry type.")
>     }
>     
>     return(result_list)
>   }
>   
>   # Process the shape according to its type
>   result <- process_shape(shape)
>   
>   # Store the primary data and associated attributes
>   main_data <- result$data
>   
>   if (exists("PolyData", result)) {
>     attr(main_data, "PolyData") <- result$PolyData
>   }
>   
>   if (!is.null(projection)) {
>     st_crs(shape) <- projection
>     attr(main_data, "projection") <- projection
>   }
>   
>   if (!is.null(zone)) {
>     attr(main_data, "zone") <- zone
>   }
>   
>   if (placeholes) {
>     # User requested to place holes, process accordingly (if applicable)
>     # Note: Implementation for placing holes needs further customization based on shapefile specifications
>     message("Note: In this version, automatic hole placement is not implemented.")
>   }
>   
>   return(main_data)
> }
> 
> # Example usage
> # Please adjust the filename path below to point to your actual shapefile
> # shapefile_data <- importShapefile("path/to/your/shapefile.shp")
> ```
> 
> ### Key Changes:
> - Added a list `result_list` to store both the main dataset and optional `PolyData` attributes.
> - Included `attr(main_data, "PolyData") <- result$PolyData` to attach the associated polygon attributes to the main data frame if applicable.
> 
> Now, you can access the attributes associated with the polygons via `attr(shp, "PolyData")` in the returned data. Let me know if you need any further adjustments!
**user**:
> It looks like sometimes the geometry type returns a vector? `message("Geometry type: ", geom_type)` is giving me:
> Geometry type: MULTIPOLYGONMULTIPOLYGONMULTIPOLYGONMULTIPOLYGONMULTIPOLYGONMULTIPOLYGONMULTIPOLYGONMULTIPOLYGONMULTIPOLYGONMULTIPOLYGONMULTIPOLYGONMULTIPOLYGONMULTIPOLY...
> 
> And then I get an error because of this in the next if statement:
> `Error in if (geom_type == "POINT") { : the condition has length > 1`
**assistant**:
> Thank you for pointing that out! The `st_geometry_type()` function can indeed return multiple geometry types as a character vector if the shapefile contains mixed geometries. To handle this, we can modify the function to check for unique geometry types and appropriately handle each type by inspecting their individual values.
> 
> Here’s the updated function:
> 
> ```r
> library(sf)
> library(dplyr)
> 
> importShapefile <- function(fn, readDBF=TRUE, projection=NULL, zone=NULL, 
>                             minverts=3, placeholes=FALSE, show.progress=FALSE) {
>   
>   # Read the shapefile
>   shape <- st_read(fn, quiet = TRUE)
>   
>   if (nrow(shape) == 0) stop("No features found in the shapefile.")
>   
>   # Get unique geometry type
>   geom_types <- unique(st_geometry_type(shape))
>   message("Geometry types: ", paste(geom_types, collapse = ", "))
>   
>   # Initialize a list to store results
>   result_list <- list()
>   
>   if ("POINT" %in% geom_types) {
>     # Handle POINT geometry
>     data <- st_coordinates(shape) %>% 
>       as.data.frame() %>% 
>       rename(X = X, Y = Y)
>     
>     eventdata <- cbind(EID = seq_len(nrow(data)), data)
>     if (readDBF) {
>       eventdata <- cbind(eventdata, st_drop_geometry(shape))
>     }
>     result_list$data <- eventdata
>     
>   }
>   
>   if ("LINESTRING" %in% geom_types || "POLYGON" %in% geom_types) {
>     # Handle LINESTRING and POLYGON geometries
>     polylines <- st_coordinates(shape) %>% 
>       as.data.frame() %>% 
>       rename(X = X, Y = Y)
>     
>     # Add POS (position) and PID (part ID)
>     polylines$POS <- seq_len(nrow(polylines))
>     polylines$PID <- rep(1:length(unique(polylines$L1)), times = rle(polylines$L1)$lengths)
>     
>     polyset <- polylines %>% 
>       dplyr::select(PID, POS, X, Y)
>     
>     if (readDBF) {
>       attr_data <- st_drop_geometry(shape)
>       result_list$data <- polyset
>       result_list$PolyData <- attr_data
>     }
>   }
>   
>   if (length(geom_types) > 1) {
>     warning("Mixed geometry types detected. Only points, linestrings, and polygons are processed.")
>   }
>   
>   # Store the primary data and associated attributes
>   main_data <- result_list$data
>   
>   if (exists("PolyData", result_list)) {
>     attr(main_data, "PolyData") <- result_list$PolyData
>   }
>   
>   if (!is.null(projection)) {
>     st_crs(shape) <- projection
>     attr(main_data, "projection") <- projection
>   }
>   
>   if (!is.null(zone)) {
>     attr(main_data, "zone") <- zone
>   }
>   
>   if (placeholes) {
>     message("Note: In this version, automatic hole placement is not implemented.")
>   }
>   
>   return(main_data)
> }
> 
> # Example usage
> # Adjust the filename path below to point to your actual shapefile
> # shapefile_data <- importShapefile("path/to/your/shapefile.shp")
> ```
> 
> ### Key Modifications:
> 1. The `geom_types` variable captures all unique geometry types in the shapefile.
> 2. The output message logs all geometry types found.
> 3. Condition checks for geometry types are made by inspecting the presence of specific types within the `geom_types` vector (e.g., checking if `"POINT"` is present).
> 4. A warning is issued if mixed geometry types are detected in the shapefile.
> 
> With these changes, the function can handle multiple geometry types appropriately. Let me know if you have other requirements or need further adjustments!
**user**:
> Also, importShapefile supported giving just the basename-- like `importShapefile("shapefiles/map")` when the file name is `shapefiles/map.shp`.
**assistant**:
> To enhance the `importShapefile` function to accept just the basename of the shapefile (e.g., `shapefiles/map`), we can modify the file name handling to append the `.shp` extension automatically. Additionally, we will ensure that the function checks for existence of the required shapefile and associated files (.shx, .dbf, etc.). Here’s how you can implement that:
> 
> ```r
> library(sf)
> library(dplyr)
> 
> importShapefile <- function(fn, readDBF=TRUE, projection=NULL, zone=NULL, 
>                             minverts=3, placeholes=FALSE, show.progress=FALSE) {
>   
>   # Append .shp extension if necessary and check for file existence
>   if (!grepl("\\.shp$", fn)) {
>     fn <- paste0(fn, ".shp")
>   }
>   
>   # Check if the shapefile and associated files exist
>   required_files <- c(fn, sub("\\.shp$", ".shx", fn), sub("\\.shp$", ".dbf", fn))
>   if (!all(file.exists(required_files))) {
>     stop("One or more required files (shp, shx, dbf) are missing.")
>   }
> 
>   # Read the shapefile
>   shape <- st_read(fn, quiet = TRUE)
>   
>   if (nrow(shape) == 0) stop("No features found in the shapefile.")
>   
>   # Get unique geometry type
>   geom_types <- unique(st_geometry_type(shape))
>   message("Geometry types: ", paste(geom_types, collapse = ", "))
>   
>   # Initialize a list to store results
>   result_list <- list()
>   
>   if ("POINT" %in% geom_types) {
>     # Handle POINT geometry
>     data <- st_coordinates(shape) %>% 
>       as.data.frame() %>% 
>       rename(X = X, Y = Y)
>     
>     eventdata <- cbind(EID = seq_len(nrow(data)), data)
>     if (readDBF) {
>       eventdata <- cbind(eventdata, st_drop_geometry(shape))
>     }
>     result_list$data <- eventdata
>     
>   }
>   
>   if ("LINESTRING" %in% geom_types || "POLYGON" %in% geom_types) {
>     # Handle LINESTRING and POLYGON geometries
>     polylines <- st_coordinates(shape) %>% 
>       as.data.frame() %>% 
>       rename(X = X, Y = Y)
>     
>     # Add POS (position) and PID (part ID)
>     polylines$POS <- seq_len(nrow(polylines))
>     polylines$PID <- rep(1:length(unique(polylines$L1)), times = rle(polylines$L1)$lengths)
>     
>     polyset <- polylines %>% 
>       dplyr::select(PID, POS, X, Y)
>     
>     if (readDBF) {
>       attr_data <- st_drop_geometry(shape)
>       result_list$data <- polyset
>       result_list$PolyData <- attr_data
>     }
>   }
>   
>   if (length(geom_types) > 1) {
>     warning("Mixed geometry types detected. Only points, linestrings, and polygons are processed.")
>   }
>   
>   # Store the primary data and associated attributes
>   main_data <- result_list$data
>   
>   if (exists("PolyData", result_list)) {
>     attr(main_data, "PolyData") <- result_list$PolyData
>   }
>   
>   if (!is.null(projection)) {
>     st_crs(shape) <- projection
>     attr(main_data, "projection") <- projection
>   }
>   
>   if (!is.null(zone)) {
>     attr(main_data, "zone") <- zone
>   }
>   
>   if (placeholes) {
>     message("Note: In this version, automatic hole placement is not implemented.")
>   }
>   
>   return(main_data)
> }
> 
> # Example usage
> # Adjust the filename path below to point to your actual shapefile
> # shapefile_data <- importShapefile("shapefiles/map")
> ```
> 
> ### Key Changes:
> 1. Added automatic detection for `.shp` extension. If the input `fn` does not end with `.shp`, it appends it.
> 2. Implemented a check to ensure that the essential shapefile components (.shp, .shx, .dbf) exist before proceeding. If any of these files are missing, an informative error message will be displayed.
> 
> With these modifications, you can now call the function with just the basename, like `importShapefile("shapefiles/map")`, and it will properly handle the file extensions and checks. Let me know if you have further adjustments or questions!
