**assistant**:
> None of the provided conversation synopses directly address pagination of search results or processi
**user**:
> I have a script that processes my old emails using IMAP, but it's failing on the folder "[Gmail]":
> Processing folder: "Notes"
> Processing folder: "Sent"
> Processing folder: "Trash"
> Processing folder: "[Gmail]"
> Traceback (most recent call last):
>   File "/Users/admin/projects/backups/purger.py", line 55, in <module>
>     result, data = mail.search(None, f'(BEFORE "{before_date}")')
>   File "/Users/admin/opt/anaconda3/lib/python3.9/imaplib.py", line 734, in search
>     typ, dat = self._simple_command(name, *criteria)
>   File "/Users/admin/opt/anaconda3/lib/python3.9/imaplib.py", line 1230, in _simple_command
>     return self._command_complete(name, self._command(name, *args))
>   File "/Users/admin/opt/anaconda3/lib/python3.9/imaplib.py", line 968, in _command
>     raise self.error("command %s illegal in state %s, "
> imaplib.error: command SEARCH illegal in state AUTH, only allowed in states SELECTED
> 
> Any ideas?
**assistant**:
> The error message you're encountering suggests that the IMAP "SEARCH" command is being issued in the wrong state. Specifically, the error "command SEARCH illegal in state AUTH, only allowed in states SELECTED" means that your script is trying to search for emails before successfully selecting a mailbox.
> 
> Here's how you can resolve this issue:
> 
> 1. **Select the Mailbox First**: Before performing any search operations, make sure that you have selected the mailbox (folder) appropriately. You need to change the state from "AUTH" (authenticated) to "SELECTED" by selecting a specific folder.
> 
> 2. **Check Folder Names**: The "[Gmail]" folder might be a special folder or label group that can't be selected like normal folders. You'll need to skip or handle these specially if they don't behave as standard folders.
> 
> Here’s a revised portion of your script to ensure the mailbox is selected before the search operation:
> 
> ```python
> import imaplib
> 
> # Your IMAP setup here (part of the original script likely)
> mail = imaplib.IMAP4_SSL('imap.gmail.com')
> mail.login('your_email@gmail.com', 'your_password')
> 
> folders = mail.list()
> # Logic to iterate through folders
> for folder in folders[1]:
>     folder_name = folder.decode().split(' "/" ')[1]
>     print(f"Processing folder: {folder_name}")
> 
>     try:
>         mail.select(folder_name)  # Select the folder
>         status, messages = mail.search(None, f'(BEFORE "{before_date}")')
>         if status == 'OK':
>             print(f"Found messages: {messages[0]}")
>         else:
>             print("No messages found.")
>     except Exception as e:
>         print(f"Error processing folder {folder_name}: {e}")
> 
> mail.logout()
> ```
> 
> Remember:
> - **Special Folders Handling**: Handle any special folders that don't work with typical operations by either skipping them or applying different logic if necessary.
> - **Gmail Labels**: Gmail uses labels extensively, some of which may appear as folders but require special handling, as not all of them are true IMAP folders.
> 
> This script now attempts to select each folder before performing the search and should handle any exceptions. You might want to implement more sophisticated handling for special folders like "[Gmail]".
**user**:
> I do select the folder first. Here's a snippet of my code:
> ```
> for folder in folders:
>     folder_name = folder.decode().split(' "/" ')[-1]
>     print(f"Processing folder: {folder_name}")
> 
>     mail.select(folder_name)
>     
>     # Search for emails before the specified date
>     result, data = mail.search(None, f'(BEFORE "{before_date}")')
> ```
> 
> This works properly for other folders, but fails on this one. But I'm not sure if it's a real folder-- I don't see it in the Gmail GUI.
**assistant**:
> The issue you're facing likely stems from how Gmail handles folders and labels. The "[Gmail]" folder often contains special labels rather than traditional folders, which can lead to unexpected behavior during IMAP operations.
> 
> If you're seeing this error only with the "[Gmail]" folder, it suggests that the folder may not be available for standard IMAP operations like `SELECT` or `SEARCH`. Here's how to handle this situation:
> 
> ### Suggested Adjustments
> 
> 1. **Skip Special Folders**: If the folder is meant for system use (like "[Gmail]"), you can add logic to skip or specifically handle it when you encounter it.
> 
> 2. **Check the Selection Status**: Ensure that the folder you are selecting is indeed "selected" correctly and is not secretly failing due to special constraints.
> 
> Here’s an updated version of your code snippet that includes these considerations:
> 
> ```python
> for folder in folders:
>     folder_name = folder.decode().split(' "/" ')[-1]
>     print(f"Processing folder: {folder_name}")
> 
>     # Adjust handling for special folders
>     if folder_name in ["[Gmail]", "[Google Mail]"]:
>         print("Skipping special folder:", folder_name)
>         continue  # Skip this folder
> 
>     # Select the folder
>     try:
>         result, selected = mail.select(folder_name)
>         if result != 'OK':
>             print(f"Error selecting folder {folder_name}: {selected.decode()}")
>             continue
> 
>         # Search for emails before the specified date
>         result, data = mail.search(None, f'(BEFORE "{before_date}")')
>         if result == 'OK':
>             print(f"Found messages in {folder_name}: {data[0]}")
>         else:
>             print("No messages found or search failed.")
>     except Exception as e:
>         print(f"Error processing folder {folder_name}: {e}")
> 
> ```
> 
> ### Key Changes:
> 
> - **Skip Special Folders**: Added an if-statement to check if the folder name is `[Gmail]` or any other predefined special folder and skip it.
> - **Error Handling**: Included a check after `mail.select()` to ensure it succeeded before attempting to search.
> - **Improved Messaging**: The print statements now provide context on whether it’s skipping a folder or if an error is occurring.
> 
> ### Alternatives
> 
> If you want to specifically access emails under Gmail's system labels (like `Important`, `Starred`, etc.), you'll likely need to manage those individually and possibly find out their exact IMAP names. You can list all mailboxes and decide if you want to include system labels based on their names. 
> 
> Keep experimenting with the folder names by listing them out and seeing which ones are functioning as expected! If you find additional folder labels you want to skip, just add them to the condition.
**user**:
> Okay, that seemed to work, and it next went to the folder "[Gmail]/All Mail". I'm not sure if this should be processed or not. But in any case, when I process it, I get a different error:
> imaplib.error: command: SEARCH => got more than 1000000 bytes
**assistant**:
> The error message **`imaplib.error: command: SEARCH => got more than 1000000 bytes`** indicates that the search command is returning too many results for the IMAP client to handle in a single response. The `All Mail` folder in Gmail can contain a massive number of emails, especially if you’ve been using it for a long time.
> 
> ### Strategies to Address the Error
> 
> 1. **Limit Your Search**: Use more specific search criteria to reduce the number of results that are returned. For example, consider using date ranges, specific labels, or limiting by sender or subject when performing the search.
> 
> 2. **Paginate Results**: If your script only needs a limited number of emails at a time, you can try implementing pagination. Start with the earliest messages and iterate through the inbox, fetching results in smaller batches.
> 
> 3. **Use `UID` Search**: Instead of a traditional search, you can use UID searches that can help you handle large folders effectively.
> 
> ### Example of Limiting the Search
> 
> Here’s how you can implement a more constrained search:
> 
> ```python
> for folder in folders:
>     folder_name = folder.decode().split(' "/" ')[-1]
>     print(f"Processing folder: {folder_name}")
> 
>     if folder_name in ["[Gmail]", "[Google Mail]", "[Gmail]/All Mail"]:
>         print("Skipping or handling differently for special folder:", folder_name)
>         continue  # Or implement special handling if needed
> 
>     try:
>         result, selected = mail.select(folder_name)
>         if result != 'OK':
>             print(f"Error selecting folder {folder_name}: {selected.decode()}")
>             continue
> 
>         # Limit search by date, for example
>         result, data = mail.search(None, f'(BEFORE "{before_date}" SINCE "2022-01-01")')
>         if result == 'OK':
>             message_ids = data[0].split()  # get the ids of the emails found
>             print(f"Found {len(message_ids)} messages in {folder_name}")
> 
>             # Handle batch processing if necessary
>             for message_id in message_ids[:100]:  # Process only the first 100 found
>                 # Fetch and process the e-mail based on the message_id
>                 print(f"Processing message ID: {message_id.decode()}")
>                 # Fetch the email and do something with it...
> 
>         else:
>             print("No messages found or search failed.")
>     except Exception as e:
>         print(f"Error processing folder {folder_name}: {e}")
> ```
> 
> ### Key Adjustments in the Example:
> 
> - **Set a Date Range**: Modify the search criteria to specify a range (e.g., `(BEFORE "{before_date}" SINCE "2022-01-01")`).
> - **Limit the Results**: The code limits processing to the first 100 messages found. You can adjust this number or implement a more complex batching system.
> - **Skip Special Folders as Necessary**: Modify how you handle the `[Gmail]/All Mail` folder depending on your needs.
> 
> ### Considerations
> 
> - **Gmail’s Limits**: Be mindful that Gmail's IMAP support may have limits on command sizes and email counts. Breaking down requests will significantly enhance performance and reduce errors.
> - **Concurrency**: If processing must be extensive and you're comfortable with threading or async programming, you might explore more sophisticated methods of handling email fetch requests in parallel while managing rate limits effectively.
> 
> Implementing these strategies should help avoid the `got more than 1000000 bytes` error while processing your emails more efficiently!
**user**:
> How can I paginate results in Search? I want to process all of the emails, but it can do them in batches.
**assistant**:
> To paginate results when searching through emails in IMAP, you can follow a batching approach. This involves:
> 
> 1. **Fetching a limited number of results per batch**.
> 2. **Iteratively querying the server for the next batch of messages** until all are processed.
> 
> Here's a step-by-step approach you can implement in your script, assuming you're using the IMAP protocol in Python with the `imaplib` library.
> 
> ### Implementation Steps
> 
> 1. **Determine a Batch Size**: Decide how many emails you want to process per batch.
> 2. **Search for Message UIDs**: Rather than returning all results at once, handle the UIDs returned in chunks.
> 3. **Use `UID` to Fetch Emails**: This allows you to handle results more efficiently and maintain state between requests.
> 
> ### Example Implementation
> 
> Here’s an example of how you can implement this:
> 
> ```python
> import imaplib
> 
> # Your IMAP setup here
> mail = imaplib.IMAP4_SSL('imap.gmail.com')
> mail.login('your_email@gmail.com', 'your_password')
> 
> folders = mail.list()
> batch_size = 100  # Number of emails to process per batch
> before_date = "2024-01-01"  # Specify your date for searching
> 
> for folder in folders[1]:
>     folder_name = folder.decode().split(' "/" ')[-1]
>     print(f"Processing folder: {folder_name}")
> 
>     if folder_name in ["[Gmail]", "[Google Mail]", "[Gmail]/All Mail"]:
>         print("Skipping special folder:", folder_name)
>         continue
> 
>     mail.select(folder_name)
> 
>     # Use a loop to handle pagination
>     messages_fetched = 0
>     while True:
>         result, data = mail.search(None, f'(BEFORE "{before_date}")')
> 
>         if result != 'OK':
>             print("Search failed:", data)
>             break
> 
>         # Get a list of message IDs
>         message_ids = data[0].split()
> 
>         if not message_ids:
>             # No more messages fulfilling the criteria
>             print("No more messages to process.")
>             break
> 
>         # Process messages in batches
>         for uid in message_ids[messages_fetched:messages_fetched + batch_size]:
>             # Fetch the email by UID
>             result, msg_data = mail.fetch(uid, '(RFC822)')
>             # Do something with the email
>             print(f"Processing email with UID: {uid.decode()}")
> 
>         # Update the counter for pagination
>         messages_fetched += batch_size
> 
>         if messages_fetched >= len(message_ids):
>             # If we've processed all messages, exit
>             print("Processed all messages in this folder.")
>             break
> 
> mail.logout()
> ```
> 
> ### Explanation of the Code:
> 
> 1. **Batch Size**: The variable `batch_size` sets how many emails you want to handle at once.
> 2. **Looping through `search` Results**: The outer `while` loop continues until all messages that meet your criteria are processed:
>    - **Search for Emails**: Each iteration runs a search to find messages fulfilling the criteria.
>    - **Processing in Batches**: For each batch, it processes emails by their UID.
>    - **Updating Message Count**: After processing a batch, it updates the count to fetch the next batch in the next loop iteration.
>    - **Stopping Condition**: The loop exits when all matching messages have been processed.
> 
> ### Considerations
> 
> - **Performance Optimization**: If you find that the server still returns too many UIDs, consider further refining your search criteria (e.g., adding more specific filters).
> - **Error Handling**: Add error handling to manage possible exceptions or server errors gracefully.
> - **Rate Limits**: Be mindful of the potential rate limits imposed by Gmail's IMAP service, which may affect how quickly you can process a large number of emails.
> 
> By implementing this approach, you will efficiently paginate through larger folders in batches, making the process manageable and reducing the risk of overwhelming the server.
