**assistant**:
> Below are selected log entries of past conversations, as part of an experimental AI memory system. T
**user**:
> I have a dataset that looks like this:
> "id","token","bayes_categories_id","count"
> "32","peeking","1","1"
> "33","private","1","1"
> "34","parts","1","1"
> "35","science","1","8"
> "36","nature","1","3"
> "37","nether","1","1"
> "38","regions","1","5"
> 
> Then, I have a larger ordered vocabulary. I want to get out a vector for every word in the vocabulary the number in the `count` column, if that term exists in the `token` column, and 0 otherwise. How can I efficiently do this?
**assistant**:
> In R, you can utilize `match()` and `ifelse()` functions to efficiently handle this task. Here is an example of doing this assuming your dataframe is named `df`, and your dictionary vector is `vocabulary`:
> 
> ```r
> # Assuming your data is in a dataframe called df
> df <- data.frame(
>   id = 32:38,
>   token = c("peeking", "private", "parts", "science", "nature", "nether", "regions"),
>   bayes_categories_id = rep(1,7),
>   count = c(1,1,1,8,3,1,5)
> )
> 
> # Let's assume this is your vocabulary
> vocabulary <- c("peeking", "private", "parts", "science", "nature", "nether", "regions", "extra1", "extra2")
> 
> # Match each word from the vocabulary to the token column of the data frame
> indices <- match(vocabulary, df$token)
> 
> # Replace NA's in the indices vector with zeros
> indices[is.na(indices)] <- 0
> 
> #Get the count value for each vocabulary term from the data frame. If not found, assign 0
> counts <- ifelse(indices == 0, 0, df$count[indices])
> 
> # Now 'counts' contains the counts for each vocabulary term.
> print(counts)
> ```
> The above code will give you a vector of counts for each word in the vocabulary. If a word from the vocabulary is not found in the `token` column of the dataframe, 0 will be assigned.
> 
> Please replace `"df"` with your actual dataframe name and `vocabulary` with your actual vocabulary vector.
> 
