**assistant**:
> Below are selected log entries of past conversations, as part of an experimental AI memory system. T
**user**:
> The following is perl code that I wrote to translate the content on a blog into an RSS feed. But specifically, that blog content was actually the content of forward emails of google scholar alerts, and the perl code generally had to deal with the likelihood that there would be multiple articles listed in a given post, and these should be split out into separate RSS items.
> ===
> #!/usr/bin/perl -w                                                                                                       
> use strict;
> use CGI qw(:standard);
> 
> use XML::RSS; # Library for RSS generation                                                                               
> use LWP::Simple; # Library for web access                                                                                
> 
> # Download the first page from the blog                                                                                  
> my $url = "http://mygooglealerts.blogspot.com/";
> my $input = get($url);
> my @lines = split /\n/, $input;
> 
> # Set up the RSS feed we will fill                                                                                       
> my $rss = new XML::RSS(version => '2.0');
> $rss->channel(title => "Google Scholar Alerts");
> 
> # Iterate through the lines of HTML                                                                                      
> my $ii = 0;
> while ($ii < $#lines) {
>     my $line = $lines[$ii];
>     # Look for a <h3> starting the entry                                                                                 
>     if ($line !~ /^<h3 style="font-weight:normal/) {
> 	$ii = ++$ii;
> 	next;
>     }
> 
>     # Extract the title and link                                                                                         
>     $line =~ /<a href="([^"]+)"><font .*?>(.+)<\/font>/;
>     my $title = $2;
>     my $link = $1;
> 
>     # Extract the authors and publication information                                                                    
>     my $line2 = $lines[$ii+1];
>     $line2 =~ /<div><font .+?>([^<]+?) - (.*?, )?(\d{4})/;
>     my $authors = $1;
>     my $journal = (defined $2) ? $2 : '';
>     my $year = $3;
> 
>     # Extract the snippets                                                                                               
>     my $line3 = $lines[$ii+2];
>     $line3 =~ /<div><font .+?>(.+?)<br \/>/;
>     my $content = $1;
>     for ($ii = $ii + 3; $ii < @lines; $ii++) {
> 	my $linen = $lines[$ii];
> 	# Are we done, or is there another line of snippets?                                                             
> 	if ($linen =~ /^(.+?)<\/font><\/div>/) {
>             $content = $content . '<br />' . $1;
>             last;
>         } else {
>             $linen =~ /^(.+?)<br \/>/;
>             $content = $content . '<br />' . $1;
> 	}
>     }
>     $ii = ++$ii;
> 
>     # Use the title and publication for the RSS entry title                                                              
>     my $longtitle = "$title ($authors, $journal $year)";
> 
>     # Add it to the RSS feed                                                                                             
>     $rss->add_item(title => $longtitle,
>                    link => $link,
>                    description => $content);
> 
>     $ii = ++$ii;
> }
> 
> # Write out the RSS feed                                                                                                 
> print header('application/xml+rss');
> print $rss->as_string;
> ===
> 
> Now I have some new code that directly reads emails, but it's in python. Can you (1) translate this code into python, and then (2) suggest ways that it might be improved in the move from perl to python? I would like to call this parsing code with a function, where I pass it the body of emails rather than a whole webpage.
**assistant**:
> Certainly! Let's start by translating your Perl code into Python. We'll use the `feedgen` library for RSS generation and the `re` module for regex operations.
> 
> ### Step 1: Translate Perl Code into Python
> 
> Here's the Python translation:
> 
> ```python
> import re
> from feedgen.feed import FeedGenerator
> 
> def parse_emails_to_rss(email_bodies):
>     fg = FeedGenerator()
>     fg.title('Google Scholar Alerts')
>     fg.link(href='http://mygooglealerts.blogspot.com/')
>     
>     for body in email_bodies:
>         lines = body.split('\n')
>         
>         ii = 0
>         while ii < len(lines):
>             line = lines[ii]
>             if not re.match(r'^<h3 style="font-weight:normal', line):
>                 ii += 1
>                 continue
> 
>             # Extract the title and link
>             title_link_match = re.search(r'<a href="([^"]+)"><font .*?>(.+)<\/font>', line)
>             if not title_link_match:
>                 ii += 1
>                 continue
>             link = title_link_match.group(1)
>             title = title_link_match.group(2)
> 
>             # Extract the authors and publication information
>             line2 = lines[ii + 1]
>             authors_journal_year_match = re.search(r'<div><font .*?>([^<]+?) - (.*?, )?(\d{4})', line2)
>             if not authors_journal_year_match:
>                 ii += 1
>                 continue
>             authors = authors_journal_year_match.group(1)
>             journal = authors_journal_year_match.group(2) or ''
>             year = authors_journal_year_match.group(3)
> 
>             # Extract the snippets
>             line3 = lines[ii + 2]
>             snippet_match = re.search(r'<div><font .*?>(.+?)<br \/>', line3)
>             if not snippet_match:
>                 ii += 1
>                 continue
>             content = snippet_match.group(1)
> 
>             ii += 3
>             while ii < len(lines):
>                 linen = lines[ii]
>                 done_match = re.match(r'^(.+?)<\/font><\/div>', linen)
>                 if done_match:
>                     content += '<br />' + done_match.group(1)
>                     break
>                 more_snippet_match = re.match(r'^(.+?)<br \/>', linen)
>                 if more_snippet_match:
>                     content += '<br />' + more_snippet_match.group(1)
>                 ii += 1
> 
>             longtitle = f"{title} ({authors}, {journal}{year})"
> 
>             entry = fg.add_entry()
>             entry.title(longtitle)
>             entry.link(href=link)
>             entry.description(content)
> 
>             ii += 1
> 
>     return fg.rss_str(pretty=True)
> 
> # Example of using the function
> email_bodies = ["<body of email 1>", "<body of email 2>"]  # Replace with actual email bodies
> rss_feed = parse_emails_to_rss(email_bodies)
> print(rss_feed.decode('utf-8'))
> ```
> 
> ### Step 2: Improvements in the Move from Perl to Python
> 
> 1. **Improved Error Handling:**
>    Python's exception handling (`try` and `except`) can help catch and handle errors better than Perl's style. You can wrap critical parts in `try-except` blocks to handle potential issues.
> 
> 2. **Using Libraries for Robust RSS Generation:**
>    The `feedgen` library is quite powerful and more flexible than a simple XML string construction.
> 
> 3. **Regex and Parsing Efficiency:**
>    Python's `re` library is quite performant and allows for more readable regex usage. However, thorough testing on your data might be necessary to ensure all edge cases are handled correctly.
> 
> 4. **Reusable Code:**
>    Encapsulating the parsing logic into a function makes the code reusable. You can pass different bodies of emails, helping modularize and test the code more easily.
> 
> 5. **Handle Email Content More Flexibly:**
>    You may consider processing the email contents (like cleaning HTML) to avoid mismatches caused by HTML discrepancies. Libraries like `BeautifulSoup` can be used for HTML parsing.
> 
> Would you like me to integrate any specific error handling or improvements based on your expected input format?
**user**:
> I see now that the emails do not have the line breaking I was previously relying upon. The HTML structure of these alerts seems to be the same though-- here's an example of an entry:
> ```
> <h3 style="font-weight:normal;margin:0;font-size:17px;line-height:20px"><a href="https://scholar.google.com/scholar_url?url=https://www.sciencedirect.com/science/article/pii/S0924224424002310&amp;hl=en&amp;sa=X&amp;d=4764404835672619576&amp;ei=z3dRZr2iE4WLy9YPpqSriAc&amp;scisig=AFWwaeaS5-Wf-4daDGInsigcDMw7&amp;oi=scholaralrt&amp;hist=bvywaC0AAAAJ:4959489323334457987:AFWwaeY_3SmUjtwgyyveRE_78nYF&amp;html=&amp;pos=0&amp;folt=kw" class="m_-5489597341475148380gse_alrt_title" style="font-size:17px;color:#1a0dab;line-height:22px" target="_blank" data-saferedirecturl="https://www.google.com/url?q=https://scholar.google.com/scholar_url?url%3Dhttps://www.sciencedirect.com/science/article/pii/S0924224424002310%26hl%3Den%26sa%3DX%26d%3D4764404835672619576%26ei%3Dz3dRZr2iE4WLy9YPpqSriAc%26scisig%3DAFWwaeaS5-Wf-4daDGInsigcDMw7%26oi%3Dscholaralrt%26hist%3DbvywaC0AAAAJ:4959489323334457987:AFWwaeY_3SmUjtwgyyveRE_78nYF%26html%3D%26pos%3D0%26folt%3Dkw&amp;source=gmail&amp;ust=1716738532938000&amp;usg=AOvVaw0ThG2Abfn6aGAwDP0-gJ4T">The Potential New Microbial Hazard Monitoring Tool in <b>Food </b>Safety: Integration of Metabolomics and Artificial Intelligence</a></h3><div style="color:#006621;line-height:18px">Y Feng, A Soni, G Brightwell, MM Reis, Z Wang…&nbsp;- …&nbsp;<b>Food </b>Science &amp; Technology, 2024</div><div class="m_-5489597341475148380gse_alrt_sni" style="line-height:17px">… necessary for training <b>models</b> to accurately manage controls within <b>food</b> matrices, <br>
> as well as the lack of any universal <b>model</b> that can be … pathogens and spoilage <br>
> microorganisms, we can achieve early and rapid detection of <b>food</b> pathogens and&nbsp;…</div><div style="width:auto"><table cellpadding="0" cellspacing="0" border="0"><tbody><tr><td style="padding-right:4px"><a href="https://scholar.google.com/citations?hl=en&amp;update_op=email_library_add&amp;info=OHprhPSQHkIJ&amp;citsig=ANVigOsAAAAAaDKrT6o7ZWZcebZCnByhUrxcwhg" style="text-decoration:none;display:inline-block;padding:4px 8px 4px 0" target="_blank" data-saferedirecturl="https://www.google.com/url?q=https://scholar.google.com/citations?hl%3Den%26update_op%3Demail_library_add%26info%3DOHprhPSQHkIJ%26citsig%3DANVigOsAAAAAaDKrT6o7ZWZcebZCnByhUrxcwhg&amp;source=gmail&amp;ust=1716738532938000&amp;usg=AOvVaw1wBhhmyX2crka8jlxkZsU3"><img alt="Save" src="https://ci3.googleusercontent.com/meips/ADKq_NaSP3F-qL7sWQc5bkTCf520cYQU30PVJeUNlSSRtnlchvQdO7I77kSkVqHEkF94LBvtJHrj-xYvQakbAY69xkfVNFm62ek7Qsrvh5HSzgYSq7M_8xIn=s0-d-e1-ft#https://scholar.google.com/intl/en/scholar/images/1x/save-32.png" border="0" height="16" width="16" style="vertical-align:top" class="CToWUd" data-bit="iit"></a></td><td style="padding-right:4px"><a href="https://scholar.google.com/scholar_share?hl=en&amp;oi=scholaralrt&amp;ss=tw&amp;url=https://www.sciencedirect.com/science/article/pii/S0924224424002310&amp;rt=The+Potential+New+Microbial+Hazard+Monitoring+Tool+in+Food+Safety:+Integration+of+Metabolomics+and+Artificial+Intelligence&amp;scisig=AFWwaeYrLso8xokswNxgrgfDMMPe" style="text-decoration:none;display:inline-block;padding:4px 8px" target="_blank" data-saferedirecturl="https://www.google.com/url?q=https://scholar.google.com/scholar_share?hl%3Den%26oi%3Dscholaralrt%26ss%3Dtw%26url%3Dhttps://www.sciencedirect.com/science/article/pii/S0924224424002310%26rt%3DThe%2BPotential%2BNew%2BMicrobial%2BHazard%2BMonitoring%2BTool%2Bin%2BFood%2BSafety:%2BIntegration%2Bof%2BMetabolomics%2Band%2BArtificial%2BIntelligence%26scisig%3DAFWwaeYrLso8xokswNxgrgfDMMPe&amp;source=gmail&amp;ust=1716738532938000&amp;usg=AOvVaw1s2Vku8RZdwLkRgaY3ldFr"><img alt="Twitter" src="https://ci3.googleusercontent.com/meips/ADKq_NbVKT8GYcAnvH18ay7hq87mMLb6I9tCcyMSmz_FyivjBLuy0Az1bsfXpeWL_VZ_-oTLvo_wyGYL2DxlbjSsg62QF6Q6TI8bmpvtfmY0xPozDYd9_g=s0-d-e1-ft#https://scholar.google.com/intl/en/scholar/images/1x/tw-32.png" border="0" height="16" width="16" style="vertical-align:top" class="CToWUd" data-bit="iit"></a></td><td style="padding-right:4px"><a href="https://scholar.google.com/scholar_share?hl=en&amp;oi=scholaralrt&amp;ss=in&amp;url=https://www.sciencedirect.com/science/article/pii/S0924224424002310&amp;rt=The+Potential+New+Microbial+Hazard+Monitoring+Tool+in+Food+Safety:+Integration+of+Metabolomics+and+Artificial+Intelligence&amp;scisig=AFWwaeYrLso8xokswNxgrgfDMMPe" style="text-decoration:none;display:inline-block;padding:4px 8px" target="_blank" data-saferedirecturl="https://www.google.com/url?q=https://scholar.google.com/scholar_share?hl%3Den%26oi%3Dscholaralrt%26ss%3Din%26url%3Dhttps://www.sciencedirect.com/science/article/pii/S0924224424002310%26rt%3DThe%2BPotential%2BNew%2BMicrobial%2BHazard%2BMonitoring%2BTool%2Bin%2BFood%2BSafety:%2BIntegration%2Bof%2BMetabolomics%2Band%2BArtificial%2BIntelligence%26scisig%3DAFWwaeYrLso8xokswNxgrgfDMMPe&amp;source=gmail&amp;ust=1716738532938000&amp;usg=AOvVaw0I1qyC4TO3JDpRy3n54tlm"><img alt="LinkedIn" src="https://ci3.googleusercontent.com/meips/ADKq_NZiBAI8nKj4FQUyxlE_H1GZXCuFKlV0Pl91tUP_DQFaurap2miogbsgPlRE9WJS_4htk7DKJRgwvFOVBW9u3iOwUkZoYF-PjG4cf8QeefzfUpcfLQ=s0-d-e1-ft#https://scholar.google.com/intl/en/scholar/images/1x/in-32.png" border="0" height="16" width="16" style="vertical-align:top" class="CToWUd" data-bit="iit"></a></td><td style="padding-right:4px"><a href="https://scholar.google.com/scholar_share?hl=en&amp;oi=scholaralrt&amp;ss=fb&amp;url=https://www.sciencedirect.com/science/article/pii/S0924224424002310&amp;rt=The+Potential+New+Microbial+Hazard+Monitoring+Tool+in+Food+Safety:+Integration+of+Metabolomics+and+Artificial+Intelligence&amp;scisig=AFWwaeYrLso8xokswNxgrgfDMMPe" style="text-decoration:none;display:inline-block;padding:4px 8px" target="_blank" data-saferedirecturl="https://www.google.com/url?q=https://scholar.google.com/scholar_share?hl%3Den%26oi%3Dscholaralrt%26ss%3Dfb%26url%3Dhttps://www.sciencedirect.com/science/article/pii/S0924224424002310%26rt%3DThe%2BPotential%2BNew%2BMicrobial%2BHazard%2BMonitoring%2BTool%2Bin%2BFood%2BSafety:%2BIntegration%2Bof%2BMetabolomics%2Band%2BArtificial%2BIntelligence%26scisig%3DAFWwaeYrLso8xokswNxgrgfDMMPe&amp;source=gmail&amp;ust=1716738532938000&amp;usg=AOvVaw3lK5EHO_V48OFc8p9U-Mui"><img alt="Facebook" src="https://ci3.googleusercontent.com/meips/ADKq_NZMRo1nonbtTi1tRMmV6Msf84vY7DTbSUjzebEGXMevwZfbATVJ-h8qflKxcTnKZGNdZH6xbC1MAAs2JEOSl9krIU1E0ur8g3kwO9XKch1QnWrNfA=s0-d-e1-ft#https://scholar.google.com/intl/en/scholar/images/1x/fb-32.png" border="0" height="16" width="16" style="vertical-align:top" class="CToWUd" data-bit="iit"></a></td></tr></tbody></table></div><br>
> ```
> Can you organize this code using something like BeautifulSoup, so I am not relying on the line structure of the text?
**assistant**:
> Absolutely! Using BeautifulSoup in Python can help you parse and navigate through HTML content without relying on specific line breaks. Below is the code that organizes the given email content using BeautifulSoup:
> 
> ```python
> from bs4 import BeautifulSoup
> from feedgen.feed import FeedGenerator
> 
> def parse_email_to_rss(email_body):
>     fg = FeedGenerator()
>     fg.title('Google Scholar Alerts')
>     fg.link(href='http://mygooglealerts.blogspot.com/')
> 
>     soup = BeautifulSoup(email_body, 'html.parser')
>     entries = soup.find_all('h3', attrs={'style': 'font-weight:normal;margin:0;font-size:17px;line-height:20px'})
> 
>     for entry in entries:
>         title = entry.find('a').text
>         link = entry.find('a')['href']
>         authors_journal_year = entry.find_next(string=True)
>         authors, journal_year = authors_journal_year.split(' - ')
>         journal, year = journal_year.split(',') if ', ' in journal_year else ['', year]
>         content = entry.find_next('div', class_='m_-5489597341475148380gse_alrt_sni').text.strip()
> 
>         longtitle = f"{title} ({authors}, {journal} {year})"
> 
>         rss_entry = fg.add_entry()
>         rss_entry.title(longtitle)
>         rss_entry.link(href=link)
>         rss_entry.description(content)
> 
>     return fg.rss_str(pretty=True)
> 
> # Example of using the function with the provided email content
> email_content = """
> <p><h3 style="font-weight:normal;margin:0;font-size:17px;line-height:20px"><a href="https://scholar.google.com/scholar_url?url=https://www.sciencedirect.com/science/article/pii/S0924224424002310&amp;hl=en&amp;sa=X&amp;d=4764404835672619576&amp;ei=z3dRZr2iE4WLy9YPpqSriAc&amp;scisig=AFWwaeaS5-Wf-4daDGInsigcDMw7&amp;oi=scholaralrt&amp;hist=bvywaC0AAAAJ:4959489323334457987:AFWwaeY_3SmUjtwgyyveRE_78nYF&amp;html=&amp;pos=0&amp;folt=kw" class="m_-5489597341475148380gse_alrt_title" style="font-size:17px;color:#1a0dab;line-height:22px" target="_blank" data-saferedirecturl="https://www.google.com/url?q=https://scholar.google.com/scholar_url?url%3Dhttps://www.sciencedirect.com/science/article/pii/S0924224424002310%26hl%3Den%26sa%3DX%26d%3D4764404835672619576%26ei%3Dz3dRZr2iE4WLy9YPpqSriAc%26scisig%3DAFWwaeaS5-Wf-4daDGInsigcDMw7%26oi%3Dscholaralrt%26hist%3DbvywaC0AAAAJ:4959489323334457987:AFWwaeY_3SmUjtwgyyveRE_78nYF%26html%3D%26pos%3D0%26folt%3Dkw&amp;source=gmail&amp;ust=1716738532938000&amp;usg=AOvVaw0ThG2Abfn6aGAwDP0-gJ4T">
> The Potential New Microbial Hazard Monitoring Tool in <b>Food </b>Safety: Integration of Metabolomics and Artificial Intelligence</a></h3>
> <div style="color:#006621;line-height:18px">Y Feng, A Soni, G Brightwell, MM Reis, Z Wang…&nbsp;- …&nbsp;<b>Food </b>Science &amp; Technology, 2024</div>
> <div class="m_-5489597341475148380gse_alrt_sni" style="line-height:17px">… necessary for training <b>models</b> to accurately manage controls within <b>food</b> matrices, <br>
> as well as the lack of any universal <b>model</b> that can be … pathogens and spoilage <br>microorganisms, we can achieve early and rapid detection of <b>food</b> pathogens and&nbsp;…
> </div>
> </p>
> """
> 
> rss_feed = parse_email_to_rss(email_content)
> print(rss_feed.decode('utf-8'))
> ```
> 
> This code extracts entries from the provided email content using BeautifulSoup, ensuring that the structure of the content is maintained without relying on specific line breaks. Let me know if you need any further modifications or assistance!
