**user**:
> I would like to use PanelOLS from linearmodels for a regression with county-by-year data, but I would like to include as fixed effects (1) county fixed effects and (2) state-specific trends. I have a state predictor in my dataset (as well as a county and year predictor). I also want to cluster standard errors at the county level. How can I do this?
**assistant**:
> To perform a PanelOLS regression with linearmodels Python package with specific fixed effects and clustered standard errors, you have to follow these steps:
> 
> - Import the necessary modules
> - Transform your dataset to a MultiIndex DataFrame if it isn't already, so that PanelOLS can recognize the panel structure of your data.
> - Define your model.
> - Build an entity (county) fixed effects model.
> - Include state specific trends.
> 
> Here is an example of your case:
> 
> ```python
> # Import the necessary libraries
> from linearmodels.panel import PanelOLS
> import statsmodels.api as sm
> import pandas as pd
> 
> # Assuming that your dataframe is named df, and your dependent variable is y, and your independent variables are X1, X2, etc.
> # Also assuming 'county', 'year', 'state' are the respective labels for county, year and state in your dataset
> 
> df = df.set_index(['county', 'year'])
> 
> # Create your exogenous variables, including a constant
> exog = sm.add_constant(df[['X1', 'X2', 'state']])
> 
> # You can include county fixed effects directly by using the 'entity_effects' argument
> # The 'TimeEffects' argument would usually allow you to include time fixed effects, 
> # but in your case, you want state-specific trends, which is a bit more complicated.
> # So, better not use time_effects = True here because you will create your own time effect via groupwise trend.
> 
> # First, let's create the groupwise trend within 'state'
> df['state_trend'] = df.groupby('state').cumcount()
> 
> # Include the state-specific trend in your exogenous variables
> exog['state_trend'] = df['state_trend']
> 
> mod = PanelOLS(df.y, exog, entity_effects=True)
> 
> # Cluster standard errors at the county level
> clustered = mod.fit(cov_type='clustered', cluster_entity=True)
> 
> print(clustered)
> ```
> 
> The `cov_type='clustered'` and `cluster_entity=True` options specify to cluster the standard errors at the county level.
> 
> Now, given that you want to include state-specific time trends, it's important to note that the linearmodels package does not support this directly. So, the workaround used in the code above creates a new variable which is a trend variable within each 'state'. This is added as an exogenous variable to the model, serving the same purpose. 
> 
> Keep in mind this may not be the identical to having a multi-way clustering structure of the standard errors for both county and state. Best practice may be to work with more complex packages if your data requires multi-way clustering structure, but for the most part, single-way clustering at the county level should serve your purpose well.
**user**:
> I don't think the `df['state_trend'] = df.groupby('state').cumcount()` will be sufficient. I think I need to end up with a different column for each state, where the cumulative counts are repeated for each county within that state. Can this be done? Or is there an easier way?
**assistant**:
> Apologies for the confusion. To create state-specific trends where the cumulative counts are repeated for each county within that state, you can use the `transform` function along with `groupby`. This will create a new column with the state-specific trends repeated for each observation within that state.
> 
> Here's an updated version of the code:
> 
> ```python
> # Import the necessary libraries
> from linearmodels.panel import PanelOLS
> import statsmodels.api as sm
> import pandas as pd
> 
> # Assuming that your dataframe is named df, and your dependent variable is y, and your independent variables are X1, X2, etc.
> # Also assuming 'county', 'year', 'state' are the respective labels for county, year and state in your dataset
> 
> df = df.set_index(['county', 'year'])
> 
> # Create your exogenous variables, including a constant
> exog = sm.add_constant(df[['X1', 'X2', 'state']])
> 
> # Include the state-specific trend in your exogenous variables
> # Create a new column 'state_trend' with state-specific trends repeated for each county within that state
> df['state_trend'] = df.groupby('state')['year'].transform(lambda x: x - x.min())
> 
> # Merge the state-specific trends with the exogenous variables
> exog['state_trend'] = df['state_trend']
> 
> mod = PanelOLS(df.y, exog, entity_effects=True)
> 
> # Cluster standard errors at the county level
> clustered = mod.fit(cov_type='clustered', cluster_entity=True)
> 
> print(clustered)
> ```
> 
> In this code, `df.groupby('state')['year'].transform(lambda x: x - x.min())` calculates the state-specific trends by subtracting the minimum year within each state from each observation's year within that state. This creates the desired state-specific trends that are repeated for each county within that state.
> 
> By merging the state-specific trends with the exogenous variables, you can include them in the PanelOLS regression model. Finally, you can cluster the standard errors at the county level as before.
> 
> This updated code should give you the desired result with state-specific trends repeated for each county within that state.
**user**:
> This still just makes one state_trend column. But state-specific trends means that I need a different coefficient for each state-- so lots of columns. Also, note that I don't care about seeing these coefficients, I just need to estimate the regression with them included.
**assistant**:
> Apologies for the confusion again. You're right that using `transform` as I previously suggested would create a single column for all state-specific trends. To include state-specific trends as separate columns with different coefficients for each state, you can use a technique called "dummy variable expansion" or "one-hot encoding." 
> 
> To do this, you need to create binary indicator variables for each state and multiply them with the respective trend variable. This will create separate columns for each state with their specific trends.
> 
> Here's an updated version of the code that includes the separate columns for state-specific trends:
> 
> ```python
> # Import the necessary libraries
> from linearmodels.panel import PanelOLS
> import pandas as pd
> 
> # Assuming that your dataframe is named df, and your dependent variable is y, and your independent variables are X1, X2, etc.
> # Also assuming 'county', 'year', 'state' are the respective labels for county, year and state in your dataset
> 
> df = df.set_index(['county', 'year'])
> 
> # Create your exogenous variables, including a constant
> exog = df[['X1', 'X2', 'state']]
> 
> # Create separate columns for state-specific trends using dummy variable expansion
> state_dummies = pd.get_dummies(df['state'], prefix='state')
> state_trends = state_dummies.mul(df['year'], axis=0)
> 
> # Merge the state-specific trends with the exogenous variables
> exog = pd.concat([exog, state_trends], axis=1)
> 
> mod = PanelOLS(df['y'], exog, entity_effects=True)
> 
> # Cluster standard errors at the county level
> clustered = mod.fit(cov_type='clustered', cluster_entity=True)
> 
> print(clustered)
> ```
> 
> In this code, the `pd.get_dummies(df['state'], prefix='state')` line creates binary indicator variables for each state, with the prefix 'state'. Then, `state_dummies.mul(df['year'], axis=0)` multiplies those indicator variables with the corresponding year values to create the separate columns for state-specific trends, which are then merged with the exogenous variables.
> 
> This updated code should give you separate columns for each state with their specific trends in the PanelOLS regression model.
**user**:
> df['year'] throws an error that `AttributeError: 'DataFrame' object has no attribute 'year'`. I think this is because year is an index.
**assistant**:
> Apologies for the oversight. You're correct that the error is raised because 'year' is an index, not a column. In that case, we can access the index values using `df.index.get_level_values('year')` instead of `df['year']`. Here's the updated code to handle the case where 'year' is an index:
> 
> ```python
> # Import the necessary libraries
> from linearmodels.panel import PanelOLS
> import pandas as pd
> 
> # Assuming that your dataframe is named df, and your dependent variable is 'y',
> # and your independent variables are 'X1', 'X2', etc.
> # Also assuming 'county', 'year', 'state' are the respective labels for county, year, and state in your dataset
> 
> # Create your exogenous variables, including a constant
> exog = df[['X1', 'X2', 'state']]
> 
> # Create separate columns for state-specific trends using dummy variable expansion
> state_dummies = pd.get_dummies(df['state'], prefix='state')
> state_trends = state_dummies.mul(df.index.get_level_values('year'), axis=0)
> 
> # Merge the state-specific trends with the exogenous variables
> exog = pd.concat([exog, state_trends], axis=1)
> 
> mod = PanelOLS(df['y'], exog, entity_effects=True)
> 
> # Cluster standard errors at the county level
> clustered = mod.fit(cov_type='clustered', cluster_entity=True)
> 
> print(clustered)
> ```
> 
> In this updated code, `df.index.get_level_values('year')` is used to access the year values from the index. The remaining code remains the same as before.
> 
> This should allow you to estimate the regression with separate columns for state-specific trends, even if 'year' is an index in your dataframe.
